#-----------------------------------------------------------
# Vivado v2020.1 (64-bit)
# SW Build 2902540 on Wed May 27 19:54:35 MDT 2020
# IP Build 2902112 on Wed May 27 22:43:36 MDT 2020
# Start of session at: Thu Apr 13 11:01:50 2023
# Process ID: 487459
# Current directory: /home/boyer/git_complet_pro/Thales_contest/fpga/xilinx/xlnx_processing_system7/xlnx_processing_system7.runs/xlnx_processing_system7_synth_1
# Command line: vivado -log xlnx_processing_system7.vds -product Vivado -mode batch -messageDb vivado.pb -notrace -source xlnx_processing_system7.tcl
# Log file: /home/boyer/git_complet_pro/Thales_contest/fpga/xilinx/xlnx_processing_system7/xlnx_processing_system7.runs/xlnx_processing_system7_synth_1/xlnx_processing_system7.vds
# Journal file: /home/boyer/git_complet_pro/Thales_contest/fpga/xilinx/xlnx_processing_system7/xlnx_processing_system7.runs/xlnx_processing_system7_synth_1/vivado.jou
#-----------------------------------------------------------
source xlnx_processing_system7.tcl -notrace
