#-----------------------------------------------------------
# Vivado v2020.1 (64-bit)
# SW Build 2902540 on Wed May 27 19:54:35 MDT 2020
# IP Build 2902112 on Wed May 27 22:43:36 MDT 2020
# Start of session at: Thu Apr 13 11:02:40 2023
# Process ID: 488072
# Current directory: /home/boyer/git_complet_pro/Thales_contest/fpga/xilinx/xlnx_axi_clock_converter/xlnx_axi_clock_converter.runs/xlnx_axi_clock_converter_synth_1
# Command line: vivado -log xlnx_axi_clock_converter.vds -product Vivado -mode batch -messageDb vivado.pb -notrace -source xlnx_axi_clock_converter.tcl
# Log file: /home/boyer/git_complet_pro/Thales_contest/fpga/xilinx/xlnx_axi_clock_converter/xlnx_axi_clock_converter.runs/xlnx_axi_clock_converter_synth_1/xlnx_axi_clock_converter.vds
# Journal file: /home/boyer/git_complet_pro/Thales_contest/fpga/xilinx/xlnx_axi_clock_converter/xlnx_axi_clock_converter.runs/xlnx_axi_clock_converter_synth_1/vivado.jou
#-----------------------------------------------------------
source xlnx_axi_clock_converter.tcl -notrace
