Archive member included to satisfy reference by file (symbol)

app/libapp.a(ripe_attack_generator.c.obj)
                              (--whole-archive)
zephyr/libzephyr.a(cbprintf_packaged.c.obj)
                              (--whole-archive)
zephyr/libzephyr.a(crc32c_sw.c.obj)
                              (--whole-archive)
zephyr/libzephyr.a(crc32_sw.c.obj)
                              (--whole-archive)
zephyr/libzephyr.a(crc16_sw.c.obj)
                              (--whole-archive)
zephyr/libzephyr.a(crc8_sw.c.obj)
                              (--whole-archive)
zephyr/libzephyr.a(crc7_sw.c.obj)
                              (--whole-archive)
zephyr/libzephyr.a(dec.c.obj)
                              (--whole-archive)
zephyr/libzephyr.a(fdtable.c.obj)
                              (--whole-archive)
zephyr/libzephyr.a(hex.c.obj)
                              (--whole-archive)
zephyr/libzephyr.a(printk.c.obj)
                              (--whole-archive)
zephyr/libzephyr.a(rb.c.obj)  (--whole-archive)
zephyr/libzephyr.a(sem.c.obj)
                              (--whole-archive)
zephyr/libzephyr.a(thread_entry.c.obj)
                              (--whole-archive)
zephyr/libzephyr.a(timeutil.c.obj)
                              (--whole-archive)
zephyr/libzephyr.a(heap.c.obj)
                              (--whole-archive)
zephyr/libzephyr.a(heap-validate.c.obj)
                              (--whole-archive)
zephyr/libzephyr.a(bitarray.c.obj)
                              (--whole-archive)
zephyr/libzephyr.a(multi_heap.c.obj)
                              (--whole-archive)
zephyr/libzephyr.a(cbprintf_complete.c.obj)
                              (--whole-archive)
zephyr/libzephyr.a(cbprintf.c.obj)
                              (--whole-archive)
zephyr/libzephyr.a(assert.c.obj)
                              (--whole-archive)
zephyr/libzephyr.a(configs.c.obj)
                              (--whole-archive)
zephyr/libzephyr.a(idle.c.obj)
                              (--whole-archive)
zephyr/libzephyr.a(soc_irq.S.obj)
                              (--whole-archive)
zephyr/libzephyr.a(soc_common_irq.c.obj)
                              (--whole-archive)
zephyr/libzephyr.a(vector.S.obj)
                              (--whole-archive)
zephyr/libzephyr.a(tracing_none.c.obj)
                              (--whole-archive)
zephyr/arch/common/libarch__common.a(sw_isr_common.c.obj)
                              (--whole-archive)
zephyr/arch/arch/riscv/core/libarch__riscv__core.a(cpu_idle.c.obj)
                              (--whole-archive)
zephyr/arch/arch/riscv/core/libarch__riscv__core.a(fatal.c.obj)
                              (--whole-archive)
zephyr/arch/arch/riscv/core/libarch__riscv__core.a(irq_manage.c.obj)
                              (--whole-archive)
zephyr/arch/arch/riscv/core/libarch__riscv__core.a(isr.S.obj)
                              (--whole-archive)
zephyr/arch/arch/riscv/core/libarch__riscv__core.a(prep_c.c.obj)
                              (--whole-archive)
zephyr/arch/arch/riscv/core/libarch__riscv__core.a(reboot.c.obj)
                              (--whole-archive)
zephyr/arch/arch/riscv/core/libarch__riscv__core.a(reset.S.obj)
                              (--whole-archive)
zephyr/arch/arch/riscv/core/libarch__riscv__core.a(switch.S.obj)
                              (--whole-archive)
zephyr/arch/arch/riscv/core/libarch__riscv__core.a(smp.c.obj)
                              (--whole-archive)
zephyr/arch/arch/riscv/core/libarch__riscv__core.a(thread.c.obj)
                              (--whole-archive)
zephyr/lib/libc/newlib/liblib__libc__newlib.a(libc-hooks.c.obj)
                              (--whole-archive)
zephyr/drivers/interrupt_controller/libdrivers__interrupt_controller.a(intc_plic.c.obj)
                              (--whole-archive)
zephyr/drivers/console/libdrivers__console.a(uart_console.c.obj)
                              (--whole-archive)
zephyr/drivers/serial/libdrivers__serial.a(uart_ns16550.c.obj)
                              (--whole-archive)
zephyr/drivers/timer/libdrivers__timer.a(sys_clock_init.c.obj)
                              (--whole-archive)
zephyr/drivers/timer/libdrivers__timer.a(riscv_machine_timer.c.obj)
                              (--whole-archive)
zephyr/kernel/libkernel.a(device.c.obj)
                              zephyr/drivers/console/libdrivers__console.a(uart_console.c.obj) (z_device_is_ready)
zephyr/kernel/libkernel.a(errno.c.obj)
                              zephyr/lib/libc/newlib/liblib__libc__newlib.a(libc-hooks.c.obj) (z_impl_z_errno)
zephyr/kernel/libkernel.a(fatal.c.obj)
                              zephyr/arch/arch/riscv/core/libarch__riscv__core.a(fatal.c.obj) (z_fatal_error)
zephyr/kernel/libkernel.a(init.c.obj)
                              zephyr/arch/arch/riscv/core/libarch__riscv__core.a(isr.S.obj) (_kernel)
zephyr/kernel/libkernel.a(thread.c.obj)
[...]
Memory Configuration

Name             Origin             Length             Attributes
RAM              0x0000000080000000 0x0000000040000000 xrw
IDT_LIST         0x00000000fffff7ff 0x0000000000000800 xw
*default*        0x0000000000000000 0xffffffffffffffff

Linker script and memory map

LOAD zephyr/CMakeFiles/zephyr_final.dir/misc/empty_file.c.obj
LOAD zephyr/CMakeFiles/zephyr_final.dir/dev_handles.c.obj
LOAD zephyr/CMakeFiles/zephyr_final.dir/isr_tables.c.obj

.rel.plt        0x0000000000000000        0x0
 *(SORT_BY_ALIGNMENT(.rel.plt))
                [!provide]                        PROVIDE (__rel_iplt_start = .)
 *(SORT_BY_ALIGNMENT(.rel.iplt))
                [!provide]                        PROVIDE (__rel_iplt_end = .)

.rela.plt       0x0000000000000000        0x0
 *(SORT_BY_ALIGNMENT(.rela.plt))
                [!provide]                        PROVIDE (__rela_iplt_start = .)
 *(SORT_BY_ALIGNMENT(.rela.iplt))
                [!provide]                        PROVIDE (__rela_iplt_end = .)

.rel.dyn
 *(SORT_BY_ALIGNMENT(.rel.*))

.rela.dyn       0x0000000080000000        0x0
 *(SORT_BY_ALIGNMENT(.rela.*))
 .rela.sdata._char_out
                0x0000000080000000        0x0 zephyr/CMakeFiles/zephyr_final.dir/isr_tables.c.obj
 .rela.vectors.__start
                0x0000000080000000        0x0 zephyr/CMakeFiles/zephyr_final.dir/isr_tables.c.obj
 .rela.exception.entry._isr_wrapper
                0x0000000080000000        0x0 zephyr/CMakeFiles/zephyr_final.dir/isr_tables.c.obj
 .rela.text._sbrk
                0x0000000080000000        0x0 zephyr/CMakeFiles/zephyr_final.dir/isr_tables.c.obj
 .rela.text.z_device_state_init
                0x0000000080000000        0x0 zephyr/CMakeFiles/zephyr_final.dir/isr_tables.c.obj
 .rela.rodata.levels.0
                0x0000000080000000        0x0 zephyr/CMakeFiles/zephyr_final.dir/isr_tables.c.obj
 .rela.text.z_bss_zero
                0x0000000080000000        0x0 zephyr/CMakeFiles/zephyr_final.dir/isr_tables.c.obj
 .rela.text.z_init_static_threads
                0x0000000080000000        0x0 zephyr/CMakeFiles/zephyr_final.dir/isr_tables.c.obj
 .rela.text._vfprintf_r
                0x0000000080000000        0x0 zephyr/CMakeFiles/zephyr_final.dir/isr_tables.c.obj

.plt
 *(SORT_BY_ALIGNMENT(.plt))

.iplt
 *(SORT_BY_ALIGNMENT(.iplt))
                0x0000000080000000                __rom_region_start = 0x80000000

rom_start       0x0000000080000000       0x18
                0x0000000080000000                . = ALIGN (0x10)
 *(SORT_BY_ALIGNMENT(.vectors.*))
 .vectors.__start
                0x0000000080000000       0x18 zephyr/libzephyr.a(vector.S.obj)
                0x0000000080000000                __start

reset           0x0000000080000018        0x4
 *(SORT_BY_ALIGNMENT(.reset.*))
 .reset.__reset
                0x0000000080000018        0x4 zephyr/arch/arch/riscv/core/libarch__riscv__core.a(reset.S.obj)
                0x0000000080000018                __reset

exceptions      0x000000008000001c      0x1c8
 *(SORT_BY_ALIGNMENT(.exception.entry.*))
 .exception.entry._isr_wrapper
                0x000000008000001c      0x19c zephyr/arch/arch/riscv/core/libarch__riscv__core.a(isr.S.obj)
                0x000000008000001c                _isr_wrapper
                0x000000008000015c                z_riscv_thread_start
 *(SORT_BY_ALIGNMENT(.exception.other.*))
 .exception.other.__soc_handle_irq
                0x00000000800001b8       0x10 zephyr/libzephyr.a(soc_irq.S.obj)
                0x00000000800001b8                __soc_handle_irq
 .exception.other.__soc_is_irq
                0x00000000800001c8       0x1c zephyr/libzephyr.a(soc_irq.S.obj)
                0x00000000800001c8                __soc_is_irq

text            0x00000000800001e4     0x6138
                0x00000000800001e4                . = ALIGN (0x4)
 *(SORT_BY_ALIGNMENT(.openocd_debug))
 *(SORT_BY_ALIGNMENT(.openocd_debug.*))
                0x00000000800001e4                __text_region_start = .
 *(SORT_BY_ALIGNMENT(.text))
 .text          0x00000000800001e4      0x430 /opt/toolchains/zephyr-sdk-0.15.1/riscv64-zephyr-elf/bin/../lib/gcc/riscv64-zephyr-elf/12.1.0/libgcc.a(_udivdi3.o)
                0x00000000800001e4                __udivdi3
 .text          0x0000000080000614      0x3e4 /opt/toolchains/zephyr-sdk-0.15.1/riscv64-zephyr-elf/bin/../lib/gcc/riscv64-zephyr-elf/12.1.0/libgcc.a(_umoddi3.o)
                0x0000000080000614                __umoddi3
 .text          0x00000000800009f8       0x1c /opt/toolchains/zephyr-sdk-0.15.1/riscv64-zephyr-elf/riscv64-zephyr-elf/lib/./libc_nano.a(lib_a-memset.o)
                0x00000000800009f8                memset
 *(SORT_BY_ALIGNMENT(.text.*))
 .text.jsp_ma_fonction
                0x0000000080000a14       0x20 app/libapp.a(ripe_attack_generator.c.obj)
                0x0000000080000a14                jsp_ma_fonction
 .text.main     0x0000000080000a34       0x38 app/libapp.a(ripe_attack_generator.c.obj)
                0x0000000080000a34                main
 .text.arch_printk_char_out
                0x0000000080000a6c        0x8 zephyr/libzephyr.a(printk.c.obj)
                0x0000000080000a6c                arch_printk_char_out
 .text.char_out
                0x0000000080000a74       0x20 zephyr/libzephyr.a(printk.c.obj)
 .text.__printk_hook_install
                0x0000000080000a94        0xc zephyr/libzephyr.a(printk.c.obj)
                0x0000000080000a94                __printk_hook_install
 .text.vprintk  0x0000000080000aa0       0x30 zephyr/libzephyr.a(printk.c.obj)
                0x0000000080000aa0                vprintk
 .text.printk   0x0000000080000ad0       0x3c zephyr/libzephyr.a(printk.c.obj)
                0x0000000080000ad0                printk
 .text.z_thread_entry
                0x0000000080000b0c       0x24 zephyr/libzephyr.a(thread_entry.c.obj)
                0x0000000080000b0c                z_thread_entry
 .text.extract_decimal
                0x0000000080000b30       0x4c zephyr/libzephyr.a(cbprintf_complete.c.obj)
 .text.extract_flags
                0x0000000080000b7c       0xc0 zephyr/libzephyr.a(cbprintf_complete.c.obj)
 .text.extract_width
                0x0000000080000c3c       0xb8 zephyr/libzephyr.a(cbprintf_complete.c.obj)
 .text.extract_prec
                0x0000000080000cf4       0xc8 zephyr/libzephyr.a(cbprintf_complete.c.obj)
 .text.extract_length
                0x0000000080000dbc      0x1a4 zephyr/libzephyr.a(cbprintf_complete.c.obj)
 .text.extract_specifier
                0x0000000080000f60      0x1d0 zephyr/libzephyr.a(cbprintf_complete.c.obj)
 .text.extract_conversion
                0x0000000080001130       0x80 zephyr/libzephyr.a(cbprintf_complete.c.obj)
 .text.conversion_radix
                0x00000000800011b0       0x54 zephyr/libzephyr.a(cbprintf_complete.c.obj)
 .text.encode_uint
                0x0000000080001204      0x160 zephyr/libzephyr.a(cbprintf_complete.c.obj)
 .text.store_count
                0x0000000080001364       0x7c zephyr/libzephyr.a(cbprintf_complete.c.obj)
 .text.outs     0x00000000800013e0       0x80 zephyr/libzephyr.a(cbprintf_complete.c.obj)
 .text.z_cbvprintf_impl
                0x0000000080001460      0x7f8 zephyr/libzephyr.a(cbprintf_complete.c.obj)
                0x0000000080001460                z_cbvprintf_impl
 .text._ConfigAbsSyms
                0x0000000080001c58        0x4 zephyr/libzephyr.a(configs.c.obj)
                0x0000000080001c58                _ConfigAbsSyms
 .text.arch_cpu_idle
                0x0000000080001c5c       0x24 zephyr/libzephyr.a(idle.c.obj)
                0x0000000080001c5c                arch_cpu_idle
 .text.arch_irq_enable
                0x0000000080001c80       0x38 zephyr/libzephyr.a(soc_common_irq.c.obj)
                0x0000000080001c80                arch_irq_enable
 .text.z_riscv_irq_priority_set
                0x0000000080001cb8       0x2c zephyr/libzephyr.a(soc_common_irq.c.obj)
                0x0000000080001cb8                z_riscv_irq_priority_set
 .text.soc_interrupt_init
                0x0000000080001ce4       0x10 zephyr/libzephyr.a(soc_common_irq.c.obj)
                0x0000000080001ce4                soc_interrupt_init
 .text.sys_trace_idle
                0x0000000080001cf4        0x4 zephyr/libzephyr.a(tracing_none.c.obj)
                0x0000000080001cf4                sys_trace_idle
 .text.bad_stack_pointer
                0x0000000080001cf8        0x8 zephyr/arch/arch/riscv/core/libarch__riscv__core.a(fatal.c.obj)
 .text.z_riscv_fatal_error
                0x0000000080001d00        0xc zephyr/arch/arch/riscv/core/libarch__riscv__core.a(fatal.c.obj)
                0x0000000080001d00                z_riscv_fatal_error
 .text._Fault   0x0000000080001d0c       0x2c zephyr/arch/arch/riscv/core/libarch__riscv__core.a(fatal.c.obj)
                0x0000000080001d0c                _Fault
 .text.z_irq_spurious
                0x0000000080001d38       0x18 zephyr/arch/arch/riscv/core/libarch__riscv__core.a(irq_manage.c.obj)
                0x0000000080001d38                z_irq_spurious
 .text._PrepC   0x0000000080001d50       0x14 zephyr/arch/arch/riscv/core/libarch__riscv__core.a(prep_c.c.obj)
                0x0000000080001d50                _PrepC
 .text.__initialize
                0x0000000080001d64       0x7c zephyr/arch/arch/riscv/core/libarch__riscv__core.a(reset.S.obj)
                0x0000000080001d64                __initialize
 .text.z_riscv_switch
                0x0000000080001de0       0x78 zephyr/arch/arch/riscv/core/libarch__riscv__core.a(switch.S.obj)
                0x0000000080001de0                z_riscv_switch
 .text.z_riscv_secondary_cpu_init
                0x0000000080001e58       0x30 zephyr/arch/arch/riscv/core/libarch__riscv__core.a(smp.c.obj)
                0x0000000080001e58                z_riscv_secondary_cpu_init
 .text.arch_new_thread
                0x0000000080001e88       0x48 zephyr/arch/arch/riscv/core/libarch__riscv__core.a(thread.c.obj)
                0x0000000080001e88                arch_new_thread
 .text.malloc_prepare
                0x0000000080001ed0        0x8 zephyr/lib/libc/newlib/liblib__libc__newlib.a(libc-hooks.c.obj)
 .text._stdout_hook_default
                0x0000000080001ed8        0x8 zephyr/lib/libc/newlib/liblib__libc__newlib.a(libc-hooks.c.obj)
 .text._stdin_hook_default
                0x0000000080001ee0        0x8 zephyr/lib/libc/newlib/liblib__libc__newlib.a(libc-hooks.c.obj)
 .text.__stdout_hook_install
                0x0000000080001ee8        0x8 zephyr/lib/libc/newlib/liblib__libc__newlib.a(libc-hooks.c.obj)
                0x0000000080001ee8                __stdout_hook_install
 .text.z_impl_zephyr_read_stdin
                0x0000000080001ef0       0x78 zephyr/lib/libc/newlib/liblib__libc__newlib.a(libc-hooks.c.obj)
                0x0000000080001ef0                z_impl_zephyr_read_stdin
 .text.z_impl_zephyr_write_stdout
                0x0000000080001f68       0x7c zephyr/lib/libc/newlib/liblib__libc__newlib.a(libc-hooks.c.obj)
                0x0000000080001f68                z_impl_zephyr_write_stdout
 .text._read    0x0000000080001fe4       0x20 zephyr/lib/libc/newlib/liblib__libc__newlib.a(libc-hooks.c.obj)
                0x0000000080001fe4                read
                0x0000000080001fe4                _read
 .text._write   0x0000000080002004       0x20 zephyr/lib/libc/newlib/liblib__libc__newlib.a(libc-hooks.c.obj)
                0x0000000080002004                write
                0x0000000080002004                _write
 .text._close   0x0000000080002024        0x8 zephyr/lib/libc/newlib/liblib__libc__newlib.a(libc-hooks.c.obj)
                0x0000000080002024                close
                0x0000000080002024                _close
 .text._lseek   0x000000008000202c        0x8 zephyr/lib/libc/newlib/liblib__libc__newlib.a(libc-hooks.c.obj)
                0x000000008000202c                lseek
                0x000000008000202c                _lseek
 .text._isatty  0x0000000080002034        0x8 zephyr/lib/libc/newlib/liblib__libc__newlib.a(libc-hooks.c.obj)
                0x0000000080002034                isatty
                0x0000000080002034                _isatty
 .text._fstat   0x000000008000203c       0x10 zephyr/lib/libc/newlib/liblib__libc__newlib.a(libc-hooks.c.obj)
                0x000000008000203c                _fstat
                0x000000008000203c                fstat
 .text._sbrk    0x000000008000204c       0x38 zephyr/lib/libc/newlib/liblib__libc__newlib.a(libc-hooks.c.obj)
                0x000000008000204c                _sbrk
                0x000000008000204c                sbrk
 .text.__retarget_lock_init_recursive
                0x0000000080002084       0x30 zephyr/lib/libc/newlib/liblib__libc__newlib.a(libc-hooks.c.obj)
                0x0000000080002084                __retarget_lock_init_recursive
 .text.__retarget_lock_acquire_recursive
                0x00000000800020b4       0x20 zephyr/lib/libc/newlib/liblib__libc__newlib.a(libc-hooks.c.obj)
                0x00000000800020b4                __retarget_lock_acquire_recursive
 .text.__retarget_lock_release_recursive
                0x00000000800020d4       0x18 zephyr/lib/libc/newlib/liblib__libc__newlib.a(libc-hooks.c.obj)
                0x00000000800020d4                __retarget_lock_release_recursive
 .text.plic_init
                0x00000000800020ec       0x78 zephyr/drivers/interrupt_controller/libdrivers__interrupt_controller.a(intc_plic.c.obj)
 .text.plic_irq_handler
                0x0000000080002164       0x74 zephyr/drivers/interrupt_controller/libdrivers__interrupt_controller.a(intc_plic.c.obj)
 .text.riscv_plic_irq_enable
                0x00000000800021d8       0x34 zephyr/drivers/interrupt_controller/libdrivers__interrupt_controller.a(intc_plic.c.obj)
                0x00000000800021d8                riscv_plic_irq_enable
 .text.riscv_plic_set_priority
                0x000000008000220c       0x20 zephyr/drivers/interrupt_controller/libdrivers__interrupt_controller.a(intc_plic.c.obj)
                0x000000008000220c                riscv_plic_set_priority
 .text.console_out
                0x000000008000222c       0x68 zephyr/drivers/console/libdrivers__console.a(uart_console.c.obj)
 .text.uart_console_hook_install
                0x0000000080002294       0x30 zephyr/drivers/console/libdrivers__console.a(uart_console.c.obj)
 .text.uart_console_init
                0x00000000800022c4       0x34 zephyr/drivers/console/libdrivers__console.a(uart_console.c.obj)
 .text.clock_control_get_rate
                0x00000000800022f8       0x2c zephyr/drivers/serial/libdrivers__serial.a(uart_ns16550.c.obj)
 .text.set_baud_rate
                0x0000000080002324       0x8c zephyr/drivers/serial/libdrivers__serial.a(uart_ns16550.c.obj)
 .text.uart_ns16550_config_get
                0x00000000800023b0       0x34 zephyr/drivers/serial/libdrivers__serial.a(uart_ns16550.c.obj)
 .text.uart_ns16550_poll_in
                0x00000000800023e4       0x48 zephyr/drivers/serial/libdrivers__serial.a(uart_ns16550.c.obj)
 .text.uart_ns16550_poll_out
                0x000000008000242c       0x38 zephyr/drivers/serial/libdrivers__serial.a(uart_ns16550.c.obj)
 .text.uart_ns16550_err_check
                0x0000000080002464       0x34 zephyr/drivers/serial/libdrivers__serial.a(uart_ns16550.c.obj)
 .text.uart_ns16550_configure
                0x0000000080002498      0x21c zephyr/drivers/serial/libdrivers__serial.a(uart_ns16550.c.obj)
 .text.uart_ns16550_init
                0x00000000800026b4       0x1c zephyr/drivers/serial/libdrivers__serial.a(uart_ns16550.c.obj)
 .text.get_hart_mtimecmp
                0x00000000800026d0       0x20 zephyr/drivers/timer/libdrivers__timer.a(riscv_machine_timer.c.obj)
 .text.set_mtimecmp
                0x00000000800026f0       0x40 zephyr/drivers/timer/libdrivers__timer.a(riscv_machine_timer.c.obj)
 .text.mtime    0x0000000080002730       0x18 zephyr/drivers/timer/libdrivers__timer.a(riscv_machine_timer.c.obj)
 .text.sys_clock_driver_init
                0x0000000080002748       0x54 zephyr/drivers/timer/libdrivers__timer.a(riscv_machine_timer.c.obj)
 .text.timer_isr
                0x000000008000279c       0x64 zephyr/drivers/timer/libdrivers__timer.a(riscv_machine_timer.c.obj)
 .text.sys_clock_set_timeout
                0x0000000080002800       0xdc zephyr/drivers/timer/libdrivers__timer.a(riscv_machine_timer.c.obj)
                0x0000000080002800                sys_clock_set_timeout
 .text.sys_clock_elapsed
                0x00000000800028dc       0x3c zephyr/drivers/timer/libdrivers__timer.a(riscv_machine_timer.c.obj)
                0x00000000800028dc                sys_clock_elapsed
 .text.z_device_state_init
                0x0000000080002918       0x20 zephyr/kernel/libkernel.a(device.c.obj)
                0x0000000080002918                z_device_state_init
 .text.z_sys_init_run_level
                0x0000000080002938       0xb4 zephyr/kernel/libkernel.a(device.c.obj)
                0x0000000080002938                z_sys_init_run_level
 .text.z_device_is_ready
                0x00000000800029ec       0x24 zephyr/kernel/libkernel.a(device.c.obj)
                0x00000000800029ec                z_device_is_ready
 .text.arch_system_halt
                0x0000000080002a10        0x8 zephyr/kernel/libkernel.a(fatal.c.obj)
                0x0000000080002a10                arch_system_halt
 .text.k_sys_fatal_error_handler
                0x0000000080002a18        0xc zephyr/kernel/libkernel.a(fatal.c.obj)
                0x0000000080002a18                k_sys_fatal_error_handler
 .text.z_fatal_error
                0x0000000080002a24       0x64 zephyr/kernel/libkernel.a(fatal.c.obj)
                0x0000000080002a24                z_fatal_error
 .text.init_idle_thread
                0x0000000080002a88       0xb0 zephyr/kernel/libkernel.a(init.c.obj)
 .text.bg_thread_main
                0x0000000080002b38       0x50 zephyr/kernel/libkernel.a(init.c.obj)
 .text.z_swap_unlocked
                0x0000000080002b88       0x78 zephyr/kernel/libkernel.a(init.c.obj)
 .text.switch_to_main_thread
                0x0000000080002c00        0xc zephyr/kernel/libkernel.a(init.c.obj)
 .text.z_early_memset
                0x0000000080002c0c       0x18 zephyr/kernel/libkernel.a(init.c.obj)
                0x0000000080002c0c                z_early_memset
 .text.z_bss_zero
                0x0000000080002c24       0x34 zephyr/kernel/libkernel.a(init.c.obj)
                0x0000000080002c24                z_bss_zero
 .text.z_init_cpu
                0x0000000080002c58       0x84 zephyr/kernel/libkernel.a(init.c.obj)
                0x0000000080002c58                z_init_cpu
 .text.prepare_multithreading
                0x0000000080002cdc       0xa8 zephyr/kernel/libkernel.a(init.c.obj)
 .text.z_cstart
                0x0000000080002d84       0x44 zephyr/kernel/libkernel.a(init.c.obj)
                0x0000000080002d84                z_cstart
 .text.setup_thread_stack
                0x0000000080002dc8       0x38 zephyr/kernel/libkernel.a(thread.c.obj)
 .text.z_impl_k_thread_start
                0x0000000080002e00       0x18 zephyr/kernel/libkernel.a(thread.c.obj)
                0x0000000080002e00                z_impl_k_thread_start
 .text.schedule_new_thread
                0x0000000080002e18       0x3c zephyr/kernel/libkernel.a(thread.c.obj)
 .text.z_init_thread_base
                0x0000000080002e54       0x20 zephyr/kernel/libkernel.a(thread.c.obj)
                0x0000000080002e54                z_init_thread_base
 .text.z_setup_new_thread
                0x0000000080002e74       0xd4 zephyr/kernel/libkernel.a(thread.c.obj)
                0x0000000080002e74                z_setup_new_thread
 .text.z_init_static_threads
                0x0000000080002f48       0xf8 zephyr/kernel/libkernel.a(thread.c.obj)
                0x0000000080002f48                z_init_static_threads
 .text.idle     0x0000000080003040       0x14 zephyr/kernel/libkernel.a(idle.c.obj)
                0x0000000080003040                idle
 .text.new_prio_for_inheritance
                0x0000000080003054       0x20 zephyr/kernel/libkernel.a(mutex.c.obj)
 .text.adjust_owner_prio
                0x0000000080003074       0x2c zephyr/kernel/libkernel.a(mutex.c.obj)
 .text.z_impl_k_mutex_init
                0x00000000800030a0       0x18 zephyr/kernel/libkernel.a(mutex.c.obj)
                0x00000000800030a0                z_impl_k_mutex_init
 .text.z_impl_k_mutex_lock
                0x00000000800030b8      0x17c zephyr/kernel/libkernel.a(mutex.c.obj)
                0x00000000800030b8                z_impl_k_mutex_lock
 .text.z_impl_k_mutex_unlock
                0x0000000080003234       0xc0 zephyr/kernel/libkernel.a(mutex.c.obj)
                0x0000000080003234                z_impl_k_mutex_unlock
 .text.sliceable
                0x00000000800032f4       0x5c zephyr/kernel/libkernel.a(sched.c.obj)
 .text.thread_active_elsewhere
                0x0000000080003350        0x8 zephyr/kernel/libkernel.a(sched.c.obj)
 .text.pended_on_thread
                0x0000000080003358        0x8 zephyr/kernel/libkernel.a(sched.c.obj)
 .text.add_thread_timeout
                0x0000000080003360       0x3c zephyr/kernel/libkernel.a(sched.c.obj)
 .text.z_sched_prio_cmp
                0x000000008000339c       0x1c zephyr/kernel/libkernel.a(sched.c.obj)
                0x000000008000339c                z_sched_prio_cmp
 .text.z_reset_time_slice
                0x00000000800033b8       0x50 zephyr/kernel/libkernel.a(sched.c.obj)
                0x00000000800033b8                z_reset_time_slice
 .text.k_sched_time_slice_set
                0x0000000080003408       0xb8 zephyr/kernel/libkernel.a(sched.c.obj)
                0x0000000080003408                k_sched_time_slice_set
 .text.k_sched_lock
                0x00000000800034c0       0x38 zephyr/kernel/libkernel.a(sched.c.obj)
                0x00000000800034c0                k_sched_lock
 .text.z_swap_next_thread
                0x00000000800034f8       0x10 zephyr/kernel/libkernel.a(sched.c.obj)
                0x00000000800034f8                z_swap_next_thread
 .text.z_swap_irqlock
                0x0000000080003508       0x88 zephyr/kernel/libkernel.a(sched.c.obj)
 .text.z_reschedule_irqlock
                0x0000000080003590       0x34 zephyr/kernel/libkernel.a(sched.c.obj)
                0x0000000080003590                z_reschedule_irqlock
 .text.z_swap   0x00000000800035c4       0x94 zephyr/kernel/libkernel.a(sched.c.obj)
 .text.z_reschedule
                0x0000000080003658       0x48 zephyr/kernel/libkernel.a(sched.c.obj)
                0x0000000080003658                z_reschedule
 .text.z_get_next_switch_handle
                0x00000000800036a0       0x20 zephyr/kernel/libkernel.a(sched.c.obj)
                0x00000000800036a0                z_get_next_switch_handle
 .text.z_priq_dumb_remove
                0x00000000800036c0       0x1c zephyr/kernel/libkernel.a(sched.c.obj)
                0x00000000800036c0                z_priq_dumb_remove
 .text.unpend_thread_no_timeout
                0x00000000800036dc       0x3c zephyr/kernel/libkernel.a(sched.c.obj)
 .text.z_priq_dumb_best
                0x0000000080003718       0x18 zephyr/kernel/libkernel.a(sched.c.obj)
                0x0000000080003718                z_priq_dumb_best
 .text.update_cache
                0x0000000080003730       0xa8 zephyr/kernel/libkernel.a(sched.c.obj)
 .text.move_thread_to_end_of_prio_q
                0x00000000800037d8      0x108 zephyr/kernel/libkernel.a(sched.c.obj)
 .text.slice_expired_locked
                0x00000000800038e0       0x58 zephyr/kernel/libkernel.a(sched.c.obj)
 .text.z_time_slice
                0x0000000080003938       0xa0 zephyr/kernel/libkernel.a(sched.c.obj)
                0x0000000080003938                z_time_slice
 .text.ready_thread
                0x00000000800039d8       0xf8 zephyr/kernel/libkernel.a(sched.c.obj)
 .text.z_ready_thread
                0x0000000080003ad0       0x5c zephyr/kernel/libkernel.a(sched.c.obj)
                0x0000000080003ad0                z_ready_thread
 .text.z_sched_start
                0x0000000080003b2c       0x54 zephyr/kernel/libkernel.a(sched.c.obj)
                0x0000000080003b2c                z_sched_start
 .text.z_thread_timeout
                0x0000000080003b80       0x8c zephyr/kernel/libkernel.a(sched.c.obj)
                0x0000000080003b80                z_thread_timeout
 .text.unpend_all
                0x0000000080003c0c       0x54 zephyr/kernel/libkernel.a(sched.c.obj)
 .text.unready_thread
                0x0000000080003c60       0x64 zephyr/kernel/libkernel.a(sched.c.obj)
 .text.add_to_waitq_locked
                0x0000000080003cc4       0xb4 zephyr/kernel/libkernel.a(sched.c.obj)
 .text.pend     0x0000000080003d78       0x84 zephyr/kernel/libkernel.a(sched.c.obj)
 .text.z_pend_curr
                0x0000000080003dfc       0x54 zephyr/kernel/libkernel.a(sched.c.obj)
                0x0000000080003dfc                z_pend_curr
 .text.z_set_prio
                0x0000000080003e50      0x14c zephyr/kernel/libkernel.a(sched.c.obj)
                0x0000000080003e50                z_set_prio
 .text.k_sched_unlock
                0x0000000080003f9c       0x60 zephyr/kernel/libkernel.a(sched.c.obj)
                0x0000000080003f9c                k_sched_unlock
 .text.end_thread
                0x0000000080003ffc       0x98 zephyr/kernel/libkernel.a(sched.c.obj)
 .text.z_unpend_first_thread
                0x0000000080004094       0x74 zephyr/kernel/libkernel.a(sched.c.obj)
                0x0000000080004094                z_unpend_first_thread
 .text.init_ready_q
                0x0000000080004108       0x10 zephyr/kernel/libkernel.a(sched.c.obj)
                0x0000000080004108                init_ready_q
 .text.z_sched_init
                0x0000000080004118       0x2c zephyr/kernel/libkernel.a(sched.c.obj)
                0x0000000080004118                z_sched_init
 .text.z_impl_z_current_get
                0x0000000080004144       0x10 zephyr/kernel/libkernel.a(sched.c.obj)
                0x0000000080004144                z_impl_z_current_get
 .text.z_thread_abort
                0x0000000080004154       0xa4 zephyr/kernel/libkernel.a(sched.c.obj)
                0x0000000080004154                z_thread_abort
 .text.z_impl_k_thread_abort
                0x00000000800041f8       0x18 zephyr/kernel/libkernel.a(sched.c.obj)
                0x00000000800041f8                z_impl_k_thread_abort
 .text.first    0x0000000080004210       0x18 zephyr/kernel/libkernel.a(timeout.c.obj)
 .text.next     0x0000000080004228       0x20 zephyr/kernel/libkernel.a(timeout.c.obj)
 .text.remove_timeout
                0x0000000080004248       0x68 zephyr/kernel/libkernel.a(timeout.c.obj)
 .text.elapsed  0x00000000800042b0       0x2c zephyr/kernel/libkernel.a(timeout.c.obj)
 .text.next_timeout
                0x00000000800042dc       0x8c zephyr/kernel/libkernel.a(timeout.c.obj)
 .text.z_add_timeout
                0x0000000080004368      0x1cc zephyr/kernel/libkernel.a(timeout.c.obj)
                0x0000000080004368                z_add_timeout
 .text.z_abort_timeout
                0x0000000080004534       0x68 zephyr/kernel/libkernel.a(timeout.c.obj)
                0x0000000080004534                z_abort_timeout
 .text.z_set_timeout_expiry
                0x000000008000459c       0x98 zephyr/kernel/libkernel.a(timeout.c.obj)
                0x000000008000459c                z_set_timeout_expiry
 .text.sys_clock_announce
                0x0000000080004634      0x150 zephyr/kernel/libkernel.a(timeout.c.obj)
                0x0000000080004634                sys_clock_announce
 .text.boot_banner
                0x0000000080004784       0x30 zephyr/kernel/libkernel.a(banner.c.obj)
                0x0000000080004784                boot_banner
 .text._OffsetAbsSyms
                0x00000000800047b4        0x4 zephyr/CMakeFiles/offsets.dir/./arch/riscv/core/offsets/offsets.c.obj
                0x00000000800047b4                _OffsetAbsSyms
 .text.malloc   0x00000000800047b8        0xc /opt/toolchains/zephyr-sdk-0.15.1/riscv64-zephyr-elf/riscv64-zephyr-elf/lib/./libc_nano.a(lib_a-malloc.o)
                0x00000000800047b8                malloc
 .text._free_r  0x00000000800047c4       0xfc /opt/toolchains/zephyr-sdk-0.15.1/riscv64-zephyr-elf/riscv64-zephyr-elf/lib/./libc_nano.a(lib_a-nano-freer.o)
                0x00000000800047c4                _free_r
 .text._malloc_r
                0x00000000800048c0      0x150 /opt/toolchains/zephyr-sdk-0.15.1/riscv64-zephyr-elf/riscv64-zephyr-elf/lib/./libc_nano.a(lib_a-nano-mallocr.o)
                0x00000000800048c0                _malloc_r
 .text.printf   0x0000000080004a10       0x6c /opt/toolchains/zephyr-sdk-0.15.1/riscv64-zephyr-elf/riscv64-zephyr-elf/lib/./libc_nano.a(lib_a-printf.o)
                0x0000000080004a10                printf
                0x0000000080004a10                iprintf
 .text._sbrk_r  0x0000000080004a7c       0x4c /opt/toolchains/zephyr-sdk-0.15.1/riscv64-zephyr-elf/riscv64-zephyr-elf/lib/./libc_nano.a(lib_a-sbrkr.o)
                0x0000000080004a7c                _sbrk_r
 .text.strlen   0x0000000080004ac8       0x1c /opt/toolchains/zephyr-sdk-0.15.1/riscv64-zephyr-elf/riscv64-zephyr-elf/lib/./libc_nano.a(lib_a-strlen.o)
                0x0000000080004ac8                strlen
 .text.strnlen  0x0000000080004ae4       0x24 /opt/toolchains/zephyr-sdk-0.15.1/riscv64-zephyr-elf/riscv64-zephyr-elf/lib/./libc_nano.a(lib_a-strnlen.o)
                0x0000000080004ae4                strnlen
 .text.std      0x0000000080004b08       0x88 /opt/toolchains/zephyr-sdk-0.15.1/riscv64-zephyr-elf/riscv64-zephyr-elf/lib/./libc_nano.a(lib_a-findfp.o)
 .text._cleanup_r
                0x0000000080004b90        0xc /opt/toolchains/zephyr-sdk-0.15.1/riscv64-zephyr-elf/riscv64-zephyr-elf/lib/./libc_nano.a(lib_a-findfp.o)
                0x0000000080004b90                _cleanup_r
 .text.__sfmoreglue
                0x0000000080004b9c       0x6c /opt/toolchains/zephyr-sdk-0.15.1/riscv64-zephyr-elf/riscv64-zephyr-elf/lib/./libc_nano.a(lib_a-findfp.o)
                0x0000000080004b9c                __sfmoreglue
 .text.__sfp_lock_acquire
                0x0000000080004c08        0x8 /opt/toolchains/zephyr-sdk-0.15.1/riscv64-zephyr-elf/riscv64-zephyr-elf/lib/./libc_nano.a(lib_a-findfp.o)
                0x0000000080004c08                __sfp_lock_acquire
 .text.__sfp_lock_release
                0x0000000080004c10        0x8 /opt/toolchains/zephyr-sdk-0.15.1/riscv64-zephyr-elf/riscv64-zephyr-elf/lib/./libc_nano.a(lib_a-findfp.o)
                0x0000000080004c10                __sfp_lock_release
 .text.__sinit_lock_acquire
                0x0000000080004c18        0x8 /opt/toolchains/zephyr-sdk-0.15.1/riscv64-zephyr-elf/riscv64-zephyr-elf/lib/./libc_nano.a(lib_a-findfp.o)
                0x0000000080004c18                __sinit_lock_acquire
 .text.__sinit_lock_release
                0x0000000080004c20        0x8 /opt/toolchains/zephyr-sdk-0.15.1/riscv64-zephyr-elf/riscv64-zephyr-elf/lib/./libc_nano.a(lib_a-findfp.o)
                0x0000000080004c20                __sinit_lock_release
 .text.__sinit  0x0000000080004c28       0xb8 /opt/toolchains/zephyr-sdk-0.15.1/riscv64-zephyr-elf/riscv64-zephyr-elf/lib/./libc_nano.a(lib_a-findfp.o)
                0x0000000080004c28                __sinit
 .text.__sfp    0x0000000080004ce0      0x100 /opt/toolchains/zephyr-sdk-0.15.1/riscv64-zephyr-elf/riscv64-zephyr-elf/lib/./libc_nano.a(lib_a-findfp.o)
                0x0000000080004ce0                __sfp
 .text._fwalk_reent
                0x0000000080004de0       0xb0 /opt/toolchains/zephyr-sdk-0.15.1/riscv64-zephyr-elf/riscv64-zephyr-elf/lib/./libc_nano.a(lib_a-fwalk.o)
                0x0000000080004de0                _fwalk_reent
 .text.__malloc_lock
                0x0000000080004e90        0xc /opt/toolchains/zephyr-sdk-0.15.1/riscv64-zephyr-elf/riscv64-zephyr-elf/lib/./libc_nano.a(lib_a-mlock.o)
                0x0000000080004e90                __malloc_lock
 .text.__malloc_unlock
                0x0000000080004e9c        0xc /opt/toolchains/zephyr-sdk-0.15.1/riscv64-zephyr-elf/riscv64-zephyr-elf/lib/./libc_nano.a(lib_a-mlock.o)
                0x0000000080004e9c                __malloc_unlock
 .text.__sfputc_r
                0x0000000080004ea8       0x3c /opt/toolchains/zephyr-sdk-0.15.1/riscv64-zephyr-elf/riscv64-zephyr-elf/lib/./libc_nano.a(lib_a-nano-vfprintf.o)
 .text.__sfputs_r
                0x0000000080004ee4       0x74 /opt/toolchains/zephyr-sdk-0.15.1/riscv64-zephyr-elf/riscv64-zephyr-elf/lib/./libc_nano.a(lib_a-nano-vfprintf.o)
                0x0000000080004ee4                __sfputs_r
 .text._vfprintf_r
                0x0000000080004f58      0x430 /opt/toolchains/zephyr-sdk-0.15.1/riscv64-zephyr-elf/riscv64-zephyr-elf/lib/./libc_nano.a(lib_a-nano-vfprintf.o)
                0x0000000080004f58                _vfiprintf_r
                0x0000000080004f58                _vfprintf_r
 .text._printf_common
                0x0000000080005388      0x1b0 /opt/toolchains/zephyr-sdk-0.15.1/riscv64-zephyr-elf/riscv64-zephyr-elf/lib/./libc_nano.a(lib_a-nano-vfprintf_i.o)
                0x0000000080005388                _printf_common
 .text._printf_i
                0x0000000080005538      0x3c0 /opt/toolchains/zephyr-sdk-0.15.1/riscv64-zephyr-elf/riscv64-zephyr-elf/lib/./libc_nano.a(lib_a-nano-vfprintf_i.o)
                0x0000000080005538                _printf_i
 .text.__sread  0x00000000800058f8       0x50 /opt/toolchains/zephyr-sdk-0.15.1/riscv64-zephyr-elf/riscv64-zephyr-elf/lib/./libc_nano.a(lib_a-stdio.o)
                0x00000000800058f8                __sread
 .text.__swrite
                0x0000000080005948       0x84 /opt/toolchains/zephyr-sdk-0.15.1/riscv64-zephyr-elf/riscv64-zephyr-elf/lib/./libc_nano.a(lib_a-stdio.o)
                0x0000000080005948                __swrite
 .text.__sseek  0x00000000800059cc       0x58 /opt/toolchains/zephyr-sdk-0.15.1/riscv64-zephyr-elf/riscv64-zephyr-elf/lib/./libc_nano.a(lib_a-stdio.o)
                0x00000000800059cc                __sseek
 .text.__sclose
                0x0000000080005a24        0x8 /opt/toolchains/zephyr-sdk-0.15.1/riscv64-zephyr-elf/riscv64-zephyr-elf/lib/./libc_nano.a(lib_a-stdio.o)
                0x0000000080005a24                __sclose
 .text.__swbuf_r
                0x0000000080005a2c      0x138 /opt/toolchains/zephyr-sdk-0.15.1/riscv64-zephyr-elf/riscv64-zephyr-elf/lib/./libc_nano.a(lib_a-wbuf.o)
                0x0000000080005a2c                __swbuf_r
 .text._write_r
                0x0000000080005b64       0x54 /opt/toolchains/zephyr-sdk-0.15.1/riscv64-zephyr-elf/riscv64-zephyr-elf/lib/./libc_nano.a(lib_a-writer.o)
                0x0000000080005b64                _write_r
 .text.__swsetup_r
                0x0000000080005bb8      0x164 /opt/toolchains/zephyr-sdk-0.15.1/riscv64-zephyr-elf/riscv64-zephyr-elf/lib/./libc_nano.a(lib_a-wsetup.o)
                0x0000000080005bb8                __swsetup_r
 .text._close_r
                0x0000000080005d1c       0x4c /opt/toolchains/zephyr-sdk-0.15.1/riscv64-zephyr-elf/riscv64-zephyr-elf/lib/./libc_nano.a(lib_a-closer.o)
                0x0000000080005d1c                _close_r
 .text.__sflush_r
                0x0000000080005d68      0x1e8 /opt/toolchains/zephyr-sdk-0.15.1/riscv64-zephyr-elf/riscv64-zephyr-elf/lib/./libc_nano.a(lib_a-fflush.o)
                0x0000000080005d68                __sflush_r
 .text._fflush_r
                0x0000000080005f50       0xdc /opt/toolchains/zephyr-sdk-0.15.1/riscv64-zephyr-elf/riscv64-zephyr-elf/lib/./libc_nano.a(lib_a-fflush.o)
                0x0000000080005f50                _fflush_r
 .text._lseek_r
                0x000000008000602c       0x54 /opt/toolchains/zephyr-sdk-0.15.1/riscv64-zephyr-elf/riscv64-zephyr-elf/lib/./libc_nano.a(lib_a-lseekr.o)
                0x000000008000602c                _lseek_r
 .text.__swhatbuf_r
                0x0000000080006080       0x90 /opt/toolchains/zephyr-sdk-0.15.1/riscv64-zephyr-elf/riscv64-zephyr-elf/lib/./libc_nano.a(lib_a-makebuf.o)
                0x0000000080006080                __swhatbuf_r
 .text.__smakebuf_r
                0x0000000080006110       0xf8 /opt/toolchains/zephyr-sdk-0.15.1/riscv64-zephyr-elf/riscv64-zephyr-elf/lib/./libc_nano.a(lib_a-makebuf.o)
                0x0000000080006110                __smakebuf_r
 .text.memchr   0x0000000080006208       0x24 /opt/toolchains/zephyr-sdk-0.15.1/riscv64-zephyr-elf/riscv64-zephyr-elf/lib/./libc_nano.a(lib_a-memchr.o)
                0x0000000080006208                memchr
 .text._read_r  0x000000008000622c       0x54 /opt/toolchains/zephyr-sdk-0.15.1/riscv64-zephyr-elf/riscv64-zephyr-elf/lib/./libc_nano.a(lib_a-readr.o)
                0x000000008000622c                _read_r
 .text._fstat_r
                0x0000000080006280       0x50 /opt/toolchains/zephyr-sdk-0.15.1/riscv64-zephyr-elf/riscv64-zephyr-elf/lib/./libc_nano.a(lib_a-fstatr.o)
                0x0000000080006280                _fstat_r
 .text._isatty_r
                0x00000000800062d0       0x4c /opt/toolchains/zephyr-sdk-0.15.1/riscv64-zephyr-elf/riscv64-zephyr-elf/lib/./libc_nano.a(lib_a-isattyr.o)
                0x00000000800062d0                _isatty_r
 *(SORT_BY_ALIGNMENT(.gnu.linkonce.t.*))
                0x000000008000631c                __text_region_end = .
                0x000000008000631c                __rodata_region_start = .

initlevel       0x000000008000631c       0x28
                0x000000008000631c                __init_start = .
                0x000000008000631c                __init_PRE_KERNEL_1_start = .
 *(SORT_BY_NAME(SORT_BY_ALIGNMENT(.z_init_PRE_KERNEL_1[0-9]_*)))
 *(SORT_BY_NAME(SORT_BY_ALIGNMENT(.z_init_PRE_KERNEL_1[1-9][0-9]_*)))
 .z_init_PRE_KERNEL_140_
                0x000000008000631c        0x8 zephyr/drivers/interrupt_controller/libdrivers__interrupt_controller.a(intc_plic.c.obj)
 .z_init_PRE_KERNEL_150_
                0x0000000080006324        0x8 zephyr/drivers/serial/libdrivers__serial.a(uart_ns16550.c.obj)
 .z_init_PRE_KERNEL_160_
                0x000000008000632c        0x8 zephyr/drivers/console/libdrivers__console.a(uart_console.c.obj)
                0x0000000080006334                __init_PRE_KERNEL_2_start = .
 *(SORT_BY_NAME(SORT_BY_ALIGNMENT(.z_init_PRE_KERNEL_2[0-9]_*)))
 .z_init_PRE_KERNEL_20_
                0x0000000080006334        0x8 zephyr/drivers/timer/libdrivers__timer.a(riscv_machine_timer.c.obj)
 *(SORT_BY_NAME(SORT_BY_ALIGNMENT(.z_init_PRE_KERNEL_2[1-9][0-9]_*)))
                0x000000008000633c                __init_POST_KERNEL_start = .
 *(SORT_BY_NAME(SORT_BY_ALIGNMENT(.z_init_POST_KERNEL[0-9]_*)))
 *(SORT_BY_NAME(SORT_BY_ALIGNMENT(.z_init_POST_KERNEL[1-9][0-9]_*)))
 .z_init_POST_KERNEL40_
                0x000000008000633c        0x8 zephyr/lib/libc/newlib/liblib__libc__newlib.a(libc-hooks.c.obj)
                0x0000000080006344                __init_APPLICATION_start = .
 *(SORT_BY_NAME(SORT_BY_ALIGNMENT(.z_init_APPLICATION[0-9]_*)))
 *(SORT_BY_NAME(SORT_BY_ALIGNMENT(.z_init_APPLICATION[1-9][0-9]_*)))
                0x0000000080006344                __init_SMP_start = .
 *(SORT_BY_NAME(SORT_BY_ALIGNMENT(.z_init_SMP[0-9]_*)))
 *(SORT_BY_NAME(SORT_BY_ALIGNMENT(.z_init_SMP[1-9][0-9]_*)))
                0x0000000080006344                __init_end = .

devices         0x0000000080006344       0x18
                0x0000000080006344                __device_start = .
                0x0000000080006344                __device_PRE_KERNEL_1_start = .
 *(SORT_BY_NAME(SORT_BY_ALIGNMENT(.z_device_PRE_KERNEL_1[0-9]_*)))
 *(SORT_BY_NAME(SORT_BY_ALIGNMENT(.z_device_PRE_KERNEL_1[1-9][0-9]_*)))
 .z_device_PRE_KERNEL_150_
                0x0000000080006344       0x18 zephyr/drivers/serial/libdrivers__serial.a(uart_ns16550.c.obj)
                0x0000000080006344                __device_dts_ord_11
                0x000000008000635c                __device_PRE_KERNEL_2_start = .
 *(SORT_BY_NAME(SORT_BY_ALIGNMENT(.z_device_PRE_KERNEL_2[0-9]_*)))
 *(SORT_BY_NAME(SORT_BY_ALIGNMENT(.z_device_PRE_KERNEL_2[1-9][0-9]_*)))
                0x000000008000635c                __device_POST_KERNEL_start = .
 *(SORT_BY_NAME(SORT_BY_ALIGNMENT(.z_device_POST_KERNEL[0-9]_*)))
 *(SORT_BY_NAME(SORT_BY_ALIGNMENT(.z_device_POST_KERNEL[1-9][0-9]_*)))
                0x000000008000635c                __device_APPLICATION_start = .
 *(SORT_BY_NAME(SORT_BY_ALIGNMENT(.z_device_APPLICATION[0-9]_*)))
 *(SORT_BY_NAME(SORT_BY_ALIGNMENT(.z_device_APPLICATION[1-9][0-9]_*)))
                0x000000008000635c                __device_SMP_start = .
 *(SORT_BY_NAME(SORT_BY_ALIGNMENT(.z_device_SMP[0-9]_*)))
 *(SORT_BY_NAME(SORT_BY_ALIGNMENT(.z_device_SMP[1-9][0-9]_*)))
                0x000000008000635c                __device_end = .

sw_isr_table    0x000000008000635c      0x200
                0x000000008000635c                . = ALIGN (0x4)
 *(SORT_BY_ALIGNMENT(.gnu.linkonce.sw_isr_table*))
 .gnu.linkonce.sw_isr_table
                0x000000008000635c      0x200 zephyr/CMakeFiles/zephyr_final.dir/isr_tables.c.obj
                0x000000008000635c                _sw_isr_table

initlevel_error
                0x000000008000631c        0x0
 *(SORT_BY_NAME(SORT_BY_ALIGNMENT(.z_init_[_A-Z0-9]*)))
                0x0000000000000001                ASSERT ((SIZEOF (initlevel_error) == 0x0), Undefined initialization levels used.)

app_shmem_regions
                0x000000008000655c        0x0
                0x000000008000655c                __app_shmem_regions_start = .
 *(SORT_BY_NAME(SORT_BY_ALIGNMENT(.app_regions.*)))
                0x000000008000655c                __app_shmem_regions_end = .

k_p4wq_initparam_area
                0x000000008000655c        0x0
                0x000000008000655c                _k_p4wq_initparam_list_start = .
 *(SORT_BY_NAME(SORT_BY_ALIGNMENT(._k_p4wq_initparam.static.*)))
                0x000000008000655c                _k_p4wq_initparam_list_end = .

_static_thread_data_area
                0x000000008000655c        0x0
                0x000000008000655c                __static_thread_data_list_start = .
 *(SORT_BY_NAME(SORT_BY_ALIGNMENT(.__static_thread_data.static.*)))
                0x000000008000655c                __static_thread_data_list_end = .

device_handles  0x000000008000655c        0x6
                0x000000008000655c                __device_handles_start = .
 *(SORT_BY_NAME(SORT_BY_ALIGNMENT(.__device_handles_pass2*)))
 .__device_handles_pass2
                0x000000008000655c        0x6 zephyr/CMakeFiles/zephyr_final.dir/dev_handles.c.obj
                0x000000008000655c                __devicehdl_dts_ord_11
                0x0000000080006562                __device_handles_end = .

ztest           0x0000000080006562        0x0
                0x0000000080006562                _ztest_expected_result_entry_list_start = .
 *(SORT_BY_NAME(SORT_BY_ALIGNMENT(._ztest_expected_result_entry.static.*)))
                0x0000000080006562                _ztest_expected_result_entry_list_end = .
                0x0000000080006562                _ztest_suite_node_list_start = .
 *(SORT_BY_NAME(SORT_BY_ALIGNMENT(._ztest_suite_node.static.*)))
                0x0000000080006562                _ztest_suite_node_list_end = .
                0x0000000080006562                _ztest_unit_test_list_start = .
 *(SORT_BY_NAME(SORT_BY_ALIGNMENT(._ztest_unit_test.static.*)))
                0x0000000080006562                _ztest_unit_test_list_end = .
                0x0000000080006562                _ztest_test_rule_list_start = .
 *(SORT_BY_NAME(SORT_BY_ALIGNMENT(._ztest_test_rule.static.*)))
                0x0000000080006562                _ztest_test_rule_list_end = .

bt_l2cap_fixed_chan_area
                0x0000000080006562        0x0
                0x0000000080006562                _bt_l2cap_fixed_chan_list_start = .
 *(SORT_BY_NAME(SORT_BY_ALIGNMENT(._bt_l2cap_fixed_chan.static.*)))
                0x0000000080006562                _bt_l2cap_fixed_chan_list_end = .

bt_gatt_service_static_area
                0x0000000080006562        0x0
                0x0000000080006562                _bt_gatt_service_static_list_start = .
 *(SORT_BY_NAME(SORT_BY_ALIGNMENT(._bt_gatt_service_static.static.*)))
                0x0000000080006562                _bt_gatt_service_static_list_end = .

log_strings_sections
                0x0000000080006562        0x0
                0x0000000080006562                __log_strings_start = .
 *(SORT_BY_NAME(SORT_BY_ALIGNMENT(.log_strings*)))
                0x0000000080006562                __log_strings_end = .

log_const_sections
                0x0000000080006562        0x0
                0x0000000080006562                __log_const_start = .
 *(SORT_BY_NAME(SORT_BY_ALIGNMENT(.log_const_*)))
                0x0000000080006562                __log_const_end = .

log_backend_area
                0x0000000080006562        0x0
                0x0000000080006562                _log_backend_list_start = .
 *(SORT_BY_NAME(SORT_BY_ALIGNMENT(._log_backend.static.*)))
                0x0000000080006562                _log_backend_list_end = .

tracing_backend_area
                0x0000000080006562        0x0
                0x0000000080006562                _tracing_backend_list_start = .
 *(SORT_BY_NAME(SORT_BY_ALIGNMENT(._tracing_backend.static.*)))
                0x0000000080006562                _tracing_backend_list_end = .

zephyr_dbg_info
 *(SORT_BY_ALIGNMENT(.dbg_thread_info))

symbol_to_keep  0x0000000080006562        0x0
                0x0000000080006562                __symbol_to_keep_start = .
 *(SORT_BY_NAME(SORT_BY_ALIGNMENT(.symbol_to_keep*)))
                0x0000000080006562                __symbol_to_keep_end = .

shell_area      0x0000000080006562        0x0
                0x0000000080006562                _shell_list_start = .
 *(SORT_BY_NAME(SORT_BY_ALIGNMENT(._shell.static.*)))
                0x0000000080006562                _shell_list_end = .

shell_root_cmds_sections
                0x0000000080006562        0x0
                0x0000000080006562                __shell_root_cmds_start = .
 *(SORT_BY_NAME(SORT_BY_ALIGNMENT(.shell_root_cmd_*)))
                0x0000000080006562                __shell_root_cmds_end = .

shell_subcmds_sections
                0x0000000080006562        0x0
                0x0000000080006562                __shell_subcmds_start = .
 *(SORT_BY_NAME(SORT_BY_ALIGNMENT(.shell_subcmd_*)))
                0x0000000080006562                __shell_subcmds_end = .

shell_dynamic_subcmds_sections
                0x0000000080006562        0x0
                0x0000000080006562                __shell_dynamic_subcmds_start = .
 *(SORT_BY_NAME(SORT_BY_ALIGNMENT(.shell_dynamic_subcmd_*)))
                0x0000000080006562                __shell_dynamic_subcmds_end = .

font_entry_sections
                0x0000000080006562        0x0
                0x0000000080006562                __font_entry_start = .
 *(SORT_BY_NAME(SORT_BY_ALIGNMENT(._cfb_font.*)))
                0x0000000080006562                __font_entry_end = .

rodata          0x0000000080006564      0x640
                0x0000000080006564                . = ALIGN (0x4)
 *(SORT_BY_ALIGNMENT(.srodata))
 *(SORT_BY_ALIGNMENT(.srodata.*))
 .srodata._global_impure_ptr
                0x0000000080006564        0x4 /opt/toolchains/zephyr-sdk-0.15.1/riscv64-zephyr-elf/riscv64-zephyr-elf/lib/./libc_nano.a(lib_a-impure.o)
                0x0000000080006564                _global_impure_ptr
 *(SORT_BY_ALIGNMENT(.rodata))
 .rodata        0x0000000080006568      0x100 /opt/toolchains/zephyr-sdk-0.15.1/riscv64-zephyr-elf/bin/../lib/gcc/riscv64-zephyr-elf/12.1.0/libgcc.a(_clz.o)
                0x0000000080006568                __clz_tab
 *(SORT_BY_ALIGNMENT(.rodata.*))
 .rodata.jsp_ma_fonction.str1.4
                0x0000000080006668       0x1d app/libapp.a(ripe_attack_generator.c.obj)
 *fill*         0x0000000080006685        0x3 
 .rodata.main.str1.4
                0x0000000080006688        0xd app/libapp.a(ripe_attack_generator.c.obj)
 *fill*         0x0000000080006695        0x3 
 .rodata.extract_flags
                0x0000000080006698       0x44 zephyr/libzephyr.a(cbprintf_complete.c.obj)
 .rodata.extract_length
                0x00000000800066dc       0xbc zephyr/libzephyr.a(cbprintf_complete.c.obj)
 .rodata.store_count
                0x0000000080006798       0x20 zephyr/libzephyr.a(cbprintf_complete.c.obj)
 .rodata.z_cbvprintf_impl.str1.4
                0x00000000800067b8        0x6 zephyr/libzephyr.a(cbprintf_complete.c.obj)
 *fill*         0x00000000800067be        0x2 
 .rodata.z_cbvprintf_impl
                0x00000000800067c0      0x150 zephyr/libzephyr.a(cbprintf_complete.c.obj)
 .rodata.str1.4
                0x0000000080006910        0xe zephyr/drivers/serial/libdrivers__serial.a(uart_ns16550.c.obj)
 *fill*         0x000000008000691e        0x2 
 .rodata.uart_ns16550_dev_cfg_0
                0x0000000080006920       0x14 zephyr/drivers/serial/libdrivers__serial.a(uart_ns16550.c.obj)
 .rodata.uart_ns16550_driver_api
                0x0000000080006934       0x14 zephyr/drivers/serial/libdrivers__serial.a(uart_ns16550.c.obj)
 .rodata.levels.0
                0x0000000080006948       0x14 zephyr/kernel/libkernel.a(device.c.obj)
 .rodata.prepare_multithreading.str1.4
                0x000000008000695c        0x5 zephyr/kernel/libkernel.a(init.c.obj)
 *fill*         0x0000000080006961        0x3 
 .rodata.boot_banner.str1.4
                0x0000000080006964       0x47 zephyr/kernel/libkernel.a(banner.c.obj)
                                         0x4b (size before relaxing)
 *fill*         0x00000000800069ab        0x1 
 .rodata._ctype_
                0x00000000800069ac      0x101 /opt/toolchains/zephyr-sdk-0.15.1/riscv64-zephyr-elf/riscv64-zephyr-elf/lib/./libc_nano.a(lib_a-ctype_.o)
                0x00000000800069ac                _ctype_
 *fill*         0x0000000080006aad        0x3 
 .rodata.__sf_fake_stderr
                0x0000000080006ab0       0x20 /opt/toolchains/zephyr-sdk-0.15.1/riscv64-zephyr-elf/riscv64-zephyr-elf/lib/./libc_nano.a(lib_a-findfp.o)
                0x0000000080006ab0                __sf_fake_stderr
 .rodata.__sf_fake_stdout
                0x0000000080006ad0       0x20 /opt/toolchains/zephyr-sdk-0.15.1/riscv64-zephyr-elf/riscv64-zephyr-elf/lib/./libc_nano.a(lib_a-findfp.o)
                0x0000000080006ad0                __sf_fake_stdout
 .rodata.__sf_fake_stdin
                0x0000000080006af0       0x20 /opt/toolchains/zephyr-sdk-0.15.1/riscv64-zephyr-elf/riscv64-zephyr-elf/lib/./libc_nano.a(lib_a-findfp.o)
                0x0000000080006af0                __sf_fake_stdin
 .rodata._vfprintf_r.str1.4
                0x0000000080006b10       0x13 /opt/toolchains/zephyr-sdk-0.15.1/riscv64-zephyr-elf/riscv64-zephyr-elf/lib/./libc_nano.a(lib_a-nano-vfprintf.o)
 *fill*         0x0000000080006b23        0x1 
 .rodata._printf_i.str1.4
                0x0000000080006b24       0x25 /opt/toolchains/zephyr-sdk-0.15.1/riscv64-zephyr-elf/riscv64-zephyr-elf/lib/./libc_nano.a(lib_a-nano-vfprintf_i.o)
 *fill*         0x0000000080006b49        0x3 
 .rodata._printf_i
                0x0000000080006b4c       0x58 /opt/toolchains/zephyr-sdk-0.15.1/riscv64-zephyr-elf/riscv64-zephyr-elf/lib/./libc_nano.a(lib_a-nano-vfprintf_i.o)
 *(SORT_BY_ALIGNMENT(.gnu.linkonce.r.*))
 *(SORT_BY_ALIGNMENT(.sdata2) SORT_BY_ALIGNMENT(.sdata2.*) SORT_BY_ALIGNMENT(.gnu.linkonce.s2.*))
                0x0000000080006ba4                . = ALIGN (0x4)
                0x0000000080006ba4                __rodata_region_end = .
                0x0000000080006ba4                __rom_region_end = .
                0x0000000000006ba4                __rom_region_size = (__rom_region_end - __rom_region_start)
                0x0000000080000000                . = 0x80000000
                0x0000000080000000                _image_ram_start = .

bss             0x0000000080006ba8      0x17c
                0x0000000080006ba8                . = ALIGN (0x4)
                0x0000000080006ba8                __bss_start = .
                0x0000000080006ba8                __kernel_ram_start = .
 *(SORT_BY_ALIGNMENT(.sbss))
 *(SORT_BY_ALIGNMENT(.sbss.*))
 .sbss.last_count
                0x0000000080006ba8        0x8 zephyr/drivers/timer/libdrivers__timer.a(riscv_machine_timer.c.obj)
 .sbss.curr_tick
                0x0000000080006bb0        0x8 zephyr/kernel/libkernel.a(timeout.c.obj)
 .sbss.riscv_cpu_sp
                0x0000000080006bb8        0x4 zephyr/arch/arch/riscv/core/libarch__riscv__core.a(smp.c.obj)
                0x0000000080006bb8                riscv_cpu_sp
 .sbss.riscv_cpu_wake_flag
                0x0000000080006bbc        0x4 zephyr/arch/arch/riscv/core/libarch__riscv__core.a(smp.c.obj)
                0x0000000080006bbc                riscv_cpu_wake_flag
 .sbss.riscv_cpu_init
                0x0000000080006bc0        0x8 zephyr/arch/arch/riscv/core/libarch__riscv__core.a(smp.c.obj)
                0x0000000080006bc0                riscv_cpu_init
 .sbss.heap_sz  0x0000000080006bc8        0x4 zephyr/lib/libc/newlib/liblib__libc__newlib.a(libc-hooks.c.obj)
 .sbss.save_irq
                0x0000000080006bcc        0x4 zephyr/drivers/interrupt_controller/libdrivers__interrupt_controller.a(intc_plic.c.obj)
 .sbss.slice_max_prio
                0x0000000080006bd0        0x4 zephyr/kernel/libkernel.a(sched.c.obj)
 .sbss.slice_ticks
                0x0000000080006bd4        0x4 zephyr/kernel/libkernel.a(sched.c.obj)
 .sbss.announce_remaining
                0x0000000080006bd8        0x4 zephyr/kernel/libkernel.a(timeout.c.obj)
 .sbss.__malloc_sbrk_start
                0x0000000080006bdc        0x4 /opt/toolchains/zephyr-sdk-0.15.1/riscv64-zephyr-elf/riscv64-zephyr-elf/lib/./libc_nano.a(lib_a-nano-mallocr.o)
                0x0000000080006bdc                __malloc_sbrk_start
 .sbss.__malloc_free_list
                0x0000000080006be0        0x4 /opt/toolchains/zephyr-sdk-0.15.1/riscv64-zephyr-elf/riscv64-zephyr-elf/lib/./libc_nano.a(lib_a-nano-mallocr.o)
                0x0000000080006be0                __malloc_free_list
 .sbss.errno    0x0000000080006be4        0x4 /opt/toolchains/zephyr-sdk-0.15.1/riscv64-zephyr-elf/riscv64-zephyr-elf/lib/./libc_nano.a(lib_a-reent.o)
                0x0000000080006be4                errno
 .sbss.z_sys_post_kernel
                0x0000000080006be8        0x1 zephyr/kernel/libkernel.a(init.c.obj)
                0x0000000080006be8                z_sys_post_kernel
 *(SORT_BY_ALIGNMENT(.bss))
 *(SORT_BY_ALIGNMENT(.bss.*))
 *fill*         0x0000000080006be9        0x7 
 .bss.z_idle_threads
                0x0000000080006bf0       0x88 zephyr/kernel/libkernel.a(init.c.obj)
                0x0000000080006bf0                z_idle_threads
 .bss.z_main_thread
                0x0000000080006c78       0x88 zephyr/kernel/libkernel.a(init.c.obj)
                0x0000000080006c78                z_main_thread
 .bss._kernel   0x0000000080006d00       0x24 zephyr/kernel/libkernel.a(init.c.obj)
                0x0000000080006d00                _kernel
 .bss.lock      0x0000000080006d24        0x0 zephyr/kernel/libkernel.a(mutex.c.obj)
 .bss.sched_spinlock
                0x0000000080006d24        0x0 zephyr/kernel/libkernel.a(sched.c.obj)
                0x0000000080006d24                sched_spinlock
 *(SORT_BY_ALIGNMENT(COMMON))
                0x0000000080006d24                __bss_end = ALIGN (0x4)

noinit          0x0000000080006d30     0x2400
 *(SORT_BY_ALIGNMENT(.noinit))
 *(SORT_BY_ALIGNMENT(.noinit.*))
 .noinit."WEST_TOPDIR/zephyr/kernel/init.c".2
                0x0000000080006d30     0x1000 zephyr/kernel/libkernel.a(init.c.obj)
                0x0000000080006d30                z_interrupt_stacks
 .noinit."WEST_TOPDIR/zephyr/kernel/init.c".1
                0x0000000080007d30      0x400 zephyr/kernel/libkernel.a(init.c.obj)
 .noinit."WEST_TOPDIR/zephyr/kernel/init.c".0
                0x0000000080008130     0x1000 zephyr/kernel/libkernel.a(init.c.obj)
                0x0000000080008130                z_main_stack

datas           0x0000000080009130       0x88
                0x0000000080009130                . = ALIGN (0x4)
                0x0000000080009130                __data_region_start = .
                0x0000000080009130                __data_start = .
 *(SORT_BY_ALIGNMENT(.data))
 *(SORT_BY_ALIGNMENT(.data.*))
 .data.uart_ns16550_dev_data_0
                0x0000000080009130        0xc zephyr/drivers/serial/libdrivers__serial.a(uart_ns16550.c.obj)
 .data.impure_data
                0x000000008000913c       0x60 /opt/toolchains/zephyr-sdk-0.15.1/riscv64-zephyr-elf/riscv64-zephyr-elf/lib/./libc_nano.a(lib_a-impure.o)
                0x00000000800091a0                . = ALIGN (0x8)
 *fill*         0x000000008000919c        0x4 
                0x00000000800099a0                PROVIDE (__global_pointer$ = (. + 0x800))
 *(SORT_BY_ALIGNMENT(.sdata) SORT_BY_ALIGNMENT(.sdata.*) SORT_BY_ALIGNMENT(.gnu.linkonce.s.*))
 .sdata._char_out
                0x00000000800091a0        0x4 zephyr/libzephyr.a(printk.c.obj)
                0x00000000800091a0                _char_out
 .sdata._stdin_hook
                0x00000000800091a4        0x4 zephyr/lib/libc/newlib/liblib__libc__newlib.a(libc-hooks.c.obj)
 .sdata._stdout_hook
                0x00000000800091a8        0x4 zephyr/lib/libc/newlib/liblib__libc__newlib.a(libc-hooks.c.obj)
 .sdata.timeout_list
                0x00000000800091ac        0x8 zephyr/kernel/libkernel.a(timeout.c.obj)
 .sdata._impure_ptr
                0x00000000800091b4        0x4 /opt/toolchains/zephyr-sdk-0.15.1/riscv64-zephyr-elf/riscv64-zephyr-elf/lib/./libc_nano.a(lib_a-impure.o)
                0x00000000800091b4                _impure_ptr
                0x00000000800091b8                __data_end = .
                0x0000000000000088                __data_size = (__data_end - __data_start)
                0x0000000080009130                __data_load_start = LOADADDR (datas)
                0x0000000080009130                __data_region_load_start = LOADADDR (datas)

device_states   0x00000000800091b8        0x4
                0x00000000800091b8                __device_states_start = .
 *(SORT_BY_ALIGNMENT(.z_devstate))
 .z_devstate    0x00000000800091b8        0x4 zephyr/drivers/serial/libdrivers__serial.a(uart_ns16550.c.obj)
 *(SORT_BY_ALIGNMENT(.z_devstate.*))
                0x00000000800091bc                __device_states_end = .

initshell       0x00000000800091bc        0x0
                0x00000000800091bc                __shell_module_start = .
 *(SORT_BY_ALIGNMENT(.shell_module_*))
                0x00000000800091bc                __shell_module_end = .
                0x00000000800091bc                __shell_cmd_start = .
 *(SORT_BY_ALIGNMENT(.shell_cmd_*))
                0x00000000800091bc                __shell_cmd_end = .

log_dynamic_sections
                0x00000000800091bc        0x0
                0x00000000800091bc                __log_dynamic_start = .
 *(SORT_BY_NAME(SORT_BY_ALIGNMENT(.log_dynamic_*)))
                0x00000000800091bc                __log_dynamic_end = .

k_timer_area    0x00000000800091bc        0x0
                0x00000000800091bc                _k_timer_list_start = .
 *(SORT_BY_NAME(SORT_BY_ALIGNMENT(._k_timer.static.*)))
                0x00000000800091bc                _k_timer_list_end = .

k_mem_slab_area
                0x00000000800091bc        0x0
                0x00000000800091bc                _k_mem_slab_list_start = .
 *(SORT_BY_NAME(SORT_BY_ALIGNMENT(._k_mem_slab.static.*)))
                0x00000000800091bc                _k_mem_slab_list_end = .

k_heap_area     0x00000000800091bc        0x0
                0x00000000800091bc                _k_heap_list_start = .
 *(SORT_BY_NAME(SORT_BY_ALIGNMENT(._k_heap.static.*)))
                0x00000000800091bc                _k_heap_list_end = .

k_mutex_area    0x00000000800091bc       0x3c
                0x00000000800091bc                _k_mutex_list_start = .
 *(SORT_BY_NAME(SORT_BY_ALIGNMENT(._k_mutex.static.*)))
 ._k_mutex.static.__lock___malloc_recursive_mutex
                0x00000000800091bc       0x14 zephyr/lib/libc/newlib/liblib__libc__newlib.a(libc-hooks.c.obj)
                0x00000000800091bc                __lock___malloc_recursive_mutex
 ._k_mutex.static.__lock___sfp_recursive_mutex
                0x00000000800091d0       0x14 zephyr/lib/libc/newlib/liblib__libc__newlib.a(libc-hooks.c.obj)
                0x00000000800091d0                __lock___sfp_recursive_mutex
 ._k_mutex.static.__lock___sinit_recursive_mutex
                0x00000000800091e4       0x14 zephyr/lib/libc/newlib/liblib__libc__newlib.a(libc-hooks.c.obj)
                0x00000000800091e4                __lock___sinit_recursive_mutex
                0x00000000800091f8                _k_mutex_list_end = .

k_stack_area    0x00000000800091f8        0x0
                0x00000000800091f8                _k_stack_list_start = .
 *(SORT_BY_NAME(SORT_BY_ALIGNMENT(._k_stack.static.*)))
                0x00000000800091f8                _k_stack_list_end = .

k_msgq_area     0x00000000800091f8        0x0
                0x00000000800091f8                _k_msgq_list_start = .
 *(SORT_BY_NAME(SORT_BY_ALIGNMENT(._k_msgq.static.*)))
                0x00000000800091f8                _k_msgq_list_end = .

k_mbox_area     0x00000000800091f8        0x0
                0x00000000800091f8                _k_mbox_list_start = .
 *(SORT_BY_NAME(SORT_BY_ALIGNMENT(._k_mbox.static.*)))
                0x00000000800091f8                _k_mbox_list_end = .

k_pipe_area     0x00000000800091f8        0x0
                0x00000000800091f8                _k_pipe_list_start = .
 *(SORT_BY_NAME(SORT_BY_ALIGNMENT(._k_pipe.static.*)))
                0x00000000800091f8                _k_pipe_list_end = .

k_sem_area      0x00000000800091f8        0x0
                0x00000000800091f8                _k_sem_list_start = .
 *(SORT_BY_NAME(SORT_BY_ALIGNMENT(._k_sem.static.*)))
                0x00000000800091f8                _k_sem_list_end = .

k_event_area    0x00000000800091f8        0x0
                0x00000000800091f8                _k_event_list_start = .
 *(SORT_BY_NAME(SORT_BY_ALIGNMENT(._k_event.static.*)))
                0x00000000800091f8                _k_event_list_end = .

k_queue_area    0x00000000800091f8        0x0
                0x00000000800091f8                _k_queue_list_start = .
 *(SORT_BY_NAME(SORT_BY_ALIGNMENT(._k_queue.static.*)))
                0x00000000800091f8                _k_queue_list_end = .

k_condvar_area  0x00000000800091f8        0x0
                0x00000000800091f8                _k_condvar_list_start = .
 *(SORT_BY_NAME(SORT_BY_ALIGNMENT(._k_condvar.static.*)))
                0x00000000800091f8                _k_condvar_list_end = .

_net_buf_pool_area
                0x00000000800091f8        0x0
                0x00000000800091f8                _net_buf_pool_list = .
 *(SORT_BY_NAME(SORT_BY_ALIGNMENT(._net_buf_pool.static.*)))
                0x00000000800091f8                __data_region_end = .
                0x00000000800091f8                _image_ram_end = .
                0x00000000800091f8                _end = .
                0x00000000800091f8                __kernel_ram_end = .
                0x0000000000002650                __kernel_ram_size = (__kernel_ram_end - __kernel_ram_start)

/DISCARD/
 *(SORT_BY_ALIGNMENT(.irq_info*))
 *(SORT_BY_ALIGNMENT(.intList*))

.stab
 *(SORT_BY_ALIGNMENT(.stab))

.stabstr
 *(SORT_BY_ALIGNMENT(.stabstr))

.stab.excl
 *(SORT_BY_ALIGNMENT(.stab.excl))

.stab.exclstr
 *(SORT_BY_ALIGNMENT(.stab.exclstr))

.stab.index
 *(SORT_BY_ALIGNMENT(.stab.index))

.stab.indexstr
 *(SORT_BY_ALIGNMENT(.stab.indexstr))

.gnu.build.attributes
 *(SORT_BY_ALIGNMENT(.gnu.build.attributes) SORT_BY_ALIGNMENT(.gnu.build.attributes.*))

.comment        0x0000000000000000       0x20
 *(SORT_BY_ALIGNMENT(.comment))
 .comment       0x0000000000000000       0x20 zephyr/CMakeFiles/zephyr_final.dir/dev_handles.c.obj
                                         0x21 (size before relaxing)
 .comment       0x0000000000000020       0x21 zephyr/CMakeFiles/zephyr_final.dir/isr_tables.c.obj
 .comment       0x0000000000000020       0x21 app/libapp.a(ripe_attack_generator.c.obj)
 .comment       0x0000000000000020       0x21 zephyr/libzephyr.a(printk.c.obj)
 .comment       0x0000000000000020       0x21 zephyr/libzephyr.a(thread_entry.c.obj)
 .comment       0x0000000000000020       0x21 zephyr/libzephyr.a(cbprintf_complete.c.obj)
 .comment       0x0000000000000020       0x21 zephyr/libzephyr.a(configs.c.obj)
 .comment       0x0000000000000020       0x21 zephyr/libzephyr.a(idle.c.obj)
 .comment       0x0000000000000020       0x21 zephyr/libzephyr.a(soc_common_irq.c.obj)
 .comment       0x0000000000000020       0x21 zephyr/libzephyr.a(tracing_none.c.obj)
 .comment       0x0000000000000020       0x21 zephyr/arch/arch/riscv/core/libarch__riscv__core.a(fatal.c.obj)
 .comment       0x0000000000000020       0x21 zephyr/arch/arch/riscv/core/libarch__riscv__core.a(irq_manage.c.obj)
 .comment       0x0000000000000020       0x21 zephyr/arch/arch/riscv/core/libarch__riscv__core.a(prep_c.c.obj)
 .comment       0x0000000000000020       0x21 zephyr/arch/arch/riscv/core/libarch__riscv__core.a(smp.c.obj)
 .comment       0x0000000000000020       0x21 zephyr/arch/arch/riscv/core/libarch__riscv__core.a(thread.c.obj)
 .comment       0x0000000000000020       0x21 zephyr/lib/libc/newlib/liblib__libc__newlib.a(libc-hooks.c.obj)
 .comment       0x0000000000000020       0x21 zephyr/drivers/interrupt_controller/libdrivers__interrupt_controller.a(intc_plic.c.obj)
 .comment       0x0000000000000020       0x21 zephyr/drivers/console/libdrivers__console.a(uart_console.c.obj)
 .comment       0x0000000000000020       0x21 zephyr/drivers/serial/libdrivers__serial.a(uart_ns16550.c.obj)
 .comment       0x0000000000000020       0x21 zephyr/drivers/timer/libdrivers__timer.a(riscv_machine_timer.c.obj)
 .comment       0x0000000000000020       0x21 zephyr/kernel/libkernel.a(device.c.obj)
 .comment       0x0000000000000020       0x21 zephyr/kernel/libkernel.a(fatal.c.obj)
 .comment       0x0000000000000020       0x21 zephyr/kernel/libkernel.a(init.c.obj)
 .comment       0x0000000000000020       0x21 zephyr/kernel/libkernel.a(thread.c.obj)
 .comment       0x0000000000000020       0x21 zephyr/kernel/libkernel.a(idle.c.obj)
 .comment       0x0000000000000020       0x21 zephyr/kernel/libkernel.a(mutex.c.obj)
 .comment       0x0000000000000020       0x21 zephyr/kernel/libkernel.a(sched.c.obj)
 .comment       0x0000000000000020       0x21 zephyr/kernel/libkernel.a(timeout.c.obj)
 .comment       0x0000000000000020       0x21 zephyr/kernel/libkernel.a(banner.c.obj)
 .comment       0x0000000000000020       0x21 zephyr/CMakeFiles/offsets.dir/./arch/riscv/core/offsets/offsets.c.obj

.debug
 *(SORT_BY_ALIGNMENT(.debug))

.line
 *(SORT_BY_ALIGNMENT(.line))

.debug_srcinfo
 *(SORT_BY_ALIGNMENT(.debug_srcinfo))

.debug_sfnames
 *(SORT_BY_ALIGNMENT(.debug_sfnames))

.debug_aranges  0x0000000000000000      0xb40
 *(SORT_BY_ALIGNMENT(.debug_aranges))
 .debug_aranges
                0x0000000000000000       0x28 zephyr/libzephyr.a(soc_irq.S.obj)
 .debug_aranges
                0x0000000000000028       0x20 zephyr/libzephyr.a(vector.S.obj)
 .debug_aranges
                0x0000000000000048       0x20 zephyr/arch/arch/riscv/core/libarch__riscv__core.a(isr.S.obj)
 .debug_aranges
                0x0000000000000068       0x28 zephyr/arch/arch/riscv/core/libarch__riscv__core.a(reset.S.obj)
 .debug_aranges
                0x0000000000000090       0x20 zephyr/arch/arch/riscv/core/libarch__riscv__core.a(switch.S.obj)
 .debug_aranges
                0x00000000000000b0       0x18 zephyr/CMakeFiles/zephyr_final.dir/dev_handles.c.obj
 .debug_aranges
                0x00000000000000c8       0x18 zephyr/CMakeFiles/zephyr_final.dir/isr_tables.c.obj
 .debug_aranges
                0x00000000000000e0       0x28 app/libapp.a(ripe_attack_generator.c.obj)
 .debug_aranges
                0x0000000000000108       0x68 zephyr/libzephyr.a(printk.c.obj)
 .debug_aranges
                0x0000000000000170       0x20 zephyr/libzephyr.a(thread_entry.c.obj)
 .debug_aranges
                0x0000000000000190       0x78 zephyr/libzephyr.a(cbprintf_complete.c.obj)
 .debug_aranges
                0x0000000000000208       0x20 zephyr/libzephyr.a(configs.c.obj)
 .debug_aranges
                0x0000000000000228       0x28 zephyr/libzephyr.a(idle.c.obj)
 .debug_aranges
                0x0000000000000250       0x40 zephyr/libzephyr.a(soc_common_irq.c.obj)
 .debug_aranges
                0x0000000000000290       0x38 zephyr/libzephyr.a(tracing_none.c.obj)
 .debug_aranges
                0x00000000000002c8       0x30 zephyr/arch/arch/riscv/core/libarch__riscv__core.a(fatal.c.obj)
 .debug_aranges
                0x00000000000002f8       0x20 zephyr/arch/arch/riscv/core/libarch__riscv__core.a(irq_manage.c.obj)
 .debug_aranges
                0x0000000000000318       0x20 zephyr/arch/arch/riscv/core/libarch__riscv__core.a(prep_c.c.obj)
 .debug_aranges
                0x0000000000000338       0x28 zephyr/arch/arch/riscv/core/libarch__riscv__core.a(smp.c.obj)
 .debug_aranges
                0x0000000000000360       0x20 zephyr/arch/arch/riscv/core/libarch__riscv__core.a(thread.c.obj)
 .debug_aranges
                0x0000000000000380      0x110 zephyr/lib/libc/newlib/liblib__libc__newlib.a(libc-hooks.c.obj)
 .debug_aranges
                0x0000000000000490       0x50 zephyr/drivers/interrupt_controller/libdrivers__interrupt_controller.a(intc_plic.c.obj)
 .debug_aranges
                0x00000000000004e0       0x38 zephyr/drivers/console/libdrivers__console.a(uart_console.c.obj)
 .debug_aranges
                0x0000000000000518       0x58 zephyr/drivers/serial/libdrivers__serial.a(uart_ns16550.c.obj)
 .debug_aranges
                0x0000000000000570       0x60 zephyr/drivers/timer/libdrivers__timer.a(riscv_machine_timer.c.obj)
 .debug_aranges
                0x00000000000005d0       0x60 zephyr/kernel/libkernel.a(device.c.obj)
 .debug_aranges
                0x0000000000000630       0x60 zephyr/kernel/libkernel.a(fatal.c.obj)
 .debug_aranges
                0x0000000000000690       0x68 zephyr/kernel/libkernel.a(init.c.obj)
 .debug_aranges
                0x00000000000006f8       0xd0 zephyr/kernel/libkernel.a(thread.c.obj)
 .debug_aranges
                0x00000000000007c8       0x28 zephyr/kernel/libkernel.a(idle.c.obj)
 .debug_aranges
                0x00000000000007f0       0x40 zephyr/kernel/libkernel.a(mutex.c.obj)
 .debug_aranges
                0x0000000000000830      0x228 zephyr/kernel/libkernel.a(sched.c.obj)
 .debug_aranges
                0x0000000000000a58       0xa8 zephyr/kernel/libkernel.a(timeout.c.obj)
 .debug_aranges
                0x0000000000000b00       0x20 zephyr/kernel/libkernel.a(banner.c.obj)
 .debug_aranges
                0x0000000000000b20       0x20 zephyr/CMakeFiles/offsets.dir/./arch/riscv/core/offsets/offsets.c.obj

.debug_pubnames
 *(SORT_BY_ALIGNMENT(.debug_pubnames))

.debug_info     0x0000000000000000    0x21bea
 *(SORT_BY_ALIGNMENT(.debug_info) SORT_BY_ALIGNMENT(.gnu.linkonce.wi.*))
 .debug_info    0x0000000000000000      0x14c zephyr/CMakeFiles/zephyr_final.dir/dev_handles.c.obj
 .debug_info    0x000000000000014c      0x124 zephyr/CMakeFiles/zephyr_final.dir/isr_tables.c.obj
 .debug_info    0x0000000000000270      0x120 app/libapp.a(ripe_attack_generator.c.obj)
 .debug_info    0x0000000000000390      0x670 zephyr/libzephyr.a(printk.c.obj)
 .debug_info    0x0000000000000a00      0x626 zephyr/libzephyr.a(thread_entry.c.obj)
 .debug_info    0x0000000000001026      0xe76 zephyr/libzephyr.a(cbprintf_complete.c.obj)
 .debug_info    0x0000000000001e9c       0x38 zephyr/libzephyr.a(configs.c.obj)
 .debug_info    0x0000000000001ed4      0x17a zephyr/libzephyr.a(idle.c.obj)
 .debug_info    0x000000000000204e       0x22 zephyr/libzephyr.a(soc_irq.S.obj)
 .debug_info    0x0000000000002070      0x3cd zephyr/libzephyr.a(soc_common_irq.c.obj)
 .debug_info    0x000000000000243d       0x23 zephyr/libzephyr.a(vector.S.obj)
 .debug_info    0x0000000000002460       0xc9 zephyr/libzephyr.a(tracing_none.c.obj)
 .debug_info    0x0000000000002529     0x6aea zephyr/arch/arch/riscv/core/libarch__riscv__core.a(fatal.c.obj)
 .debug_info    0x0000000000009013     0x1228 zephyr/arch/arch/riscv/core/libarch__riscv__core.a(irq_manage.c.obj)
 .debug_info    0x000000000000a23b       0x24 zephyr/arch/arch/riscv/core/libarch__riscv__core.a(isr.S.obj)
 .debug_info    0x000000000000a25f       0xd4 zephyr/arch/arch/riscv/core/libarch__riscv__core.a(prep_c.c.obj)
 .debug_info    0x000000000000a333       0x22 zephyr/arch/arch/riscv/core/libarch__riscv__core.a(reset.S.obj)
 .debug_info    0x000000000000a355       0x23 zephyr/arch/arch/riscv/core/libarch__riscv__core.a(switch.S.obj)
 .debug_info    0x000000000000a378      0x2ae zephyr/arch/arch/riscv/core/libarch__riscv__core.a(smp.c.obj)
 .debug_info    0x000000000000a626      0x72f zephyr/arch/arch/riscv/core/libarch__riscv__core.a(thread.c.obj)
 .debug_info    0x000000000000ad55     0x1593 zephyr/lib/libc/newlib/liblib__libc__newlib.a(libc-hooks.c.obj)
 .debug_info    0x000000000000c2e8      0x595 zephyr/drivers/interrupt_controller/libdrivers__interrupt_controller.a(intc_plic.c.obj)
 .debug_info    0x000000000000c87d      0x768 zephyr/drivers/console/libdrivers__console.a(uart_console.c.obj)
 .debug_info    0x000000000000cfe5     0x1466 zephyr/drivers/serial/libdrivers__serial.a(uart_ns16550.c.obj)
 .debug_info    0x000000000000e44b      0xcf7 zephyr/drivers/timer/libdrivers__timer.a(riscv_machine_timer.c.obj)
 .debug_info    0x000000000000f142      0x77a zephyr/kernel/libkernel.a(device.c.obj)
 .debug_info    0x000000000000f8bc     0x2208 zephyr/kernel/libkernel.a(fatal.c.obj)
 .debug_info    0x0000000000011ac4     0x10f5 zephyr/kernel/libkernel.a(init.c.obj)
 .debug_info    0x0000000000012bb9     0x2573 zephyr/kernel/libkernel.a(thread.c.obj)
 .debug_info    0x000000000001512c      0x222 zephyr/kernel/libkernel.a(idle.c.obj)
 .debug_info    0x000000000001534e     0x57a6 zephyr/kernel/libkernel.a(mutex.c.obj)
 .debug_info    0x000000000001aaf4     0x58a5 zephyr/kernel/libkernel.a(sched.c.obj)
 .debug_info    0x0000000000020399     0x1655 zephyr/kernel/libkernel.a(timeout.c.obj)
 .debug_info    0x00000000000219ee      0x12c zephyr/kernel/libkernel.a(banner.c.obj)
 .debug_info    0x0000000000021b1a       0xd0 zephyr/CMakeFiles/offsets.dir/./arch/riscv/core/offsets/offsets.c.obj

.debug_abbrev   0x0000000000000000     0x4aa6
 *(SORT_BY_ALIGNMENT(.debug_abbrev))
 .debug_abbrev  0x0000000000000000       0x82 zephyr/CMakeFiles/zephyr_final.dir/dev_handles.c.obj
 .debug_abbrev  0x0000000000000082       0xd2 zephyr/CMakeFiles/zephyr_final.dir/isr_tables.c.obj
 .debug_abbrev  0x0000000000000154       0xda app/libapp.a(ripe_attack_generator.c.obj)
 .debug_abbrev  0x000000000000022e      0x2e3 zephyr/libzephyr.a(printk.c.obj)
 .debug_abbrev  0x0000000000000511      0x227 zephyr/libzephyr.a(thread_entry.c.obj)
 .debug_abbrev  0x0000000000000738      0x2f9 zephyr/libzephyr.a(cbprintf_complete.c.obj)
 .debug_abbrev  0x0000000000000a31       0x2e zephyr/libzephyr.a(configs.c.obj)
 .debug_abbrev  0x0000000000000a5f       0xd5 zephyr/libzephyr.a(idle.c.obj)
 .debug_abbrev  0x0000000000000b34       0x12 zephyr/libzephyr.a(soc_irq.S.obj)
 .debug_abbrev  0x0000000000000b46      0x182 zephyr/libzephyr.a(soc_common_irq.c.obj)
 .debug_abbrev  0x0000000000000cc8       0x14 zephyr/libzephyr.a(vector.S.obj)
 .debug_abbrev  0x0000000000000cdc       0x44 zephyr/libzephyr.a(tracing_none.c.obj)
 .debug_abbrev  0x0000000000000d20      0x22e zephyr/arch/arch/riscv/core/libarch__riscv__core.a(fatal.c.obj)
 .debug_abbrev  0x0000000000000f4e      0x1cc zephyr/arch/arch/riscv/core/libarch__riscv__core.a(irq_manage.c.obj)
 .debug_abbrev  0x000000000000111a       0x14 zephyr/arch/arch/riscv/core/libarch__riscv__core.a(isr.S.obj)
 .debug_abbrev  0x000000000000112e       0x8b zephyr/arch/arch/riscv/core/libarch__riscv__core.a(prep_c.c.obj)
 .debug_abbrev  0x00000000000011b9       0x12 zephyr/arch/arch/riscv/core/libarch__riscv__core.a(reset.S.obj)
 .debug_abbrev  0x00000000000011cb       0x14 zephyr/arch/arch/riscv/core/libarch__riscv__core.a(switch.S.obj)
 .debug_abbrev  0x00000000000011df      0x195 zephyr/arch/arch/riscv/core/libarch__riscv__core.a(smp.c.obj)
 .debug_abbrev  0x0000000000001374      0x201 zephyr/arch/arch/riscv/core/libarch__riscv__core.a(thread.c.obj)
 .debug_abbrev  0x0000000000001575      0x516 zephyr/lib/libc/newlib/liblib__libc__newlib.a(libc-hooks.c.obj)
 .debug_abbrev  0x0000000000001a8b      0x2c9 zephyr/drivers/interrupt_controller/libdrivers__interrupt_controller.a(intc_plic.c.obj)
 .debug_abbrev  0x0000000000001d54      0x35f zephyr/drivers/console/libdrivers__console.a(uart_console.c.obj)
 .debug_abbrev  0x00000000000020b3      0x402 zephyr/drivers/serial/libdrivers__serial.a(uart_ns16550.c.obj)
 .debug_abbrev  0x00000000000024b5      0x38f zephyr/drivers/timer/libdrivers__timer.a(riscv_machine_timer.c.obj)
 .debug_abbrev  0x0000000000002844      0x354 zephyr/kernel/libkernel.a(device.c.obj)
 .debug_abbrev  0x0000000000002b98      0x3a7 zephyr/kernel/libkernel.a(fatal.c.obj)
 .debug_abbrev  0x0000000000002f3f      0x4df zephyr/kernel/libkernel.a(init.c.obj)
 .debug_abbrev  0x000000000000341e      0x55e zephyr/kernel/libkernel.a(thread.c.obj)
 .debug_abbrev  0x000000000000397c      0x13a zephyr/kernel/libkernel.a(idle.c.obj)
 .debug_abbrev  0x0000000000003ab6      0x383 zephyr/kernel/libkernel.a(mutex.c.obj)
 .debug_abbrev  0x0000000000003e39      0x6ad zephyr/kernel/libkernel.a(sched.c.obj)
 .debug_abbrev  0x00000000000044e6      0x492 zephyr/kernel/libkernel.a(timeout.c.obj)
 .debug_abbrev  0x0000000000004978       0xcc zephyr/kernel/libkernel.a(banner.c.obj)
 .debug_abbrev  0x0000000000004a44       0x62 zephyr/CMakeFiles/offsets.dir/./arch/riscv/core/offsets/offsets.c.obj

.debug_line     0x0000000000000000    0x1007e
 *(SORT_BY_ALIGNMENT(.debug_line) SORT_BY_ALIGNMENT(.debug_line.*) SORT_BY_ALIGNMENT(.debug_line_end))
 .debug_line    0x0000000000000000      0x142 zephyr/CMakeFiles/zephyr_final.dir/dev_handles.c.obj
 .debug_line    0x0000000000000142      0x16f zephyr/CMakeFiles/zephyr_final.dir/isr_tables.c.obj
 .debug_line    0x00000000000002b1      0x10b app/libapp.a(ripe_attack_generator.c.obj)
 .debug_line    0x00000000000003bc      0x586 zephyr/libzephyr.a(printk.c.obj)
 .debug_line    0x0000000000000942      0x32a zephyr/libzephyr.a(thread_entry.c.obj)
 .debug_line    0x0000000000000c6c     0x1b14 zephyr/libzephyr.a(cbprintf_complete.c.obj)
 .debug_line    0x0000000000002780      0x49c zephyr/libzephyr.a(configs.c.obj)
 .debug_line    0x0000000000002c1c      0x155 zephyr/libzephyr.a(idle.c.obj)
 .debug_line    0x0000000000002d71       0xb2 zephyr/libzephyr.a(soc_irq.S.obj)
 .debug_line    0x0000000000002e23      0x49b zephyr/libzephyr.a(soc_common_irq.c.obj)
 .debug_line    0x00000000000032be       0x7d zephyr/libzephyr.a(vector.S.obj)
 .debug_line    0x000000000000333b       0xb7 zephyr/libzephyr.a(tracing_none.c.obj)
 .debug_line    0x00000000000033f2      0x34a zephyr/arch/arch/riscv/core/libarch__riscv__core.a(fatal.c.obj)
 .debug_line    0x000000000000373c      0x2ef zephyr/arch/arch/riscv/core/libarch__riscv__core.a(irq_manage.c.obj)
 .debug_line    0x0000000000003a2b      0x1eb zephyr/arch/arch/riscv/core/libarch__riscv__core.a(isr.S.obj)
 .debug_line    0x0000000000003c16       0xed zephyr/arch/arch/riscv/core/libarch__riscv__core.a(prep_c.c.obj)
 .debug_line    0x0000000000003d03       0xf9 zephyr/arch/arch/riscv/core/libarch__riscv__core.a(reset.S.obj)
 .debug_line    0x0000000000003dfc       0x78 zephyr/arch/arch/riscv/core/libarch__riscv__core.a(switch.S.obj)
 .debug_line    0x0000000000003e74      0x328 zephyr/arch/arch/riscv/core/libarch__riscv__core.a(smp.c.obj)
 .debug_line    0x000000000000419c      0x3ed zephyr/arch/arch/riscv/core/libarch__riscv__core.a(thread.c.obj)
 .debug_line    0x0000000000004589      0xd44 zephyr/lib/libc/newlib/liblib__libc__newlib.a(libc-hooks.c.obj)
 .debug_line    0x00000000000052cd      0x5c5 zephyr/drivers/interrupt_controller/libdrivers__interrupt_controller.a(intc_plic.c.obj)
 .debug_line    0x0000000000005892      0x3e8 zephyr/drivers/console/libdrivers__console.a(uart_console.c.obj)
 .debug_line    0x0000000000005c7a      0xdd5 zephyr/drivers/serial/libdrivers__serial.a(uart_ns16550.c.obj)
 .debug_line    0x0000000000006a4f      0x89c zephyr/drivers/timer/libdrivers__timer.a(riscv_machine_timer.c.obj)
 .debug_line    0x00000000000072eb      0x858 zephyr/kernel/libkernel.a(device.c.obj)
 .debug_line    0x0000000000007b43      0x59c zephyr/kernel/libkernel.a(fatal.c.obj)
 .debug_line    0x00000000000080df      0x952 zephyr/kernel/libkernel.a(init.c.obj)
 .debug_line    0x0000000000008a31      0xe28 zephyr/kernel/libkernel.a(thread.c.obj)
 .debug_line    0x0000000000009859      0x2bc zephyr/kernel/libkernel.a(idle.c.obj)
 .debug_line    0x0000000000009b15      0xa9c zephyr/kernel/libkernel.a(mutex.c.obj)
 .debug_line    0x000000000000a5b1     0x4244 zephyr/kernel/libkernel.a(sched.c.obj)
 .debug_line    0x000000000000e7f5     0x14b3 zephyr/kernel/libkernel.a(timeout.c.obj)
 .debug_line    0x000000000000fca8      0x1a2 zephyr/kernel/libkernel.a(banner.c.obj)
 .debug_line    0x000000000000fe4a      0x234 zephyr/CMakeFiles/offsets.dir/./arch/riscv/core/offsets/offsets.c.obj

.debug_frame    0x0000000000000000     0x25f0
 *(SORT_BY_ALIGNMENT(.debug_frame))
 .debug_frame   0x0000000000000000       0x48 app/libapp.a(ripe_attack_generator.c.obj)
 .debug_frame   0x0000000000000048      0x108 zephyr/libzephyr.a(printk.c.obj)
 .debug_frame   0x0000000000000150       0x28 zephyr/libzephyr.a(thread_entry.c.obj)
 .debug_frame   0x0000000000000178      0x198 zephyr/libzephyr.a(cbprintf_complete.c.obj)
 .debug_frame   0x0000000000000310       0x20 zephyr/libzephyr.a(configs.c.obj)
 .debug_frame   0x0000000000000330       0x4c zephyr/libzephyr.a(idle.c.obj)
 .debug_frame   0x000000000000037c       0x90 zephyr/libzephyr.a(soc_common_irq.c.obj)
 .debug_frame   0x000000000000040c       0x50 zephyr/libzephyr.a(tracing_none.c.obj)
 .debug_frame   0x000000000000045c       0x50 zephyr/arch/arch/riscv/core/libarch__riscv__core.a(fatal.c.obj)
 .debug_frame   0x00000000000004ac       0x28 zephyr/arch/arch/riscv/core/libarch__riscv__core.a(irq_manage.c.obj)
 .debug_frame   0x00000000000004d4       0x28 zephyr/arch/arch/riscv/core/libarch__riscv__core.a(prep_c.c.obj)
 .debug_frame   0x00000000000004fc       0x38 zephyr/arch/arch/riscv/core/libarch__riscv__core.a(smp.c.obj)
 .debug_frame   0x0000000000000534       0x20 zephyr/arch/arch/riscv/core/libarch__riscv__core.a(thread.c.obj)
 .debug_frame   0x0000000000000554      0x2ec zephyr/lib/libc/newlib/liblib__libc__newlib.a(libc-hooks.c.obj)
 .debug_frame   0x0000000000000840       0xa0 zephyr/drivers/interrupt_controller/libdrivers__interrupt_controller.a(intc_plic.c.obj)
 .debug_frame   0x00000000000008e0       0x84 zephyr/drivers/console/libdrivers__console.a(uart_console.c.obj)
 .debug_frame   0x0000000000000964       0xcc zephyr/drivers/serial/libdrivers__serial.a(uart_ns16550.c.obj)
 .debug_frame   0x0000000000000a30      0x10c zephyr/drivers/timer/libdrivers__timer.a(riscv_machine_timer.c.obj)
 .debug_frame   0x0000000000000b3c      0x110 zephyr/kernel/libkernel.a(device.c.obj)
 .debug_frame   0x0000000000000c4c       0xcc zephyr/kernel/libkernel.a(fatal.c.obj)
 .debug_frame   0x0000000000000d18      0x14c zephyr/kernel/libkernel.a(init.c.obj)
 .debug_frame   0x0000000000000e64      0x248 zephyr/kernel/libkernel.a(thread.c.obj)
 .debug_frame   0x00000000000010ac       0x44 zephyr/kernel/libkernel.a(idle.c.obj)
 .debug_frame   0x00000000000010f0       0xb8 zephyr/kernel/libkernel.a(mutex.c.obj)
 .debug_frame   0x00000000000011a8      0x890 zephyr/kernel/libkernel.a(sched.c.obj)
 .debug_frame   0x0000000000001a38      0x278 zephyr/kernel/libkernel.a(timeout.c.obj)
 .debug_frame   0x0000000000001cb0       0x2c zephyr/kernel/libkernel.a(banner.c.obj)
 .debug_frame   0x0000000000001cdc       0x20 zephyr/CMakeFiles/offsets.dir/./arch/riscv/core/offsets/offsets.c.obj
 .debug_frame   0x0000000000001cfc       0x30 /opt/toolchains/zephyr-sdk-0.15.1/riscv64-zephyr-elf/riscv64-zephyr-elf/lib/./libc_nano.a(lib_a-malloc.o)
 .debug_frame   0x0000000000001d2c       0x38 /opt/toolchains/zephyr-sdk-0.15.1/riscv64-zephyr-elf/riscv64-zephyr-elf/lib/./libc_nano.a(lib_a-nano-freer.o)
 .debug_frame   0x0000000000001d64       0x40 /opt/toolchains/zephyr-sdk-0.15.1/riscv64-zephyr-elf/riscv64-zephyr-elf/lib/./libc_nano.a(lib_a-nano-mallocr.o)
 .debug_frame   0x0000000000001da4       0x58 /opt/toolchains/zephyr-sdk-0.15.1/riscv64-zephyr-elf/riscv64-zephyr-elf/lib/./libc_nano.a(lib_a-printf.o)
 .debug_frame   0x0000000000001dfc       0x34 /opt/toolchains/zephyr-sdk-0.15.1/riscv64-zephyr-elf/riscv64-zephyr-elf/lib/./libc_nano.a(lib_a-sbrkr.o)
 .debug_frame   0x0000000000001e30       0x20 /opt/toolchains/zephyr-sdk-0.15.1/riscv64-zephyr-elf/riscv64-zephyr-elf/lib/./libc_nano.a(lib_a-strlen.o)
 .debug_frame   0x0000000000001e50       0x20 /opt/toolchains/zephyr-sdk-0.15.1/riscv64-zephyr-elf/riscv64-zephyr-elf/lib/./libc_nano.a(lib_a-strnlen.o)
 .debug_frame   0x0000000000001e70      0x17c /opt/toolchains/zephyr-sdk-0.15.1/riscv64-zephyr-elf/riscv64-zephyr-elf/lib/./libc_nano.a(lib_a-findfp.o)
 .debug_frame   0x0000000000001fec       0x8c /opt/toolchains/zephyr-sdk-0.15.1/riscv64-zephyr-elf/riscv64-zephyr-elf/lib/./libc_nano.a(lib_a-fwalk.o)
 .debug_frame   0x0000000000002078       0x30 /opt/toolchains/zephyr-sdk-0.15.1/riscv64-zephyr-elf/riscv64-zephyr-elf/lib/./libc_nano.a(lib_a-mlock.o)
 .debug_frame   0x00000000000020a8       0xd4 /opt/toolchains/zephyr-sdk-0.15.1/riscv64-zephyr-elf/riscv64-zephyr-elf/lib/./libc_nano.a(lib_a-nano-vfprintf.o)
 .debug_frame   0x000000000000217c       0x90 /opt/toolchains/zephyr-sdk-0.15.1/riscv64-zephyr-elf/riscv64-zephyr-elf/lib/./libc_nano.a(lib_a-nano-vfprintf_i.o)
 .debug_frame   0x000000000000220c       0x74 /opt/toolchains/zephyr-sdk-0.15.1/riscv64-zephyr-elf/riscv64-zephyr-elf/lib/./libc_nano.a(lib_a-reent.o)
 .debug_frame   0x0000000000002280       0xa4 /opt/toolchains/zephyr-sdk-0.15.1/riscv64-zephyr-elf/riscv64-zephyr-elf/lib/./libc_nano.a(lib_a-stdio.o)
 .debug_frame   0x0000000000002324       0x50 /opt/toolchains/zephyr-sdk-0.15.1/riscv64-zephyr-elf/riscv64-zephyr-elf/lib/./libc_nano.a(lib_a-wbuf.o)
 .debug_frame   0x0000000000002374       0x34 /opt/toolchains/zephyr-sdk-0.15.1/riscv64-zephyr-elf/riscv64-zephyr-elf/lib/./libc_nano.a(lib_a-writer.o)
 .debug_frame   0x00000000000023a8       0x40 /opt/toolchains/zephyr-sdk-0.15.1/riscv64-zephyr-elf/riscv64-zephyr-elf/lib/./libc_nano.a(lib_a-wsetup.o)
 .debug_frame   0x00000000000023e8       0x34 /opt/toolchains/zephyr-sdk-0.15.1/riscv64-zephyr-elf/riscv64-zephyr-elf/lib/./libc_nano.a(lib_a-closer.o)
 .debug_frame   0x000000000000241c       0x78 /opt/toolchains/zephyr-sdk-0.15.1/riscv64-zephyr-elf/riscv64-zephyr-elf/lib/./libc_nano.a(lib_a-fflush.o)
 .debug_frame   0x0000000000002494       0x34 /opt/toolchains/zephyr-sdk-0.15.1/riscv64-zephyr-elf/riscv64-zephyr-elf/lib/./libc_nano.a(lib_a-lseekr.o)
 .debug_frame   0x00000000000024c8       0x6c /opt/toolchains/zephyr-sdk-0.15.1/riscv64-zephyr-elf/riscv64-zephyr-elf/lib/./libc_nano.a(lib_a-makebuf.o)
 .debug_frame   0x0000000000002534       0x20 /opt/toolchains/zephyr-sdk-0.15.1/riscv64-zephyr-elf/riscv64-zephyr-elf/lib/./libc_nano.a(lib_a-memchr.o)
 .debug_frame   0x0000000000002554       0x34 /opt/toolchains/zephyr-sdk-0.15.1/riscv64-zephyr-elf/riscv64-zephyr-elf/lib/./libc_nano.a(lib_a-readr.o)
 .debug_frame   0x0000000000002588       0x34 /opt/toolchains/zephyr-sdk-0.15.1/riscv64-zephyr-elf/riscv64-zephyr-elf/lib/./libc_nano.a(lib_a-fstatr.o)
 .debug_frame   0x00000000000025bc       0x34 /opt/toolchains/zephyr-sdk-0.15.1/riscv64-zephyr-elf/riscv64-zephyr-elf/lib/./libc_nano.a(lib_a-isattyr.o)

.debug_str      0x0000000000000000     0x3c71
 *(SORT_BY_ALIGNMENT(.debug_str))
 .debug_str     0x0000000000000000      0x367 zephyr/CMakeFiles/zephyr_final.dir/dev_handles.c.obj
                                        0x3a8 (size before relaxing)
 .debug_str     0x0000000000000367       0x4e zephyr/CMakeFiles/zephyr_final.dir/isr_tables.c.obj
                                        0x223 (size before relaxing)
 .debug_str     0x00000000000003b5       0x3f app/libapp.a(ripe_attack_generator.c.obj)
                                        0x204 (size before relaxing)
 .debug_str     0x00000000000003f4      0x12f zephyr/libzephyr.a(printk.c.obj)
                                        0x4e1 (size before relaxing)
 .debug_str     0x0000000000000523      0x1f9 zephyr/libzephyr.a(thread_entry.c.obj)
                                        0x49c (size before relaxing)
 .debug_str     0x000000000000071c      0x35a zephyr/libzephyr.a(cbprintf_complete.c.obj)
                                        0x5fe (size before relaxing)
 .debug_str     0x0000000000000a76       0x2f zephyr/libzephyr.a(configs.c.obj)
                                        0x15f (size before relaxing)
 .debug_str     0x0000000000000aa5       0x85 zephyr/libzephyr.a(idle.c.obj)
                                        0x250 (size before relaxing)
 .debug_str     0x0000000000000b2a       0x47 zephyr/libzephyr.a(soc_irq.S.obj)
                                         0x56 (size before relaxing)
 .debug_str     0x0000000000000b71      0x12f zephyr/libzephyr.a(soc_common_irq.c.obj)
                                        0x31f (size before relaxing)
 .debug_str     0x0000000000000ca0       0x3a zephyr/libzephyr.a(vector.S.obj)
                                         0x55 (size before relaxing)
 .debug_str     0x0000000000000cda       0x75 zephyr/libzephyr.a(tracing_none.c.obj)
                                        0x24f (size before relaxing)
 .debug_str     0x0000000000000d4f      0x48b zephyr/arch/arch/riscv/core/libarch__riscv__core.a(fatal.c.obj)
                                        0x6ff (size before relaxing)
 .debug_str     0x00000000000011da       0x34 zephyr/arch/arch/riscv/core/libarch__riscv__core.a(irq_manage.c.obj)
                                        0x6e6 (size before relaxing)
 .debug_str     0x000000000000120e       0x26 zephyr/arch/arch/riscv/core/libarch__riscv__core.a(isr.S.obj)
                                         0x41 (size before relaxing)
 .debug_str     0x0000000000001234       0x50 zephyr/arch/arch/riscv/core/libarch__riscv__core.a(prep_c.c.obj)
                                        0x22e (size before relaxing)
 .debug_str     0x0000000000001284       0x28 zephyr/arch/arch/riscv/core/libarch__riscv__core.a(reset.S.obj)
                                         0x43 (size before relaxing)
 .debug_str     0x00000000000012ac       0x29 zephyr/arch/arch/riscv/core/libarch__riscv__core.a(switch.S.obj)
                                         0x44 (size before relaxing)
 .debug_str     0x00000000000012d5       0xd6 zephyr/arch/arch/riscv/core/libarch__riscv__core.a(smp.c.obj)
                                        0x46b (size before relaxing)
 .debug_str     0x00000000000013ab       0x75 zephyr/arch/arch/riscv/core/libarch__riscv__core.a(thread.c.obj)
                                        0x4e9 (size before relaxing)
 .debug_str     0x0000000000001420      0x5cb zephyr/lib/libc/newlib/liblib__libc__newlib.a(libc-hooks.c.obj)
                                        0xd14 (size before relaxing)
 .debug_str     0x00000000000019eb       0xeb zephyr/drivers/interrupt_controller/libdrivers__interrupt_controller.a(intc_plic.c.obj)
                                        0x56a (size before relaxing)
 .debug_str     0x0000000000001ad6      0x1ac zephyr/drivers/console/libdrivers__console.a(uart_console.c.obj)
                                        0x4fd (size before relaxing)
 .debug_str     0x0000000000001c82      0x5ae zephyr/drivers/serial/libdrivers__serial.a(uart_ns16550.c.obj)
                                        0xafe (size before relaxing)
 .debug_str     0x0000000000002230      0x16f zephyr/drivers/timer/libdrivers__timer.a(riscv_machine_timer.c.obj)
                                        0x887 (size before relaxing)
 .debug_str     0x000000000000239f      0x203 zephyr/kernel/libkernel.a(device.c.obj)
                                        0x492 (size before relaxing)
 .debug_str     0x00000000000025a2      0x1ff zephyr/kernel/libkernel.a(fatal.c.obj)
                                        0xabb (size before relaxing)
 .debug_str     0x00000000000027a1      0x306 zephyr/kernel/libkernel.a(init.c.obj)
                                        0x90b (size before relaxing)
 .debug_str     0x0000000000002aa7      0x4bb zephyr/kernel/libkernel.a(thread.c.obj)
                                        0xee4 (size before relaxing)
 .debug_str     0x0000000000002f62       0x51 zephyr/kernel/libkernel.a(idle.c.obj)
                                        0x2fc (size before relaxing)
 .debug_str     0x0000000000002fb3      0x190 zephyr/kernel/libkernel.a(mutex.c.obj)
                                        0xb31 (size before relaxing)
 .debug_str     0x0000000000003143      0x85f zephyr/kernel/libkernel.a(sched.c.obj)
                                       0x1629 (size before relaxing)
 .debug_str     0x00000000000039a2      0x1a1 zephyr/kernel/libkernel.a(timeout.c.obj)
                                        0x9e5 (size before relaxing)
 .debug_str     0x0000000000003b43       0x2b zephyr/kernel/libkernel.a(banner.c.obj)
                                        0x249 (size before relaxing)
 .debug_str     0x0000000000003b6e      0x103 zephyr/CMakeFiles/offsets.dir/./arch/riscv/core/offsets/offsets.c.obj
                                        0x2ce (size before relaxing)

.debug_loc      0x0000000000000000     0x7cd5
 *(SORT_BY_ALIGNMENT(.debug_loc))
 .debug_loc     0x0000000000000000      0x35c zephyr/libzephyr.a(printk.c.obj)
 .debug_loc     0x000000000000035c       0xb8 zephyr/libzephyr.a(thread_entry.c.obj)
 .debug_loc     0x0000000000000414     0x12c1 zephyr/libzephyr.a(cbprintf_complete.c.obj)
 .debug_loc     0x00000000000016d5       0xa1 zephyr/libzephyr.a(idle.c.obj)