Archive member included to satisfy reference by file (symbol)

app/libapp.a(ripe_attack_generator.c.obj)
                              (--whole-archive)
zephyr/libzephyr.a(cbprintf_packaged.c.obj)
                              (--whole-archive)
zephyr/libzephyr.a(crc32c_sw.c.obj)
                              (--whole-archive)
zephyr/libzephyr.a(crc32_sw.c.obj)
                              (--whole-archive)
zephyr/libzephyr.a(crc16_sw.c.obj)
                              (--whole-archive)
zephyr/libzephyr.a(crc8_sw.c.obj)
                              (--whole-archive)
zephyr/libzephyr.a(crc7_sw.c.obj)
                              (--whole-archive)
zephyr/libzephyr.a(dec.c.obj)
                              (--whole-archive)
zephyr/libzephyr.a(fdtable.c.obj)
                              (--whole-archive)
zephyr/libzephyr.a(hex.c.obj)
                              (--whole-archive)
zephyr/libzephyr.a(printk.c.obj)
                              (--whole-archive)
zephyr/libzephyr.a(rb.c.obj)  (--whole-archive)
zephyr/libzephyr.a(sem.c.obj)
                              (--whole-archive)
zephyr/libzephyr.a(thread_entry.c.obj)
                              (--whole-archive)
zephyr/libzephyr.a(timeutil.c.obj)
                              (--whole-archive)
zephyr/libzephyr.a(heap.c.obj)
                              (--whole-archive)
zephyr/libzephyr.a(heap-validate.c.obj)
                              (--whole-archive)
zephyr/libzephyr.a(bitarray.c.obj)
                              (--whole-archive)
zephyr/libzephyr.a(multi_heap.c.obj)
                              (--whole-archive)
zephyr/libzephyr.a(cbprintf_complete.c.obj)
                              (--whole-archive)
zephyr/libzephyr.a(cbprintf.c.obj)
                              (--whole-archive)
zephyr/libzephyr.a(assert.c.obj)
                              (--whole-archive)
zephyr/libzephyr.a(configs.c.obj)
                              (--whole-archive)
zephyr/libzephyr.a(idle.c.obj)
                              (--whole-archive)
zephyr/libzephyr.a(soc_irq.S.obj)
                              (--whole-archive)
zephyr/libzephyr.a(soc_common_irq.c.obj)
                              (--whole-archive)
zephyr/libzephyr.a(vector.S.obj)
                              (--whole-archive)
zephyr/libzephyr.a(tracing_none.c.obj)
                              (--whole-archive)
zephyr/arch/common/libarch__common.a(sw_isr_common.c.obj)
                              (--whole-archive)
zephyr/arch/arch/riscv/core/libarch__riscv__core.a(cpu_idle.c.obj)
                              (--whole-archive)
zephyr/arch/arch/riscv/core/libarch__riscv__core.a(fatal.c.obj)
                              (--whole-archive)
zephyr/arch/arch/riscv/core/libarch__riscv__core.a(irq_manage.c.obj)
                              (--whole-archive)
zephyr/arch/arch/riscv/core/libarch__riscv__core.a(isr.S.obj)
                              (--whole-archive)
zephyr/arch/arch/riscv/core/libarch__riscv__core.a(prep_c.c.obj)
                              (--whole-archive)
zephyr/arch/arch/riscv/core/libarch__riscv__core.a(reboot.c.obj)
                              (--whole-archive)
zephyr/arch/arch/riscv/core/libarch__riscv__core.a(reset.S.obj)
                              (--whole-archive)
zephyr/arch/arch/riscv/core/libarch__riscv__core.a(switch.S.obj)
                              (--whole-archive)
zephyr/arch/arch/riscv/core/libarch__riscv__core.a(smp.c.obj)
                              (--whole-archive)
zephyr/arch/arch/riscv/core/libarch__riscv__core.a(thread.c.obj)
                              (--whole-archive)
zephyr/lib/libc/newlib/liblib__libc__newlib.a(libc-hooks.c.obj)
                              (--whole-archive)
zephyr/drivers/interrupt_controller/libdrivers__interrupt_controller.a(intc_plic.c.obj)
                              (--whole-archive)
zephyr/drivers/console/libdrivers__console.a(uart_console.c.obj)
                              (--whole-archive)
zephyr/drivers/serial/libdrivers__serial.a(uart_ns16550.c.obj)
                              (--whole-archive)
zephyr/drivers/timer/libdrivers__timer.a(sys_clock_init.c.obj)
                              (--whole-archive)
zephyr/drivers/timer/libdrivers__timer.a(riscv_machine_timer.c.obj)
                              (--whole-archive)
zephyr/kernel/libkernel.a(device.c.obj)
                              zephyr/drivers/console/libdrivers__console.a(uart_console.c.obj) (z_device_is_ready)
zephyr/kernel/libkernel.a(errno.c.obj)
                              zephyr/lib/libc/newlib/liblib__libc__newlib.a(libc-hooks.c.obj) (z_impl_z_errno)
zephyr/kernel/libkernel.a(fatal.c.obj)
                              zephyr/arch/arch/riscv/core/libarch__riscv__core.a(fatal.c.obj) (z_fatal_error)
zephyr/kernel/libkernel.a(init.c.obj)
                              zephyr/arch/arch/riscv/core/libarch__riscv__core.a(isr.S.obj) (_kernel)
zephyr/kernel/libkernel.a(thread.c.obj)
[...]
Memory Configuration

Name             Origin             Length             Attributes
RAM              0x0000000080000000 0x0000000040000000 xrw
IDT_LIST         0x00000000fffff7ff 0x0000000000000800 xw
*default*        0x0000000000000000 0xffffffffffffffff

Linker script and memory map

LOAD zephyr/CMakeFiles/zephyr_final.dir/misc/empty_file.c.obj
LOAD zephyr/CMakeFiles/zephyr_final.dir/dev_handles.c.obj
LOAD zephyr/CMakeFiles/zephyr_final.dir/isr_tables.c.obj

.rel.plt        0x0000000000000000        0x0
 *(SORT_BY_ALIGNMENT(.rel.plt))
                [!provide]                        PROVIDE (__rel_iplt_start = .)
 *(SORT_BY_ALIGNMENT(.rel.iplt))
                [!provide]                        PROVIDE (__rel_iplt_end = .)

.rela.plt       0x0000000000000000        0x0
 *(SORT_BY_ALIGNMENT(.rela.plt))
                [!provide]                        PROVIDE (__rela_iplt_start = .)
 *(SORT_BY_ALIGNMENT(.rela.iplt))
                [!provide]                        PROVIDE (__rela_iplt_end = .)

.rel.dyn
 *(SORT_BY_ALIGNMENT(.rel.*))

.rela.dyn       0x0000000080000000        0x0
 *(SORT_BY_ALIGNMENT(.rela.*))
 .rela.sdata._char_out
                0x0000000080000000        0x0 zephyr/CMakeFiles/zephyr_final.dir/isr_tables.c.obj
 .rela.vectors.__start
                0x0000000080000000        0x0 zephyr/CMakeFiles/zephyr_final.dir/isr_tables.c.obj
 .rela.exception.entry._isr_wrapper
                0x0000000080000000        0x0 zephyr/CMakeFiles/zephyr_final.dir/isr_tables.c.obj
 .rela.text._sbrk
                0x0000000080000000        0x0 zephyr/CMakeFiles/zephyr_final.dir/isr_tables.c.obj
 .rela.text.z_device_state_init
                0x0000000080000000        0x0 zephyr/CMakeFiles/zephyr_final.dir/isr_tables.c.obj
 .rela.rodata.levels.0
                0x0000000080000000        0x0 zephyr/CMakeFiles/zephyr_final.dir/isr_tables.c.obj
 .rela.text.z_bss_zero
                0x0000000080000000        0x0 zephyr/CMakeFiles/zephyr_final.dir/isr_tables.c.obj
 .rela.text.z_init_static_threads
                0x0000000080000000        0x0 zephyr/CMakeFiles/zephyr_final.dir/isr_tables.c.obj
 .rela.text     0x0000000080000000        0x0 zephyr/CMakeFiles/zephyr_final.dir/isr_tables.c.obj

.plt
 *(SORT_BY_ALIGNMENT(.plt))

.iplt
 *(SORT_BY_ALIGNMENT(.iplt))
                0x0000000080000000                __rom_region_start = 0x80000000

rom_start       0x0000000080000000       0x18
                0x0000000080000000                . = ALIGN (0x10)
 *(SORT_BY_ALIGNMENT(.vectors.*))
 .vectors.__start
                0x0000000080000000       0x18 zephyr/libzephyr.a(vector.S.obj)
                0x0000000080000000                __start

reset           0x0000000080000018        0x4
 *(SORT_BY_ALIGNMENT(.reset.*))
 .reset.__reset
                0x0000000080000018        0x4 zephyr/arch/arch/riscv/core/libarch__riscv__core.a(reset.S.obj)
                0x0000000080000018                __reset

exceptions      0x000000008000001c      0x1c8
 *(SORT_BY_ALIGNMENT(.exception.entry.*))
 .exception.entry._isr_wrapper
                0x000000008000001c      0x19c zephyr/arch/arch/riscv/core/libarch__riscv__core.a(isr.S.obj)
                0x000000008000001c                _isr_wrapper
                0x000000008000015c                z_riscv_thread_start
 *(SORT_BY_ALIGNMENT(.exception.other.*))
 .exception.other.__soc_handle_irq
                0x00000000800001b8       0x10 zephyr/libzephyr.a(soc_irq.S.obj)
                0x00000000800001b8                __soc_handle_irq
 .exception.other.__soc_is_irq
                0x00000000800001c8       0x1c zephyr/libzephyr.a(soc_irq.S.obj)
                0x00000000800001c8                __soc_is_irq

text            0x00000000800001e4     0x87dc
                0x00000000800001e4                . = ALIGN (0x4)
 *(SORT_BY_ALIGNMENT(.openocd_debug))
 *(SORT_BY_ALIGNMENT(.openocd_debug.*))
                0x00000000800001e4                __text_region_start = .
 *(SORT_BY_ALIGNMENT(.text))
 .text          0x00000000800001e4      0x430 /opt/toolchains/zephyr-sdk-0.15.1/riscv64-zephyr-elf/bin/../lib/gcc/riscv64-zephyr-elf/12.1.0/libgcc.a(_udivdi3.o)
                0x00000000800001e4                __udivdi3
 .text          0x0000000080000614      0x3e4 /opt/toolchains/zephyr-sdk-0.15.1/riscv64-zephyr-elf/bin/../lib/gcc/riscv64-zephyr-elf/12.1.0/libgcc.a(_umoddi3.o)
                0x0000000080000614                __umoddi3
 .text          0x00000000800009f8       0x44 /opt/toolchains/zephyr-sdk-0.15.1/riscv64-zephyr-elf/riscv64-zephyr-elf/lib/./libc_nano.a(lib_a-exit.o)
                0x00000000800009f8                exit
 .text          0x0000000080000a3c       0x20 /opt/toolchains/zephyr-sdk-0.15.1/riscv64-zephyr-elf/riscv64-zephyr-elf/lib/./libc_nano.a(lib_a-malloc.o)
                0x0000000080000a3c                malloc
                0x0000000080000a4c                free
 .text          0x0000000080000a5c      0x374 /opt/toolchains/zephyr-sdk-0.15.1/riscv64-zephyr-elf/riscv64-zephyr-elf/lib/./libc_nano.a(lib_a-memcpy.o)
                0x0000000080000a5c                memcpy
 .text          0x0000000080000dd0       0xdc /opt/toolchains/zephyr-sdk-0.15.1/riscv64-zephyr-elf/riscv64-zephyr-elf/lib/./libc_nano.a(lib_a-memset.o)
                0x0000000080000dd0                memset
 .text          0x0000000080000eac      0x16c /opt/toolchains/zephyr-sdk-0.15.1/riscv64-zephyr-elf/riscv64-zephyr-elf/lib/./libc_nano.a(lib_a-nano-freer.o)
                0x0000000080000eac                _free_r
 .text          0x0000000080001018      0x168 /opt/toolchains/zephyr-sdk-0.15.1/riscv64-zephyr-elf/riscv64-zephyr-elf/lib/./libc_nano.a(lib_a-nano-mallocr.o)
                0x0000000080001018                _malloc_r
 .text          0x0000000080001180       0x64 /opt/toolchains/zephyr-sdk-0.15.1/riscv64-zephyr-elf/riscv64-zephyr-elf/lib/./libc_nano.a(lib_a-sbrkr.o)
                0x0000000080001180                _sbrk_r
 .text          0x00000000800011e4       0x84 /opt/toolchains/zephyr-sdk-0.15.1/riscv64-zephyr-elf/riscv64-zephyr-elf/lib/./libc_nano.a(lib_a-setjmp.o)
                0x00000000800011e4                setjmp
                0x0000000080001224                longjmp
 .text          0x0000000080001268      0x1c4 /opt/toolchains/zephyr-sdk-0.15.1/riscv64-zephyr-elf/riscv64-zephyr-elf/lib/./libc_nano.a(lib_a-snprintf.o)
                0x0000000080001268                _snprintf_r
                0x0000000080001348                snprintf
 .text          0x000000008000142c       0x94 /opt/toolchains/zephyr-sdk-0.15.1/riscv64-zephyr-elf/riscv64-zephyr-elf/lib/./libc_nano.a(lib_a-strcat_chk.o)
                0x000000008000142c                __strcat_chk
 .text          0x00000000800014c0       0x8c /opt/toolchains/zephyr-sdk-0.15.1/riscv64-zephyr-elf/riscv64-zephyr-elf/lib/./libc_nano.a(lib_a-strcat.o)
                0x00000000800014c0                strcat
 .text          0x000000008000154c       0x70 /opt/toolchains/zephyr-sdk-0.15.1/riscv64-zephyr-elf/riscv64-zephyr-elf/lib/./libc_nano.a(lib_a-strcpy_chk.o)
                0x000000008000154c                __strcpy_chk
 .text          0x00000000800015bc      0x214 /opt/toolchains/zephyr-sdk-0.15.1/riscv64-zephyr-elf/riscv64-zephyr-elf/lib/./libc_nano.a(lib_a-strcpy.o)
                0x0000000080001614                strcpy
 .text          0x00000000800017d0      0x2e4 /opt/toolchains/zephyr-sdk-0.15.1/riscv64-zephyr-elf/riscv64-zephyr-elf/lib/./libc_nano.a(lib_a-strlen.o)
                0x0000000080001828                strlen
 .text          0x0000000080001ab4       0x80 /opt/toolchains/zephyr-sdk-0.15.1/riscv64-zephyr-elf/riscv64-zephyr-elf/lib/./libc_nano.a(lib_a-strncat_chk.o)
                0x0000000080001ab4                __strncat_chk
 .text          0x0000000080001b34       0x98 /opt/toolchains/zephyr-sdk-0.15.1/riscv64-zephyr-elf/riscv64-zephyr-elf/lib/./libc_nano.a(lib_a-strncat.o)
                0x0000000080001b34                strncat
 .text          0x0000000080001bcc       0xb0 /opt/toolchains/zephyr-sdk-0.15.1/riscv64-zephyr-elf/riscv64-zephyr-elf/lib/./libc_nano.a(lib_a-strncpy.o)
                0x0000000080001bcc                strncpy
 .text          0x0000000080001c7c       0x3c /opt/toolchains/zephyr-sdk-0.15.1/riscv64-zephyr-elf/riscv64-zephyr-elf/lib/./libc_nano.a(lib_a-strnlen.o)
                0x0000000080001c7c                strnlen
 .text          0x0000000080001cb8      0x204 /opt/toolchains/zephyr-sdk-0.15.1/riscv64-zephyr-elf/riscv64-zephyr-elf/lib/./libc_nano.a(lib_a-strtoul.o)
                0x0000000080001e7c                _strtoul_r
                0x0000000080001e84                strtoul_l
                0x0000000080001ea0                strtoul
 .text          0x0000000080001ebc       0x18 /opt/toolchains/zephyr-sdk-0.15.1/riscv64-zephyr-elf/riscv64-zephyr-elf/lib/./libc_nano.a(lib_a-mlock.o)
                0x0000000080001ebc                __malloc_lock
                0x0000000080001ec8                __malloc_unlock
 .text          0x0000000080001ed4      0x734 /opt/toolchains/zephyr-sdk-0.15.1/riscv64-zephyr-elf/riscv64-zephyr-elf/lib/./libc_nano.a(lib_a-nano-svfprintf.o)
                0x0000000080001ed4                __ssputs_r
                0x0000000080002050                __ssprint_r
                0x000000008000221c                _svfprintf_r
                0x000000008000221c                _svfiprintf_r
 .text          0x0000000080002608      0x610 /opt/toolchains/zephyr-sdk-0.15.1/riscv64-zephyr-elf/riscv64-zephyr-elf/lib/./libc_nano.a(lib_a-nano-vfprintf_i.o)
                0x0000000080002608                _printf_common
                0x0000000080002818                _printf_i
 .text          0x0000000080002c18       0xc8 /opt/toolchains/zephyr-sdk-0.15.1/riscv64-zephyr-elf/riscv64-zephyr-elf/lib/./libc_nano.a(lib_a-memchr.o)
                0x0000000080002c18                memchr
 .text          0x0000000080002ce0      0x20c /opt/toolchains/zephyr-sdk-0.15.1/riscv64-zephyr-elf/riscv64-zephyr-elf/lib/./libc_nano.a(lib_a-memmove-stub.o)
                0x0000000080002ce0                memmove
 .text          0x0000000080002eec       0xf0 /opt/toolchains/zephyr-sdk-0.15.1/riscv64-zephyr-elf/riscv64-zephyr-elf/lib/./libc_nano.a(lib_a-nano-reallocr.o)
                0x0000000080002eec                _realloc_r
 .text          0x0000000080002fdc       0x24 /opt/toolchains/zephyr-sdk-0.15.1/riscv64-zephyr-elf/riscv64-zephyr-elf/lib/./libc_nano.a(lib_a-nano-msizer.o)
                0x0000000080002fdc                _malloc_usable_size_r
 *(SORT_BY_ALIGNMENT(.text.*))
 .text.dummy_function
                0x0000000080003000       0x28 app/libapp.a(ripe_attack_generator.c.obj)
                0x0000000080003000                dummy_function
 .text.shellcode_target
                0x0000000080003028       0x20 app/libapp.a(ripe_attack_generator.c.obj)
                0x0000000080003028                shellcode_target
 .text.ret2libc_target
                0x0000000080003048       0x20 app/libapp.a(ripe_attack_generator.c.obj)
                0x0000000080003048                ret2libc_target
 .text.rop_target
                0x0000000080003068       0x20 app/libapp.a(ripe_attack_generator.c.obj)
                0x0000000080003068                rop_target
 .text.hex_to_bin
                0x0000000080003088       0x64 app/libapp.a(ripe_attack_generator.c.obj)
                0x0000000080003088                hex_to_bin
 .text.print_current_test_parameters
                0x00000000800030ec       0xc0 app/libapp.a(ripe_attack_generator.c.obj)
                0x00000000800030ec                print_current_test_parameters
 .text.build_payload
                0x00000000800031ac      0x1ec app/libapp.a(ripe_attack_generator.c.obj)
                0x00000000800031ac                build_payload
 .text.lj_func  0x0000000080003398       0x14 app/libapp.a(ripe_attack_generator.c.obj)
                0x0000000080003398                lj_func
 .text.homebrew_memcpy
                0x00000000800033ac       0x28 app/libapp.a(ripe_attack_generator.c.obj)
                0x00000000800033ac                homebrew_memcpy
 .text.set_low_buf
                0x00000000800033d4       0x34 app/libapp.a(ripe_attack_generator.c.obj)
                0x00000000800033d4                set_low_buf
 .text.iof      0x0000000080003408       0x54 app/libapp.a(ripe_attack_generator.c.obj)
                0x0000000080003408                iof
 .text.dop_target
                0x000000008000345c       0x64 app/libapp.a(ripe_attack_generator.c.obj)
                0x000000008000345c                dop_target
 .text.data_leak
                0x00000000800034c0       0xa8 app/libapp.a(ripe_attack_generator.c.obj)
                0x00000000800034c0                data_leak
 .text.hex_to_string
                0x0000000080003568       0x68 app/libapp.a(ripe_attack_generator.c.obj)
                0x0000000080003568                hex_to_string
 .text.format_instruction
                0x00000000800035d0       0x58 app/libapp.a(ripe_attack_generator.c.obj)
                0x00000000800035d0                format_instruction
 .text.build_shellcode
                0x0000000080003628      0x294 app/libapp.a(ripe_attack_generator.c.obj)
                0x0000000080003628                build_shellcode
 .text.perform_attack
                0x00000000800038bc      0xda4 app/libapp.a(ripe_attack_generator.c.obj)
                0x00000000800038bc                perform_attack
 .text.is_attack_possible
                0x0000000080004660      0x40c app/libapp.a(ripe_attack_generator.c.obj)
                0x0000000080004660                is_attack_possible
 .text.try_attack
                0x0000000080004a6c       0x38 app/libapp.a(ripe_attack_generator.c.obj)
                0x0000000080004a6c                try_attack
 .text.main     0x0000000080004aa4       0x74 app/libapp.a(ripe_attack_generator.c.obj)
                0x0000000080004aa4                main
 .text.arch_printk_char_out
                0x0000000080004b18        0xc zephyr/libzephyr.a(printk.c.obj)
                0x0000000080004b18                arch_printk_char_out
 .text.char_out
                0x0000000080004b24       0x20 zephyr/libzephyr.a(printk.c.obj)
 .text.__printk_hook_install
                0x0000000080004b44        0xc zephyr/libzephyr.a(printk.c.obj)
                0x0000000080004b44                __printk_hook_install
 .text.vprintk  0x0000000080004b50       0x34 zephyr/libzephyr.a(printk.c.obj)
                0x0000000080004b50                vprintk
 .text.printk   0x0000000080004b84       0x40 zephyr/libzephyr.a(printk.c.obj)
                0x0000000080004b84                printk
 .text.z_thread_entry
                0x0000000080004bc4       0x28 zephyr/libzephyr.a(thread_entry.c.obj)
                0x0000000080004bc4                z_thread_entry
 .text.extract_decimal
                0x0000000080004bec       0x50 zephyr/libzephyr.a(cbprintf_complete.c.obj)
 .text.extract_flags
                0x0000000080004c3c       0xc4 zephyr/libzephyr.a(cbprintf_complete.c.obj)
 .text.extract_width
                0x0000000080004d00       0xbc zephyr/libzephyr.a(cbprintf_complete.c.obj)
 .text.extract_prec
                0x0000000080004dbc       0xcc zephyr/libzephyr.a(cbprintf_complete.c.obj)
 .text.extract_length
                0x0000000080004e88      0x1a8 zephyr/libzephyr.a(cbprintf_complete.c.obj)
 .text.extract_specifier
                0x0000000080005030      0x1d4 zephyr/libzephyr.a(cbprintf_complete.c.obj)
 .text.extract_conversion
                0x0000000080005204       0x84 zephyr/libzephyr.a(cbprintf_complete.c.obj)
 .text.conversion_radix
                0x0000000080005288       0x58 zephyr/libzephyr.a(cbprintf_complete.c.obj)
 .text.encode_uint
                0x00000000800052e0      0x164 zephyr/libzephyr.a(cbprintf_complete.c.obj)
 .text.store_count
                0x0000000080005444       0x80 zephyr/libzephyr.a(cbprintf_complete.c.obj)
 .text.outs     0x00000000800054c4       0x84 zephyr/libzephyr.a(cbprintf_complete.c.obj)
 .text.z_cbvprintf_impl
                0x0000000080005548      0x7fc zephyr/libzephyr.a(cbprintf_complete.c.obj)
                0x0000000080005548                z_cbvprintf_impl
 .text._ConfigAbsSyms
                0x0000000080005d44        0x8 zephyr/libzephyr.a(configs.c.obj)
                0x0000000080005d44                _ConfigAbsSyms
 .text.arch_cpu_idle
                0x0000000080005d4c       0x28 zephyr/libzephyr.a(idle.c.obj)
                0x0000000080005d4c                arch_cpu_idle
 .text.arch_irq_enable
                0x0000000080005d74       0x3c zephyr/libzephyr.a(soc_common_irq.c.obj)
                0x0000000080005d74                arch_irq_enable
 .text.z_riscv_irq_priority_set
                0x0000000080005db0       0x30 zephyr/libzephyr.a(soc_common_irq.c.obj)
                0x0000000080005db0                z_riscv_irq_priority_set
 .text.soc_interrupt_init
                0x0000000080005de0       0x14 zephyr/libzephyr.a(soc_common_irq.c.obj)
                0x0000000080005de0                soc_interrupt_init
 .text.sys_trace_idle
                0x0000000080005df4        0x8 zephyr/libzephyr.a(tracing_none.c.obj)
                0x0000000080005df4                sys_trace_idle
 .text.bad_stack_pointer
                0x0000000080005dfc        0xc zephyr/arch/arch/riscv/core/libarch__riscv__core.a(fatal.c.obj)
 .text.z_riscv_fatal_error
                0x0000000080005e08       0x10 zephyr/arch/arch/riscv/core/libarch__riscv__core.a(fatal.c.obj)
                0x0000000080005e08                z_riscv_fatal_error
 .text._Fault   0x0000000080005e18       0x30 zephyr/arch/arch/riscv/core/libarch__riscv__core.a(fatal.c.obj)
                0x0000000080005e18                _Fault
 .text.z_irq_spurious
                0x0000000080005e48       0x1c zephyr/arch/arch/riscv/core/libarch__riscv__core.a(irq_manage.c.obj)
                0x0000000080005e48                z_irq_spurious
 .text._PrepC   0x0000000080005e64       0x18 zephyr/arch/arch/riscv/core/libarch__riscv__core.a(prep_c.c.obj)
                0x0000000080005e64                _PrepC
 .text.__initialize
                0x0000000080005e7c       0x7c zephyr/arch/arch/riscv/core/libarch__riscv__core.a(reset.S.obj)
                0x0000000080005e7c                __initialize
 .text.z_riscv_switch
                0x0000000080005ef8       0x78 zephyr/arch/arch/riscv/core/libarch__riscv__core.a(switch.S.obj)
                0x0000000080005ef8                z_riscv_switch
 .text.z_riscv_secondary_cpu_init
                0x0000000080005f70       0x34 zephyr/arch/arch/riscv/core/libarch__riscv__core.a(smp.c.obj)
                0x0000000080005f70                z_riscv_secondary_cpu_init
 .text.arch_new_thread
                0x0000000080005fa4       0x4c zephyr/arch/arch/riscv/core/libarch__riscv__core.a(thread.c.obj)
                0x0000000080005fa4                arch_new_thread
 .text.malloc_prepare
                0x0000000080005ff0        0xc zephyr/lib/libc/newlib/liblib__libc__newlib.a(libc-hooks.c.obj)
 .text._stdout_hook_default
                0x0000000080005ffc        0xc zephyr/lib/libc/newlib/liblib__libc__newlib.a(libc-hooks.c.obj)
 .text.__stdout_hook_install
                0x0000000080006008        0xc zephyr/lib/libc/newlib/liblib__libc__newlib.a(libc-hooks.c.obj)
                0x0000000080006008                __stdout_hook_install
 .text.z_impl_zephyr_write_stdout
                0x0000000080006014       0x80 zephyr/lib/libc/newlib/liblib__libc__newlib.a(libc-hooks.c.obj)
                0x0000000080006014                z_impl_zephyr_write_stdout
 .text._write   0x0000000080006094       0x24 zephyr/lib/libc/newlib/liblib__libc__newlib.a(libc-hooks.c.obj)
                0x0000000080006094                write
                0x0000000080006094                _write
 .text._exit    0x00000000800060b8       0x24 zephyr/lib/libc/newlib/liblib__libc__newlib.a(libc-hooks.c.obj)
                0x00000000800060b8                _exit
 .text._sbrk    0x00000000800060dc       0x3c zephyr/lib/libc/newlib/liblib__libc__newlib.a(libc-hooks.c.obj)
                0x00000000800060dc                _sbrk
                0x00000000800060dc                sbrk
 .text.__retarget_lock_acquire_recursive
                0x0000000080006118       0x24 zephyr/lib/libc/newlib/liblib__libc__newlib.a(libc-hooks.c.obj)
                0x0000000080006118                __retarget_lock_acquire_recursive
 .text.__retarget_lock_release_recursive
                0x000000008000613c       0x1c zephyr/lib/libc/newlib/liblib__libc__newlib.a(libc-hooks.c.obj)
                0x000000008000613c                __retarget_lock_release_recursive
 .text.__chk_fail
                0x0000000080006158       0x2c zephyr/lib/libc/newlib/liblib__libc__newlib.a(libc-hooks.c.obj)
                0x0000000080006158                __chk_fail
 .text.plic_init
                0x0000000080006184       0x7c zephyr/drivers/interrupt_controller/libdrivers__interrupt_controller.a(intc_plic.c.obj)
 .text.plic_irq_handler
                0x0000000080006200       0x78 zephyr/drivers/interrupt_controller/libdrivers__interrupt_controller.a(intc_plic.c.obj)
 .text.riscv_plic_irq_enable
                0x0000000080006278       0x38 zephyr/drivers/interrupt_controller/libdrivers__interrupt_controller.a(intc_plic.c.obj)
                0x0000000080006278                riscv_plic_irq_enable
 .text.riscv_plic_set_priority
                0x00000000800062b0       0x24 zephyr/drivers/interrupt_controller/libdrivers__interrupt_controller.a(intc_plic.c.obj)
                0x00000000800062b0                riscv_plic_set_priority
 .text.console_out
                0x00000000800062d4       0x6c zephyr/drivers/console/libdrivers__console.a(uart_console.c.obj)
 .text.uart_console_hook_install
                0x0000000080006340       0x34 zephyr/drivers/console/libdrivers__console.a(uart_console.c.obj)
 .text.uart_console_init
                0x0000000080006374       0x38 zephyr/drivers/console/libdrivers__console.a(uart_console.c.obj)
 .text.clock_control_get_rate
                0x00000000800063ac       0x30 zephyr/drivers/serial/libdrivers__serial.a(uart_ns16550.c.obj)
 .text.set_baud_rate
                0x00000000800063dc       0x90 zephyr/drivers/serial/libdrivers__serial.a(uart_ns16550.c.obj)
 .text.uart_ns16550_config_get
                0x000000008000646c       0x38 zephyr/drivers/serial/libdrivers__serial.a(uart_ns16550.c.obj)
 .text.uart_ns16550_poll_in
                0x00000000800064a4       0x4c zephyr/drivers/serial/libdrivers__serial.a(uart_ns16550.c.obj)
 .text.uart_ns16550_poll_out
                0x00000000800064f0       0x3c zephyr/drivers/serial/libdrivers__serial.a(uart_ns16550.c.obj)
 .text.uart_ns16550_err_check
                0x000000008000652c       0x38 zephyr/drivers/serial/libdrivers__serial.a(uart_ns16550.c.obj)
 .text.uart_ns16550_configure
                0x0000000080006564      0x220 zephyr/drivers/serial/libdrivers__serial.a(uart_ns16550.c.obj)
 .text.uart_ns16550_init
                0x0000000080006784       0x20 zephyr/drivers/serial/libdrivers__serial.a(uart_ns16550.c.obj)
 .text.get_hart_mtimecmp
                0x00000000800067a4       0x24 zephyr/drivers/timer/libdrivers__timer.a(riscv_machine_timer.c.obj)
 .text.set_mtimecmp
                0x00000000800067c8       0x44 zephyr/drivers/timer/libdrivers__timer.a(riscv_machine_timer.c.obj)
 .text.mtime    0x000000008000680c       0x1c zephyr/drivers/timer/libdrivers__timer.a(riscv_machine_timer.c.obj)
 .text.sys_clock_driver_init
                0x0000000080006828       0x58 zephyr/drivers/timer/libdrivers__timer.a(riscv_machine_timer.c.obj)
 .text.timer_isr
                0x0000000080006880       0x68 zephyr/drivers/timer/libdrivers__timer.a(riscv_machine_timer.c.obj)
 .text.sys_clock_set_timeout
                0x00000000800068e8       0xe0 zephyr/drivers/timer/libdrivers__timer.a(riscv_machine_timer.c.obj)
                0x00000000800068e8                sys_clock_set_timeout
 .text.sys_clock_elapsed
                0x00000000800069c8       0x40 zephyr/drivers/timer/libdrivers__timer.a(riscv_machine_timer.c.obj)
                0x00000000800069c8                sys_clock_elapsed
 .text.z_device_state_init
                0x0000000080006a08       0x24 zephyr/kernel/libkernel.a(device.c.obj)
                0x0000000080006a08                z_device_state_init
 .text.z_sys_init_run_level
                0x0000000080006a2c       0xb8 zephyr/kernel/libkernel.a(device.c.obj)
                0x0000000080006a2c                z_sys_init_run_level
 .text.z_device_is_ready
                0x0000000080006ae4       0x28 zephyr/kernel/libkernel.a(device.c.obj)
                0x0000000080006ae4                z_device_is_ready
 .text.arch_system_halt
                0x0000000080006b0c        0xc zephyr/kernel/libkernel.a(fatal.c.obj)
                0x0000000080006b0c                arch_system_halt
 .text.k_sys_fatal_error_handler
                0x0000000080006b18       0x10 zephyr/kernel/libkernel.a(fatal.c.obj)
                0x0000000080006b18                k_sys_fatal_error_handler
 .text.z_fatal_error
                0x0000000080006b28       0x68 zephyr/kernel/libkernel.a(fatal.c.obj)
                0x0000000080006b28                z_fatal_error
 .text.init_idle_thread
                0x0000000080006b90       0xb4 zephyr/kernel/libkernel.a(init.c.obj)
 .text.bg_thread_main
                0x0000000080006c44       0x54 zephyr/kernel/libkernel.a(init.c.obj)
 .text.z_swap_unlocked
                0x0000000080006c98       0x7c zephyr/kernel/libkernel.a(init.c.obj)
 .text.switch_to_main_thread
                0x0000000080006d14       0x10 zephyr/kernel/libkernel.a(init.c.obj)
 .text.z_early_memset
                0x0000000080006d24       0x1c zephyr/kernel/libkernel.a(init.c.obj)
                0x0000000080006d24                z_early_memset
 .text.z_bss_zero
                0x0000000080006d40       0x38 zephyr/kernel/libkernel.a(init.c.obj)
                0x0000000080006d40                z_bss_zero
 .text.z_init_cpu
                0x0000000080006d78       0x88 zephyr/kernel/libkernel.a(init.c.obj)
                0x0000000080006d78                z_init_cpu
 .text.prepare_multithreading
                0x0000000080006e00       0xac zephyr/kernel/libkernel.a(init.c.obj)
 .text.z_cstart
                0x0000000080006eac       0x48 zephyr/kernel/libkernel.a(init.c.obj)
                0x0000000080006eac                z_cstart
 .text.setup_thread_stack
                0x0000000080006ef4       0x3c zephyr/kernel/libkernel.a(thread.c.obj)
 .text.z_impl_k_thread_start
                0x0000000080006f30       0x1c zephyr/kernel/libkernel.a(thread.c.obj)
                0x0000000080006f30                z_impl_k_thread_start
 .text.schedule_new_thread
                0x0000000080006f4c       0x40 zephyr/kernel/libkernel.a(thread.c.obj)
 .text.z_init_thread_base
                0x0000000080006f8c       0x24 zephyr/kernel/libkernel.a(thread.c.obj)
                0x0000000080006f8c                z_init_thread_base
 .text.z_setup_new_thread
                0x0000000080006fb0       0xd8 zephyr/kernel/libkernel.a(thread.c.obj)
                0x0000000080006fb0                z_setup_new_thread
 .text.z_init_static_threads
                0x0000000080007088       0xfc zephyr/kernel/libkernel.a(thread.c.obj)
                0x0000000080007088                z_init_static_threads
 .text.idle     0x0000000080007184       0x18 zephyr/kernel/libkernel.a(idle.c.obj)
                0x0000000080007184                idle
 .text.new_prio_for_inheritance
                0x000000008000719c       0x24 zephyr/kernel/libkernel.a(mutex.c.obj)
 .text.adjust_owner_prio
                0x00000000800071c0       0x30 zephyr/kernel/libkernel.a(mutex.c.obj)
 .text.z_impl_k_mutex_lock
                0x00000000800071f0      0x180 zephyr/kernel/libkernel.a(mutex.c.obj)
                0x00000000800071f0                z_impl_k_mutex_lock
 .text.z_impl_k_mutex_unlock
                0x0000000080007370       0xc4 zephyr/kernel/libkernel.a(mutex.c.obj)
                0x0000000080007370                z_impl_k_mutex_unlock
 .text.sliceable
                0x0000000080007434       0x60 zephyr/kernel/libkernel.a(sched.c.obj)
 .text.thread_active_elsewhere
                0x0000000080007494        0xc zephyr/kernel/libkernel.a(sched.c.obj)
 .text.pended_on_thread
                0x00000000800074a0        0xc zephyr/kernel/libkernel.a(sched.c.obj)
 .text.add_thread_timeout
                0x00000000800074ac       0x40 zephyr/kernel/libkernel.a(sched.c.obj)
 .text.z_sched_prio_cmp
                0x00000000800074ec       0x20 zephyr/kernel/libkernel.a(sched.c.obj)
                0x00000000800074ec                z_sched_prio_cmp
 .text.z_reset_time_slice
                0x000000008000750c       0x54 zephyr/kernel/libkernel.a(sched.c.obj)
                0x000000008000750c                z_reset_time_slice
 .text.k_sched_time_slice_set
                0x0000000080007560       0xbc zephyr/kernel/libkernel.a(sched.c.obj)
                0x0000000080007560                k_sched_time_slice_set
 .text.k_sched_lock
                0x000000008000761c       0x3c zephyr/kernel/libkernel.a(sched.c.obj)
                0x000000008000761c                k_sched_lock
 .text.z_swap_next_thread
                0x0000000080007658       0x14 zephyr/kernel/libkernel.a(sched.c.obj)
                0x0000000080007658                z_swap_next_thread
 .text.z_swap_irqlock
                0x000000008000766c       0x8c zephyr/kernel/libkernel.a(sched.c.obj)
 .text.z_reschedule_irqlock
                0x00000000800076f8       0x38 zephyr/kernel/libkernel.a(sched.c.obj)
                0x00000000800076f8                z_reschedule_irqlock
 .text.z_swap   0x0000000080007730       0x98 zephyr/kernel/libkernel.a(sched.c.obj)
 .text.z_reschedule
                0x00000000800077c8       0x4c zephyr/kernel/libkernel.a(sched.c.obj)
                0x00000000800077c8                z_reschedule
 .text.z_get_next_switch_handle
                0x0000000080007814       0x24 zephyr/kernel/libkernel.a(sched.c.obj)
                0x0000000080007814                z_get_next_switch_handle
 .text.z_priq_dumb_remove
                0x0000000080007838       0x20 zephyr/kernel/libkernel.a(sched.c.obj)
                0x0000000080007838                z_priq_dumb_remove
 .text.unpend_thread_no_timeout
                0x0000000080007858       0x40 zephyr/kernel/libkernel.a(sched.c.obj)
 .text.z_priq_dumb_best
                0x0000000080007898       0x1c zephyr/kernel/libkernel.a(sched.c.obj)
                0x0000000080007898                z_priq_dumb_best
 .text.update_cache
                0x00000000800078b4       0xac zephyr/kernel/libkernel.a(sched.c.obj)
 .text.move_thread_to_end_of_prio_q
                0x0000000080007960      0x10c zephyr/kernel/libkernel.a(sched.c.obj)
 .text.slice_expired_locked
                0x0000000080007a6c       0x5c zephyr/kernel/libkernel.a(sched.c.obj)
 .text.z_time_slice
                0x0000000080007ac8       0xa4 zephyr/kernel/libkernel.a(sched.c.obj)
                0x0000000080007ac8                z_time_slice
 .text.ready_thread
                0x0000000080007b6c       0xfc zephyr/kernel/libkernel.a(sched.c.obj)
 .text.z_ready_thread
                0x0000000080007c68       0x60 zephyr/kernel/libkernel.a(sched.c.obj)
                0x0000000080007c68                z_ready_thread
 .text.z_sched_start
                0x0000000080007cc8       0x58 zephyr/kernel/libkernel.a(sched.c.obj)
                0x0000000080007cc8                z_sched_start
 .text.z_thread_timeout
                0x0000000080007d20       0x90 zephyr/kernel/libkernel.a(sched.c.obj)
                0x0000000080007d20                z_thread_timeout
 .text.unpend_all
                0x0000000080007db0       0x58 zephyr/kernel/libkernel.a(sched.c.obj)
 .text.unready_thread
                0x0000000080007e08       0x68 zephyr/kernel/libkernel.a(sched.c.obj)
 .text.add_to_waitq_locked
                0x0000000080007e70       0xb8 zephyr/kernel/libkernel.a(sched.c.obj)
 .text.pend     0x0000000080007f28       0x88 zephyr/kernel/libkernel.a(sched.c.obj)
 .text.z_pend_curr
                0x0000000080007fb0       0x58 zephyr/kernel/libkernel.a(sched.c.obj)
                0x0000000080007fb0                z_pend_curr
 .text.z_set_prio
                0x0000000080008008      0x150 zephyr/kernel/libkernel.a(sched.c.obj)
                0x0000000080008008                z_set_prio
 .text.k_sched_unlock
                0x0000000080008158       0x64 zephyr/kernel/libkernel.a(sched.c.obj)
                0x0000000080008158                k_sched_unlock
 .text.end_thread
                0x00000000800081bc       0x9c zephyr/kernel/libkernel.a(sched.c.obj)
 .text.z_unpend_first_thread
                0x0000000080008258       0x78 zephyr/kernel/libkernel.a(sched.c.obj)
                0x0000000080008258                z_unpend_first_thread
 .text.init_ready_q
                0x00000000800082d0       0x14 zephyr/kernel/libkernel.a(sched.c.obj)
                0x00000000800082d0                init_ready_q
 .text.z_sched_init
                0x00000000800082e4       0x30 zephyr/kernel/libkernel.a(sched.c.obj)
                0x00000000800082e4                z_sched_init
 .text.z_impl_z_current_get
                0x0000000080008314       0x14 zephyr/kernel/libkernel.a(sched.c.obj)
                0x0000000080008314                z_impl_z_current_get
 .text.z_thread_abort
                0x0000000080008328       0xa8 zephyr/kernel/libkernel.a(sched.c.obj)
                0x0000000080008328                z_thread_abort
 .text.z_impl_k_thread_abort
                0x00000000800083d0       0x1c zephyr/kernel/libkernel.a(sched.c.obj)
                0x00000000800083d0                z_impl_k_thread_abort
 .text.first    0x00000000800083ec       0x1c zephyr/kernel/libkernel.a(timeout.c.obj)
 .text.next     0x0000000080008408       0x24 zephyr/kernel/libkernel.a(timeout.c.obj)
 .text.remove_timeout
                0x000000008000842c       0x6c zephyr/kernel/libkernel.a(timeout.c.obj)
 .text.elapsed  0x0000000080008498       0x30 zephyr/kernel/libkernel.a(timeout.c.obj)
 .text.next_timeout
                0x00000000800084c8       0x90 zephyr/kernel/libkernel.a(timeout.c.obj)
 .text.z_add_timeout
                0x0000000080008558      0x1d0 zephyr/kernel/libkernel.a(timeout.c.obj)
                0x0000000080008558                z_add_timeout
 .text.z_abort_timeout
                0x0000000080008728       0x6c zephyr/kernel/libkernel.a(timeout.c.obj)
                0x0000000080008728                z_abort_timeout
 .text.z_set_timeout_expiry
                0x0000000080008794       0x9c zephyr/kernel/libkernel.a(timeout.c.obj)
                0x0000000080008794                z_set_timeout_expiry
 .text.sys_clock_announce
                0x0000000080008830      0x154 zephyr/kernel/libkernel.a(timeout.c.obj)
                0x0000000080008830                sys_clock_announce
 .text.boot_banner
                0x0000000080008984       0x34 zephyr/kernel/libkernel.a(banner.c.obj)
                0x0000000080008984                boot_banner
 .text._OffsetAbsSyms
                0x00000000800089b8        0x8 zephyr/CMakeFiles/offsets.dir/./arch/riscv/core/offsets/offsets.c.obj
                0x00000000800089b8                _OffsetAbsSyms
 *(SORT_BY_ALIGNMENT(.gnu.linkonce.t.*))
                0x00000000800089c0                __text_region_end = .
                0x00000000800089c0                __rodata_region_start = .

initlevel       0x00000000800089c0       0x28
                0x00000000800089c0                __init_start = .
                0x00000000800089c0                __init_PRE_KERNEL_1_start = .
 *(SORT_BY_NAME(SORT_BY_ALIGNMENT(.z_init_PRE_KERNEL_1[0-9]_*)))
 *(SORT_BY_NAME(SORT_BY_ALIGNMENT(.z_init_PRE_KERNEL_1[1-9][0-9]_*)))
 .z_init_PRE_KERNEL_140_
                0x00000000800089c0        0x8 zephyr/drivers/interrupt_controller/libdrivers__interrupt_controller.a(intc_plic.c.obj)
 .z_init_PRE_KERNEL_150_
                0x00000000800089c8        0x8 zephyr/drivers/serial/libdrivers__serial.a(uart_ns16550.c.obj)
 .z_init_PRE_KERNEL_160_
                0x00000000800089d0        0x8 zephyr/drivers/console/libdrivers__console.a(uart_console.c.obj)
                0x00000000800089d8                __init_PRE_KERNEL_2_start = .
 *(SORT_BY_NAME(SORT_BY_ALIGNMENT(.z_init_PRE_KERNEL_2[0-9]_*)))
 .z_init_PRE_KERNEL_20_
                0x00000000800089d8        0x8 zephyr/drivers/timer/libdrivers__timer.a(riscv_machine_timer.c.obj)
 *(SORT_BY_NAME(SORT_BY_ALIGNMENT(.z_init_PRE_KERNEL_2[1-9][0-9]_*)))
                0x00000000800089e0                __init_POST_KERNEL_start = .
 *(SORT_BY_NAME(SORT_BY_ALIGNMENT(.z_init_POST_KERNEL[0-9]_*)))
 *(SORT_BY_NAME(SORT_BY_ALIGNMENT(.z_init_POST_KERNEL[1-9][0-9]_*)))
 .z_init_POST_KERNEL40_
                0x00000000800089e0        0x8 zephyr/lib/libc/newlib/liblib__libc__newlib.a(libc-hooks.c.obj)
                0x00000000800089e8                __init_APPLICATION_start = .
 *(SORT_BY_NAME(SORT_BY_ALIGNMENT(.z_init_APPLICATION[0-9]_*)))
 *(SORT_BY_NAME(SORT_BY_ALIGNMENT(.z_init_APPLICATION[1-9][0-9]_*)))
                0x00000000800089e8                __init_SMP_start = .
 *(SORT_BY_NAME(SORT_BY_ALIGNMENT(.z_init_SMP[0-9]_*)))
 *(SORT_BY_NAME(SORT_BY_ALIGNMENT(.z_init_SMP[1-9][0-9]_*)))
                0x00000000800089e8                __init_end = .

devices         0x00000000800089e8       0x18
                0x00000000800089e8                __device_start = .
                0x00000000800089e8                __device_PRE_KERNEL_1_start = .
 *(SORT_BY_NAME(SORT_BY_ALIGNMENT(.z_device_PRE_KERNEL_1[0-9]_*)))
 *(SORT_BY_NAME(SORT_BY_ALIGNMENT(.z_device_PRE_KERNEL_1[1-9][0-9]_*)))
 .z_device_PRE_KERNEL_150_
                0x00000000800089e8       0x18 zephyr/drivers/serial/libdrivers__serial.a(uart_ns16550.c.obj)
                0x00000000800089e8                __device_dts_ord_11
                0x0000000080008a00                __device_PRE_KERNEL_2_start = .
 *(SORT_BY_NAME(SORT_BY_ALIGNMENT(.z_device_PRE_KERNEL_2[0-9]_*)))
 *(SORT_BY_NAME(SORT_BY_ALIGNMENT(.z_device_PRE_KERNEL_2[1-9][0-9]_*)))
                0x0000000080008a00                __device_POST_KERNEL_start = .
 *(SORT_BY_NAME(SORT_BY_ALIGNMENT(.z_device_POST_KERNEL[0-9]_*)))
 *(SORT_BY_NAME(SORT_BY_ALIGNMENT(.z_device_POST_KERNEL[1-9][0-9]_*)))
                0x0000000080008a00                __device_APPLICATION_start = .
 *(SORT_BY_NAME(SORT_BY_ALIGNMENT(.z_device_APPLICATION[0-9]_*)))
 *(SORT_BY_NAME(SORT_BY_ALIGNMENT(.z_device_APPLICATION[1-9][0-9]_*)))
                0x0000000080008a00                __device_SMP_start = .
 *(SORT_BY_NAME(SORT_BY_ALIGNMENT(.z_device_SMP[0-9]_*)))
 *(SORT_BY_NAME(SORT_BY_ALIGNMENT(.z_device_SMP[1-9][0-9]_*)))
                0x0000000080008a00                __device_end = .

sw_isr_table    0x0000000080008a00      0x200
                0x0000000080008a00                . = ALIGN (0x4)
 *(SORT_BY_ALIGNMENT(.gnu.linkonce.sw_isr_table*))
 .gnu.linkonce.sw_isr_table
                0x0000000080008a00      0x200 zephyr/CMakeFiles/zephyr_final.dir/isr_tables.c.obj
                0x0000000080008a00                _sw_isr_table

initlevel_error
                0x00000000800089c0        0x0
 *(SORT_BY_NAME(SORT_BY_ALIGNMENT(.z_init_[_A-Z0-9]*)))
                0x0000000000000001                ASSERT ((SIZEOF (initlevel_error) == 0x0), Undefined initialization levels used.)

app_shmem_regions
                0x0000000080008c00        0x0
                0x0000000080008c00                __app_shmem_regions_start = .
 *(SORT_BY_NAME(SORT_BY_ALIGNMENT(.app_regions.*)))
                0x0000000080008c00                __app_shmem_regions_end = .

k_p4wq_initparam_area
                0x0000000080008c00        0x0
                0x0000000080008c00                _k_p4wq_initparam_list_start = .
 *(SORT_BY_NAME(SORT_BY_ALIGNMENT(._k_p4wq_initparam.static.*)))
                0x0000000080008c00                _k_p4wq_initparam_list_end = .

_static_thread_data_area
                0x0000000080008c00        0x0
                0x0000000080008c00                __static_thread_data_list_start = .
 *(SORT_BY_NAME(SORT_BY_ALIGNMENT(.__static_thread_data.static.*)))
                0x0000000080008c00                __static_thread_data_list_end = .

device_handles  0x0000000080008c00        0x6
                0x0000000080008c00                __device_handles_start = .
 *(SORT_BY_NAME(SORT_BY_ALIGNMENT(.__device_handles_pass2*)))
 .__device_handles_pass2
                0x0000000080008c00        0x6 zephyr/CMakeFiles/zephyr_final.dir/dev_handles.c.obj
                0x0000000080008c00                __devicehdl_dts_ord_11
                0x0000000080008c06                __device_handles_end = .

ztest           0x0000000080008c06        0x0
                0x0000000080008c06                _ztest_expected_result_entry_list_start = .
 *(SORT_BY_NAME(SORT_BY_ALIGNMENT(._ztest_expected_result_entry.static.*)))
                0x0000000080008c06                _ztest_expected_result_entry_list_end = .
                0x0000000080008c06                _ztest_suite_node_list_start = .
 *(SORT_BY_NAME(SORT_BY_ALIGNMENT(._ztest_suite_node.static.*)))
                0x0000000080008c06                _ztest_suite_node_list_end = .
                0x0000000080008c06                _ztest_unit_test_list_start = .
 *(SORT_BY_NAME(SORT_BY_ALIGNMENT(._ztest_unit_test.static.*)))
                0x0000000080008c06                _ztest_unit_test_list_end = .
                0x0000000080008c06                _ztest_test_rule_list_start = .
 *(SORT_BY_NAME(SORT_BY_ALIGNMENT(._ztest_test_rule.static.*)))
                0x0000000080008c06                _ztest_test_rule_list_end = .

bt_l2cap_fixed_chan_area
                0x0000000080008c06        0x0
                0x0000000080008c06                _bt_l2cap_fixed_chan_list_start = .
 *(SORT_BY_NAME(SORT_BY_ALIGNMENT(._bt_l2cap_fixed_chan.static.*)))
                0x0000000080008c06                _bt_l2cap_fixed_chan_list_end = .

bt_gatt_service_static_area
                0x0000000080008c06        0x0
                0x0000000080008c06                _bt_gatt_service_static_list_start = .
 *(SORT_BY_NAME(SORT_BY_ALIGNMENT(._bt_gatt_service_static.static.*)))
                0x0000000080008c06                _bt_gatt_service_static_list_end = .

log_strings_sections
                0x0000000080008c06        0x0
                0x0000000080008c06                __log_strings_start = .
 *(SORT_BY_NAME(SORT_BY_ALIGNMENT(.log_strings*)))
                0x0000000080008c06                __log_strings_end = .

log_const_sections
                0x0000000080008c06        0x0
                0x0000000080008c06                __log_const_start = .
 *(SORT_BY_NAME(SORT_BY_ALIGNMENT(.log_const_*)))
                0x0000000080008c06                __log_const_end = .

log_backend_area
                0x0000000080008c06        0x0
                0x0000000080008c06                _log_backend_list_start = .
 *(SORT_BY_NAME(SORT_BY_ALIGNMENT(._log_backend.static.*)))
                0x0000000080008c06                _log_backend_list_end = .

tracing_backend_area
                0x0000000080008c06        0x0
                0x0000000080008c06                _tracing_backend_list_start = .
 *(SORT_BY_NAME(SORT_BY_ALIGNMENT(._tracing_backend.static.*)))
                0x0000000080008c06                _tracing_backend_list_end = .

zephyr_dbg_info
 *(SORT_BY_ALIGNMENT(.dbg_thread_info))

symbol_to_keep  0x0000000080008c06        0x0
                0x0000000080008c06                __symbol_to_keep_start = .
 *(SORT_BY_NAME(SORT_BY_ALIGNMENT(.symbol_to_keep*)))
                0x0000000080008c06                __symbol_to_keep_end = .

shell_area      0x0000000080008c06        0x0
                0x0000000080008c06                _shell_list_start = .
 *(SORT_BY_NAME(SORT_BY_ALIGNMENT(._shell.static.*)))
                0x0000000080008c06                _shell_list_end = .

shell_root_cmds_sections
                0x0000000080008c06        0x0
                0x0000000080008c06                __shell_root_cmds_start = .
 *(SORT_BY_NAME(SORT_BY_ALIGNMENT(.shell_root_cmd_*)))
                0x0000000080008c06                __shell_root_cmds_end = .

shell_subcmds_sections
                0x0000000080008c06        0x0
                0x0000000080008c06                __shell_subcmds_start = .
 *(SORT_BY_NAME(SORT_BY_ALIGNMENT(.shell_subcmd_*)))
                0x0000000080008c06                __shell_subcmds_end = .

shell_dynamic_subcmds_sections
                0x0000000080008c06        0x0
                0x0000000080008c06                __shell_dynamic_subcmds_start = .
 *(SORT_BY_NAME(SORT_BY_ALIGNMENT(.shell_dynamic_subcmd_*)))
                0x0000000080008c06                __shell_dynamic_subcmds_end = .

font_entry_sections
                0x0000000080008c06        0x0
                0x0000000080008c06                __font_entry_start = .
 *(SORT_BY_NAME(SORT_BY_ALIGNMENT(._cfb_font.*)))
                0x0000000080008c06                __font_entry_end = .

rodata          0x0000000080008c08     0x114c
                0x0000000080008c08                . = ALIGN (0x4)
 *(SORT_BY_ALIGNMENT(.srodata))
 .srodata       0x0000000080008c08        0x4 /opt/toolchains/zephyr-sdk-0.15.1/riscv64-zephyr-elf/riscv64-zephyr-elf/lib/./libc_nano.a(lib_a-impure.o)
                0x0000000080008c08                _global_impure_ptr
 *(SORT_BY_ALIGNMENT(.srodata.*))
 *(SORT_BY_ALIGNMENT(.rodata))
 .rodata        0x0000000080008c0c      0x100 /opt/toolchains/zephyr-sdk-0.15.1/riscv64-zephyr-elf/bin/../lib/gcc/riscv64-zephyr-elf/12.1.0/libgcc.a(_clz.o)
                0x0000000080008c0c                __clz_tab
 .rodata        0x0000000080008d0c      0x101 /opt/toolchains/zephyr-sdk-0.15.1/riscv64-zephyr-elf/riscv64-zephyr-elf/lib/./libc_nano.a(lib_a-ctype_.o)
                0x0000000080008d0c                _ctype_
 *fill*         0x0000000080008e0d        0x3 
 .rodata        0x0000000080008e10       0x84 /opt/toolchains/zephyr-sdk-0.15.1/riscv64-zephyr-elf/riscv64-zephyr-elf/lib/./libc_nano.a(lib_a-nano-vfprintf_i.o)
 *(SORT_BY_ALIGNMENT(.rodata.*))
 .rodata.dummy_function.str1.4
                0x0000000080008e94       0x10 app/libapp.a(ripe_attack_generator.c.obj)
 .rodata.shellcode_target.str1.4
                0x0000000080008ea4       0x2b app/libapp.a(ripe_attack_generator.c.obj)
 *fill*         0x0000000080008ecf        0x1 
 .rodata.ret2libc_target.str1.4
                0x0000000080008ed0       0x25 app/libapp.a(ripe_attack_generator.c.obj)
 *fill*         0x0000000080008ef5        0x3 
 .rodata.rop_target.str1.4
                0x0000000080008ef8       0x20 app/libapp.a(ripe_attack_generator.c.obj)
 .rodata.print_current_test_parameters.str1.4
                0x0000000080008f18       0x5a app/libapp.a(ripe_attack_generator.c.obj)
 *fill*         0x0000000080008f72        0x2 
 .rodata.build_payload.str1.4
                0x0000000080008f74       0x61 app/libapp.a(ripe_attack_generator.c.obj)
 *fill*         0x0000000080008fd5        0x3 
 .rodata.set_low_buf.str1.4
                0x0000000080008fd8       0x16 app/libapp.a(ripe_attack_generator.c.obj)
 *fill*         0x0000000080008fee        0x2 
 .rodata.dop_target.str1.4
                0x0000000080008ff0       0x3d app/libapp.a(ripe_attack_generator.c.obj)
 *fill*         0x000000008000902d        0x3 
 .rodata.data_leak.str1.4
                0x0000000080009030        0x3 app/libapp.a(ripe_attack_generator.c.obj)
                                          0x6 (size before relaxing)
 *fill*         0x0000000080009033        0x1 
 .rodata.hex_to_string.str1.4
                0x0000000080009034        0x4 app/libapp.a(ripe_attack_generator.c.obj)
 .rodata.build_shellcode.str1.4
                0x0000000080009038       0xbd app/libapp.a(ripe_attack_generator.c.obj)
 *fill*         0x00000000800090f5        0x3 
 .rodata.perform_attack.str1.4
                0x00000000800090f8      0x1d2 app/libapp.a(ripe_attack_generator.c.obj)
                                        0x1d6 (size before relaxing)
 *fill*         0x00000000800092ca        0x2 
 .rodata.perform_attack
                0x00000000800092cc      0x10c app/libapp.a(ripe_attack_generator.c.obj)
 .rodata.is_attack_possible.str1.4
                0x00000000800093d8      0x3b8 app/libapp.a(ripe_attack_generator.c.obj)
 .rodata.main.str1.4
                0x0000000080009790       0x39 app/libapp.a(ripe_attack_generator.c.obj)
 *fill*         0x00000000800097c9        0x3 
 .rodata.str1.4
                0x00000000800097cc      0x20d app/libapp.a(ripe_attack_generator.c.obj)
                                        0x21d (size before relaxing)
 *fill*         0x00000000800099d9        0x3 
 .rodata.extract_flags
                0x00000000800099dc       0x44 zephyr/libzephyr.a(cbprintf_complete.c.obj)
 .rodata.extract_length
                0x0000000080009a20       0xbc zephyr/libzephyr.a(cbprintf_complete.c.obj)
 .rodata.store_count
                0x0000000080009adc       0x20 zephyr/libzephyr.a(cbprintf_complete.c.obj)
 .rodata.z_cbvprintf_impl.str1.4
                0x0000000080009afc        0x6 zephyr/libzephyr.a(cbprintf_complete.c.obj)
 *fill*         0x0000000080009b02        0x2 
 .rodata.z_cbvprintf_impl
                0x0000000080009b04      0x150 zephyr/libzephyr.a(cbprintf_complete.c.obj)
 .rodata._exit.str1.4
                0x0000000080009c54        0x6 zephyr/lib/libc/newlib/liblib__libc__newlib.a(libc-hooks.c.obj)
 *fill*         0x0000000080009c5a        0x2 
 .rodata.chk_fail_msg.0
                0x0000000080009c5c       0x1e zephyr/lib/libc/newlib/liblib__libc__newlib.a(libc-hooks.c.obj)
 *fill*         0x0000000080009c7a        0x2 
 .rodata.str1.4
                0x0000000080009c7c        0xe zephyr/drivers/serial/libdrivers__serial.a(uart_ns16550.c.obj)
 *fill*         0x0000000080009c8a        0x2 
 .rodata.uart_ns16550_dev_cfg_0
                0x0000000080009c8c       0x14 zephyr/drivers/serial/libdrivers__serial.a(uart_ns16550.c.obj)
 .rodata.uart_ns16550_driver_api
                0x0000000080009ca0       0x14 zephyr/drivers/serial/libdrivers__serial.a(uart_ns16550.c.obj)
 .rodata.levels.0
                0x0000000080009cb4       0x14 zephyr/kernel/libkernel.a(device.c.obj)
 .rodata.prepare_multithreading.str1.4
                0x0000000080009cc8        0x5 zephyr/kernel/libkernel.a(init.c.obj)
 *fill*         0x0000000080009ccd        0x3 
 .rodata.boot_banner.str1.4
                0x0000000080009cd0       0x47 zephyr/kernel/libkernel.a(banner.c.obj)
                                         0x4b (size before relaxing)
 *fill*         0x0000000080009d17        0x1 
 .rodata.str1.4
                0x0000000080009d18       0x13 /opt/toolchains/zephyr-sdk-0.15.1/riscv64-zephyr-elf/riscv64-zephyr-elf/lib/./libc_nano.a(lib_a-nano-svfprintf.o)
 *fill*         0x0000000080009d2b        0x1 
 .rodata.str1.4
                0x0000000080009d2c       0x25 /opt/toolchains/zephyr-sdk-0.15.1/riscv64-zephyr-elf/riscv64-zephyr-elf/lib/./libc_nano.a(lib_a-nano-vfprintf_i.o)
 *(SORT_BY_ALIGNMENT(.gnu.linkonce.r.*))
 *(SORT_BY_ALIGNMENT(.sdata2) SORT_BY_ALIGNMENT(.sdata2.*) SORT_BY_ALIGNMENT(.gnu.linkonce.s2.*))
                0x0000000080009d54                . = ALIGN (0x4)
 *fill*         0x0000000080009d51        0x3 
                0x0000000080009d54                __rodata_region_end = .
                0x0000000080009d54                __rom_region_end = .
                0x0000000000009d54                __rom_region_size = (__rom_region_end - __rom_region_start)
                0x0000000080000000                . = 0x80000000
                0x0000000080000000                _image_ram_start = .

bss             0x0000000080009d58      0x524
                0x0000000080009d58                . = ALIGN (0x4)
                0x0000000080009d58                __bss_start = .
                0x0000000080009d58                __kernel_ram_start = .
 *(SORT_BY_ALIGNMENT(.sbss))
 .sbss          0x0000000080009d58        0x8 /opt/toolchains/zephyr-sdk-0.15.1/riscv64-zephyr-elf/riscv64-zephyr-elf/lib/./libc_nano.a(lib_a-nano-mallocr.o)
                0x0000000080009d58                __malloc_sbrk_start
                0x0000000080009d5c                __malloc_free_list
 .sbss          0x0000000080009d60        0x4 /opt/toolchains/zephyr-sdk-0.15.1/riscv64-zephyr-elf/riscv64-zephyr-elf/lib/./libc_nano.a(lib_a-reent.o)
                0x0000000080009d60                errno
 *(SORT_BY_ALIGNMENT(.sbss.*))
 *fill*         0x0000000080009d64        0x4 
 .sbss.last_count
                0x0000000080009d68        0x8 zephyr/drivers/timer/libdrivers__timer.a(riscv_machine_timer.c.obj)
 .sbss.curr_tick
                0x0000000080009d70        0x8 zephyr/kernel/libkernel.a(timeout.c.obj)
 .sbss.bss_func_ptr.1
                0x0000000080009d78        0x4 app/libapp.a(ripe_attack_generator.c.obj)
 .sbss.bss_mem_ptr.2
                0x0000000080009d7c        0x4 app/libapp.a(ripe_attack_generator.c.obj)
 .sbss.bss_mem_ptr_aux.3
                0x0000000080009d80        0x4 app/libapp.a(ripe_attack_generator.c.obj)
 .sbss.bss_flag.4
                0x0000000080009d84        0x4 app/libapp.a(ripe_attack_generator.c.obj)
 .sbss.riscv_cpu_sp
                0x0000000080009d88        0x4 zephyr/arch/arch/riscv/core/libarch__riscv__core.a(smp.c.obj)
                0x0000000080009d88                riscv_cpu_sp
 .sbss.riscv_cpu_wake_flag
                0x0000000080009d8c        0x4 zephyr/arch/arch/riscv/core/libarch__riscv__core.a(smp.c.obj)
                0x0000000080009d8c                riscv_cpu_wake_flag
 .sbss.riscv_cpu_init
                0x0000000080009d90        0x8 zephyr/arch/arch/riscv/core/libarch__riscv__core.a(smp.c.obj)
                0x0000000080009d90                riscv_cpu_init
 .sbss.heap_sz  0x0000000080009d98        0x4 zephyr/lib/libc/newlib/liblib__libc__newlib.a(libc-hooks.c.obj)
 .sbss.save_irq
                0x0000000080009d9c        0x4 zephyr/drivers/interrupt_controller/libdrivers__interrupt_controller.a(intc_plic.c.obj)
 .sbss.slice_max_prio
                0x0000000080009da0        0x4 zephyr/kernel/libkernel.a(sched.c.obj)
 .sbss.slice_ticks
                0x0000000080009da4        0x4 zephyr/kernel/libkernel.a(sched.c.obj)
 .sbss.announce_remaining
                0x0000000080009da8        0x4 zephyr/kernel/libkernel.a(timeout.c.obj)
 .sbss.z_sys_post_kernel
                0x0000000080009dac        0x1 zephyr/kernel/libkernel.a(init.c.obj)
                0x0000000080009dac                z_sys_post_kernel
 *(SORT_BY_ALIGNMENT(.bss))
 *(SORT_BY_ALIGNMENT(.bss.*))
 *fill*         0x0000000080009dad        0x3 
 .bss.bss_jmp_buffer.0
                0x0000000080009db0      0x130 app/libapp.a(ripe_attack_generator.c.obj)
 .bss.z_idle_threads
                0x0000000080009ee0       0x88 zephyr/kernel/libkernel.a(init.c.obj)
                0x0000000080009ee0                z_idle_threads
 .bss.z_main_thread
                0x0000000080009f68       0x88 zephyr/kernel/libkernel.a(init.c.obj)
                0x0000000080009f68                z_main_thread
 .bss.bss_struct.5
                0x0000000080009ff0      0x104 app/libapp.a(ripe_attack_generator.c.obj)
 .bss.bss_secret.6
                0x000000008000a0f4       0x20 app/libapp.a(ripe_attack_generator.c.obj)
 .bss.bss_buffer.7
                0x000000008000a114      0x100 app/libapp.a(ripe_attack_generator.c.obj)
 .bss.attack    0x000000008000a214       0x14 app/libapp.a(ripe_attack_generator.c.obj)
 .bss.shellcode_nonop
                0x000000008000a228       0x30 app/libapp.a(ripe_attack_generator.c.obj)
                0x000000008000a228                shellcode_nonop
 .bss._kernel   0x000000008000a258       0x24 zephyr/kernel/libkernel.a(init.c.obj)
                0x000000008000a258                _kernel
 .bss.lock      0x000000008000a27c        0x0 zephyr/kernel/libkernel.a(mutex.c.obj)
 .bss.sched_spinlock
                0x000000008000a27c        0x0 zephyr/kernel/libkernel.a(sched.c.obj)
                0x000000008000a27c                sched_spinlock
 *(SORT_BY_ALIGNMENT(COMMON))
                0x000000008000a27c                __bss_end = ALIGN (0x4)

noinit          0x000000008000a280     0x2400
 *(SORT_BY_ALIGNMENT(.noinit))
 *(SORT_BY_ALIGNMENT(.noinit.*))
 .noinit."WEST_TOPDIR/zephyr/kernel/init.c".2
                0x000000008000a280     0x1000 zephyr/kernel/libkernel.a(init.c.obj)
                0x000000008000a280                z_interrupt_stacks
 .noinit."WEST_TOPDIR/zephyr/kernel/init.c".1
                0x000000008000b280      0x400 zephyr/kernel/libkernel.a(init.c.obj)
 .noinit."WEST_TOPDIR/zephyr/kernel/init.c".0
                0x000000008000b680     0x1000 zephyr/kernel/libkernel.a(init.c.obj)
                0x000000008000b680                z_main_stack

datas           0x000000008000c680      0x8f0
                0x000000008000c680                . = ALIGN (0x4)
                0x000000008000c680                __data_region_start = .
                0x000000008000c680                __data_start = .
 *(SORT_BY_ALIGNMENT(.data))
 .data          0x000000008000c680      0x290 /opt/toolchains/zephyr-sdk-0.15.1/riscv64-zephyr-elf/riscv64-zephyr-elf/lib/./libc_nano.a(lib_a-impure.o)
 *(SORT_BY_ALIGNMENT(.data.*))
 .data.data_jmp_buffer
                0x000000008000c910      0x130 app/libapp.a(ripe_attack_generator.c.obj)
 .data.data_mem_ptr
                0x000000008000ca40      0x100 app/libapp.a(ripe_attack_generator.c.obj)
 .data.data_mem_ptr_aux
                0x000000008000cb40      0x100 app/libapp.a(ripe_attack_generator.c.obj)
 .data.data_secret
                0x000000008000cc40       0x20 app/libapp.a(ripe_attack_generator.c.obj)
 .data.data_buffer1
                0x000000008000cc60      0x100 app/libapp.a(ripe_attack_generator.c.obj)
 .data.data_struct
                0x000000008000cd60      0x104 app/libapp.a(ripe_attack_generator.c.obj)
 .data.bin4b    0x000000008000ce64       0x40 app/libapp.a(ripe_attack_generator.c.obj)
                0x000000008000ce64                bin4b
 .data.opt_funcs
                0x000000008000cea4       0x24 app/libapp.a(ripe_attack_generator.c.obj)
                0x000000008000cea4                opt_funcs
 .data.opt_locations
                0x000000008000cec8       0x10 app/libapp.a(ripe_attack_generator.c.obj)
                0x000000008000cec8                opt_locations
 .data.opt_code_ptrs
                0x000000008000ced8       0x48 app/libapp.a(ripe_attack_generator.c.obj)
                0x000000008000ced8                opt_code_ptrs
 .data.opt_inject_params
                0x000000008000cf20       0x10 app/libapp.a(ripe_attack_generator.c.obj)
                0x000000008000cf20                opt_inject_params
 .data.uart_ns16550_dev_data_0
                0x000000008000cf30        0xc zephyr/drivers/serial/libdrivers__serial.a(uart_ns16550.c.obj)
                0x000000008000cf40                . = ALIGN (0x8)
 *fill*         0x000000008000cf3c        0x4 
                0x000000008000d740                PROVIDE (__global_pointer$ = (. + 0x800))
 *(SORT_BY_ALIGNMENT(.sdata) SORT_BY_ALIGNMENT(.sdata.*) SORT_BY_ALIGNMENT(.gnu.linkonce.s.*))
 .sdata.data_func_ptr
                0x000000008000cf40        0x4 app/libapp.a(ripe_attack_generator.c.obj)
 .sdata.data_flag
                0x000000008000cf44        0x4 app/libapp.a(ripe_attack_generator.c.obj)
 .sdata.data_buffer2
                0x000000008000cf48        0x8 app/libapp.a(ripe_attack_generator.c.obj)
 .sdata.dop_dest
                0x000000008000cf50        0x4 app/libapp.a(ripe_attack_generator.c.obj)
                0x000000008000cf50                dop_dest
 .sdata.opt_techniques
                0x000000008000cf54        0x8 app/libapp.a(ripe_attack_generator.c.obj)
                0x000000008000cf54                opt_techniques
 .sdata._char_out
                0x000000008000cf5c        0x4 zephyr/libzephyr.a(printk.c.obj)
                0x000000008000cf5c                _char_out
 .sdata._stdout_hook
                0x000000008000cf60        0x4 zephyr/lib/libc/newlib/liblib__libc__newlib.a(libc-hooks.c.obj)
 .sdata.timeout_list
                0x000000008000cf64        0x8 zephyr/kernel/libkernel.a(timeout.c.obj)
 .sdata         0x000000008000cf6c        0x4 /opt/toolchains/zephyr-sdk-0.15.1/riscv64-zephyr-elf/riscv64-zephyr-elf/lib/./libc_nano.a(lib_a-impure.o)
                0x000000008000cf6c                _impure_ptr
                0x000000008000cf70                __data_end = .
                0x00000000000008f0                __data_size = (__data_end - __data_start)
                0x000000008000c680                __data_load_start = LOADADDR (datas)
                0x000000008000c680                __data_region_load_start = LOADADDR (datas)

device_states   0x000000008000cf70        0x4
                0x000000008000cf70                __device_states_start = .
 *(SORT_BY_ALIGNMENT(.z_devstate))
 .z_devstate    0x000000008000cf70        0x4 zephyr/drivers/serial/libdrivers__serial.a(uart_ns16550.c.obj)
 *(SORT_BY_ALIGNMENT(.z_devstate.*))
                0x000000008000cf74                __device_states_end = .

initshell       0x000000008000cf74        0x0
                0x000000008000cf74                __shell_module_start = .
 *(SORT_BY_ALIGNMENT(.shell_module_*))
                0x000000008000cf74                __shell_module_end = .
                0x000000008000cf74                __shell_cmd_start = .
 *(SORT_BY_ALIGNMENT(.shell_cmd_*))
                0x000000008000cf74                __shell_cmd_end = .

log_dynamic_sections
                0x000000008000cf74        0x0
                0x000000008000cf74                __log_dynamic_start = .
 *(SORT_BY_NAME(SORT_BY_ALIGNMENT(.log_dynamic_*)))
                0x000000008000cf74                __log_dynamic_end = .

k_timer_area    0x000000008000cf74        0x0
                0x000000008000cf74                _k_timer_list_start = .
 *(SORT_BY_NAME(SORT_BY_ALIGNMENT(._k_timer.static.*)))
                0x000000008000cf74                _k_timer_list_end = .

k_mem_slab_area
                0x000000008000cf74        0x0
                0x000000008000cf74                _k_mem_slab_list_start = .
 *(SORT_BY_NAME(SORT_BY_ALIGNMENT(._k_mem_slab.static.*)))
                0x000000008000cf74                _k_mem_slab_list_end = .

k_heap_area     0x000000008000cf74        0x0
                0x000000008000cf74                _k_heap_list_start = .
 *(SORT_BY_NAME(SORT_BY_ALIGNMENT(._k_heap.static.*)))
                0x000000008000cf74                _k_heap_list_end = .

k_mutex_area    0x000000008000cf74       0x14
                0x000000008000cf74                _k_mutex_list_start = .
 *(SORT_BY_NAME(SORT_BY_ALIGNMENT(._k_mutex.static.*)))
 ._k_mutex.static.__lock___malloc_recursive_mutex
                0x000000008000cf74       0x14 zephyr/lib/libc/newlib/liblib__libc__newlib.a(libc-hooks.c.obj)
                0x000000008000cf74                __lock___malloc_recursive_mutex
                0x000000008000cf88                _k_mutex_list_end = .

k_stack_area    0x000000008000cf88        0x0
                0x000000008000cf88                _k_stack_list_start = .
 *(SORT_BY_NAME(SORT_BY_ALIGNMENT(._k_stack.static.*)))
                0x000000008000cf88                _k_stack_list_end = .

k_msgq_area     0x000000008000cf88        0x0
                0x000000008000cf88                _k_msgq_list_start = .
 *(SORT_BY_NAME(SORT_BY_ALIGNMENT(._k_msgq.static.*)))
                0x000000008000cf88                _k_msgq_list_end = .

k_mbox_area     0x000000008000cf88        0x0
                0x000000008000cf88                _k_mbox_list_start = .
 *(SORT_BY_NAME(SORT_BY_ALIGNMENT(._k_mbox.static.*)))
                0x000000008000cf88                _k_mbox_list_end = .

k_pipe_area     0x000000008000cf88        0x0
                0x000000008000cf88                _k_pipe_list_start = .
 *(SORT_BY_NAME(SORT_BY_ALIGNMENT(._k_pipe.static.*)))
                0x000000008000cf88                _k_pipe_list_end = .

k_sem_area      0x000000008000cf88        0x0
                0x000000008000cf88                _k_sem_list_start = .
 *(SORT_BY_NAME(SORT_BY_ALIGNMENT(._k_sem.static.*)))
                0x000000008000cf88                _k_sem_list_end = .

k_event_area    0x000000008000cf88        0x0
                0x000000008000cf88                _k_event_list_start = .
 *(SORT_BY_NAME(SORT_BY_ALIGNMENT(._k_event.static.*)))
                0x000000008000cf88                _k_event_list_end = .

k_queue_area    0x000000008000cf88        0x0
                0x000000008000cf88                _k_queue_list_start = .
 *(SORT_BY_NAME(SORT_BY_ALIGNMENT(._k_queue.static.*)))
                0x000000008000cf88                _k_queue_list_end = .

k_condvar_area  0x000000008000cf88        0x0
                0x000000008000cf88                _k_condvar_list_start = .
 *(SORT_BY_NAME(SORT_BY_ALIGNMENT(._k_condvar.static.*)))
                0x000000008000cf88                _k_condvar_list_end = .

_net_buf_pool_area
                0x000000008000cf88        0x0
                0x000000008000cf88                _net_buf_pool_list = .
 *(SORT_BY_NAME(SORT_BY_ALIGNMENT(._net_buf_pool.static.*)))
                0x000000008000cf88                __data_region_end = .
                0x000000008000cf88                _image_ram_end = .
                0x000000008000cf88                _end = .
                0x000000008000cf88                __kernel_ram_end = .
                0x0000000000003230                __kernel_ram_size = (__kernel_ram_end - __kernel_ram_start)

/DISCARD/
 *(SORT_BY_ALIGNMENT(.irq_info*))
 *(SORT_BY_ALIGNMENT(.intList*))

.stab
 *(SORT_BY_ALIGNMENT(.stab))

.stabstr
 *(SORT_BY_ALIGNMENT(.stabstr))

.stab.excl
 *(SORT_BY_ALIGNMENT(.stab.excl))

.stab.exclstr
 *(SORT_BY_ALIGNMENT(.stab.exclstr))

.stab.index
 *(SORT_BY_ALIGNMENT(.stab.index))

.stab.indexstr
 *(SORT_BY_ALIGNMENT(.stab.indexstr))

.gnu.build.attributes
 *(SORT_BY_ALIGNMENT(.gnu.build.attributes) SORT_BY_ALIGNMENT(.gnu.build.attributes.*))

.comment        0x0000000000000000       0x20
 *(SORT_BY_ALIGNMENT(.comment))
 .comment       0x0000000000000000       0x20 zephyr/CMakeFiles/zephyr_final.dir/dev_handles.c.obj
                                         0x21 (size before relaxing)
 .comment       0x0000000000000020       0x21 zephyr/CMakeFiles/zephyr_final.dir/isr_tables.c.obj
 .comment       0x0000000000000020       0x21 app/libapp.a(ripe_attack_generator.c.obj)
 .comment       0x0000000000000020       0x21 zephyr/libzephyr.a(printk.c.obj)
 .comment       0x0000000000000020       0x21 zephyr/libzephyr.a(thread_entry.c.obj)
 .comment       0x0000000000000020       0x21 zephyr/libzephyr.a(cbprintf_complete.c.obj)
 .comment       0x0000000000000020       0x21 zephyr/libzephyr.a(configs.c.obj)
 .comment       0x0000000000000020       0x21 zephyr/libzephyr.a(idle.c.obj)
 .comment       0x0000000000000020       0x21 zephyr/libzephyr.a(soc_common_irq.c.obj)
 .comment       0x0000000000000020       0x21 zephyr/libzephyr.a(tracing_none.c.obj)
 .comment       0x0000000000000020       0x21 zephyr/arch/arch/riscv/core/libarch__riscv__core.a(fatal.c.obj)
 .comment       0x0000000000000020       0x21 zephyr/arch/arch/riscv/core/libarch__riscv__core.a(irq_manage.c.obj)
 .comment       0x0000000000000020       0x21 zephyr/arch/arch/riscv/core/libarch__riscv__core.a(prep_c.c.obj)
 .comment       0x0000000000000020       0x21 zephyr/arch/arch/riscv/core/libarch__riscv__core.a(smp.c.obj)
 .comment       0x0000000000000020       0x21 zephyr/arch/arch/riscv/core/libarch__riscv__core.a(thread.c.obj)
 .comment       0x0000000000000020       0x21 zephyr/lib/libc/newlib/liblib__libc__newlib.a(libc-hooks.c.obj)
 .comment       0x0000000000000020       0x21 zephyr/drivers/interrupt_controller/libdrivers__interrupt_controller.a(intc_plic.c.obj)
 .comment       0x0000000000000020       0x21 zephyr/drivers/console/libdrivers__console.a(uart_console.c.obj)
 .comment       0x0000000000000020       0x21 zephyr/drivers/serial/libdrivers__serial.a(uart_ns16550.c.obj)
 .comment       0x0000000000000020       0x21 zephyr/drivers/timer/libdrivers__timer.a(riscv_machine_timer.c.obj)
 .comment       0x0000000000000020       0x21 zephyr/kernel/libkernel.a(device.c.obj)
 .comment       0x0000000000000020       0x21 zephyr/kernel/libkernel.a(fatal.c.obj)
 .comment       0x0000000000000020       0x21 zephyr/kernel/libkernel.a(init.c.obj)
 .comment       0x0000000000000020       0x21 zephyr/kernel/libkernel.a(thread.c.obj)
 .comment       0x0000000000000020       0x21 zephyr/kernel/libkernel.a(idle.c.obj)
 .comment       0x0000000000000020       0x21 zephyr/kernel/libkernel.a(mutex.c.obj)
 .comment       0x0000000000000020       0x21 zephyr/kernel/libkernel.a(sched.c.obj)
 .comment       0x0000000000000020       0x21 zephyr/kernel/libkernel.a(timeout.c.obj)
 .comment       0x0000000000000020       0x21 zephyr/kernel/libkernel.a(banner.c.obj)
 .comment       0x0000000000000020       0x21 zephyr/CMakeFiles/offsets.dir/./arch/riscv/core/offsets/offsets.c.obj
 .comment       0x0000000000000020       0x21 /opt/toolchains/zephyr-sdk-0.15.1/riscv64-zephyr-elf/riscv64-zephyr-elf/lib/./libc_nano.a(lib_a-ctype_.o)
 .comment       0x0000000000000020       0x21 /opt/toolchains/zephyr-sdk-0.15.1/riscv64-zephyr-elf/riscv64-zephyr-elf/lib/./libc_nano.a(lib_a-exit.o)
 .comment       0x0000000000000020       0x21 /opt/toolchains/zephyr-sdk-0.15.1/riscv64-zephyr-elf/riscv64-zephyr-elf/lib/./libc_nano.a(lib_a-impure.o)
 .comment       0x0000000000000020       0x21 /opt/toolchains/zephyr-sdk-0.15.1/riscv64-zephyr-elf/riscv64-zephyr-elf/lib/./libc_nano.a(lib_a-malloc.o)
 .comment       0x0000000000000020       0x21 /opt/toolchains/zephyr-sdk-0.15.1/riscv64-zephyr-elf/riscv64-zephyr-elf/lib/./libc_nano.a(lib_a-memcpy.o)
 .comment       0x0000000000000020       0x21 /opt/toolchains/zephyr-sdk-0.15.1/riscv64-zephyr-elf/riscv64-zephyr-elf/lib/./libc_nano.a(lib_a-nano-freer.o)
 .comment       0x0000000000000020       0x21 /opt/toolchains/zephyr-sdk-0.15.1/riscv64-zephyr-elf/riscv64-zephyr-elf/lib/./libc_nano.a(lib_a-nano-mallocr.o)
 .comment       0x0000000000000020       0x21 /opt/toolchains/zephyr-sdk-0.15.1/riscv64-zephyr-elf/riscv64-zephyr-elf/lib/./libc_nano.a(lib_a-sbrkr.o)
 .comment       0x0000000000000020       0x21 /opt/toolchains/zephyr-sdk-0.15.1/riscv64-zephyr-elf/riscv64-zephyr-elf/lib/./libc_nano.a(lib_a-snprintf.o)
 .comment       0x0000000000000020       0x21 /opt/toolchains/zephyr-sdk-0.15.1/riscv64-zephyr-elf/riscv64-zephyr-elf/lib/./libc_nano.a(lib_a-strcat_chk.o)
 .comment       0x0000000000000020       0x21 /opt/toolchains/zephyr-sdk-0.15.1/riscv64-zephyr-elf/riscv64-zephyr-elf/lib/./libc_nano.a(lib_a-strcat.o)
 .comment       0x0000000000000020       0x21 /opt/toolchains/zephyr-sdk-0.15.1/riscv64-zephyr-elf/riscv64-zephyr-elf/lib/./libc_nano.a(lib_a-strcpy_chk.o)
 .comment       0x0000000000000020       0x21 /opt/toolchains/zephyr-sdk-0.15.1/riscv64-zephyr-elf/riscv64-zephyr-elf/lib/./libc_nano.a(lib_a-strcpy.o)
 .comment       0x0000000000000020       0x21 /opt/toolchains/zephyr-sdk-0.15.1/riscv64-zephyr-elf/riscv64-zephyr-elf/lib/./libc_nano.a(lib_a-strlen.o)
 .comment       0x0000000000000020       0x21 /opt/toolchains/zephyr-sdk-0.15.1/riscv64-zephyr-elf/riscv64-zephyr-elf/lib/./libc_nano.a(lib_a-strncat_chk.o)
 .comment       0x0000000000000020       0x21 /opt/toolchains/zephyr-sdk-0.15.1/riscv64-zephyr-elf/riscv64-zephyr-elf/lib/./libc_nano.a(lib_a-strncat.o)
 .comment       0x0000000000000020       0x21 /opt/toolchains/zephyr-sdk-0.15.1/riscv64-zephyr-elf/riscv64-zephyr-elf/lib/./libc_nano.a(lib_a-strncpy.o)
 .comment       0x0000000000000020       0x21 /opt/toolchains/zephyr-sdk-0.15.1/riscv64-zephyr-elf/riscv64-zephyr-elf/lib/./libc_nano.a(lib_a-strnlen.o)
 .comment       0x0000000000000020       0x21 /opt/toolchains/zephyr-sdk-0.15.1/riscv64-zephyr-elf/riscv64-zephyr-elf/lib/./libc_nano.a(lib_a-strtoul.o)
 .comment       0x0000000000000020       0x21 /opt/toolchains/zephyr-sdk-0.15.1/riscv64-zephyr-elf/riscv64-zephyr-elf/lib/./libc_nano.a(lib_a-mlock.o)
 .comment       0x0000000000000020       0x21 /opt/toolchains/zephyr-sdk-0.15.1/riscv64-zephyr-elf/riscv64-zephyr-elf/lib/./libc_nano.a(lib_a-nano-svfprintf.o)
 .comment       0x0000000000000020       0x21 /opt/toolchains/zephyr-sdk-0.15.1/riscv64-zephyr-elf/riscv64-zephyr-elf/lib/./libc_nano.a(lib_a-nano-vfprintf_i.o)
 .comment       0x0000000000000020       0x21 /opt/toolchains/zephyr-sdk-0.15.1/riscv64-zephyr-elf/riscv64-zephyr-elf/lib/./libc_nano.a(lib_a-reent.o)
 .comment       0x0000000000000020       0x21 /opt/toolchains/zephyr-sdk-0.15.1/riscv64-zephyr-elf/riscv64-zephyr-elf/lib/./libc_nano.a(lib_a-memchr.o)
 .comment       0x0000000000000020       0x21 /opt/toolchains/zephyr-sdk-0.15.1/riscv64-zephyr-elf/riscv64-zephyr-elf/lib/./libc_nano.a(lib_a-memmove-stub.o)
 .comment       0x0000000000000020       0x21 /opt/toolchains/zephyr-sdk-0.15.1/riscv64-zephyr-elf/riscv64-zephyr-elf/lib/./libc_nano.a(lib_a-nano-reallocr.o)
 .comment       0x0000000000000020       0x21 /opt/toolchains/zephyr-sdk-0.15.1/riscv64-zephyr-elf/riscv64-zephyr-elf/lib/./libc_nano.a(lib_a-nano-msizer.o)

.debug
 *(SORT_BY_ALIGNMENT(.debug))

.line
 *(SORT_BY_ALIGNMENT(.line))

.debug_srcinfo
 *(SORT_BY_ALIGNMENT(.debug_srcinfo))

.debug_sfnames
 *(SORT_BY_ALIGNMENT(.debug_sfnames))

.debug_aranges  0x0000000000000000      0xbd0
 *(SORT_BY_ALIGNMENT(.debug_aranges))
 .debug_aranges
                0x0000000000000000       0x28 zephyr/libzephyr.a(soc_irq.S.obj)
 .debug_aranges
                0x0000000000000028       0x20 zephyr/libzephyr.a(vector.S.obj)
 .debug_aranges
                0x0000000000000048       0x20 zephyr/arch/arch/riscv/core/libarch__riscv__core.a(isr.S.obj)
 .debug_aranges
                0x0000000000000068       0x28 zephyr/arch/arch/riscv/core/libarch__riscv__core.a(reset.S.obj)
 .debug_aranges
                0x0000000000000090       0x20 zephyr/arch/arch/riscv/core/libarch__riscv__core.a(switch.S.obj)
 .debug_aranges
                0x00000000000000b0       0x18 zephyr/CMakeFiles/zephyr_final.dir/dev_handles.c.obj
 .debug_aranges
                0x00000000000000c8       0x18 zephyr/CMakeFiles/zephyr_final.dir/isr_tables.c.obj
 .debug_aranges
                0x00000000000000e0       0xb8 app/libapp.a(ripe_attack_generator.c.obj)
 .debug_aranges
                0x0000000000000198       0x68 zephyr/libzephyr.a(printk.c.obj)
 .debug_aranges
                0x0000000000000200       0x20 zephyr/libzephyr.a(thread_entry.c.obj)
 .debug_aranges
                0x0000000000000220       0x78 zephyr/libzephyr.a(cbprintf_complete.c.obj)
 .debug_aranges
                0x0000000000000298       0x20 zephyr/libzephyr.a(configs.c.obj)
 .debug_aranges
                0x00000000000002b8       0x28 zephyr/libzephyr.a(idle.c.obj)
 .debug_aranges
                0x00000000000002e0       0x40 zephyr/libzephyr.a(soc_common_irq.c.obj)
 .debug_aranges
                0x0000000000000320       0x38 zephyr/libzephyr.a(tracing_none.c.obj)
 .debug_aranges
                0x0000000000000358       0x30 zephyr/arch/arch/riscv/core/libarch__riscv__core.a(fatal.c.obj)
 .debug_aranges
                0x0000000000000388       0x20 zephyr/arch/arch/riscv/core/libarch__riscv__core.a(irq_manage.c.obj)
 .debug_aranges
                0x00000000000003a8       0x20 zephyr/arch/arch/riscv/core/libarch__riscv__core.a(prep_c.c.obj)
 .debug_aranges
                0x00000000000003c8       0x28 zephyr/arch/arch/riscv/core/libarch__riscv__core.a(smp.c.obj)
 .debug_aranges
                0x00000000000003f0       0x20 zephyr/arch/arch/riscv/core/libarch__riscv__core.a(thread.c.obj)
 .debug_aranges
                0x0000000000000410      0x110 zephyr/lib/libc/newlib/liblib__libc__newlib.a(libc-hooks.c.obj)
 .debug_aranges
                0x0000000000000520       0x50 zephyr/drivers/interrupt_controller/libdrivers__interrupt_controller.a(intc_plic.c.obj)
 .debug_aranges
                0x0000000000000570       0x38 zephyr/drivers/console/libdrivers__console.a(uart_console.c.obj)
 .debug_aranges
                0x00000000000005a8       0x58 zephyr/drivers/serial/libdrivers__serial.a(uart_ns16550.c.obj)
 .debug_aranges
                0x0000000000000600       0x60 zephyr/drivers/timer/libdrivers__timer.a(riscv_machine_timer.c.obj)
 .debug_aranges
                0x0000000000000660       0x60 zephyr/kernel/libkernel.a(device.c.obj)
 .debug_aranges
                0x00000000000006c0       0x60 zephyr/kernel/libkernel.a(fatal.c.obj)
 .debug_aranges
                0x0000000000000720       0x68 zephyr/kernel/libkernel.a(init.c.obj)
 .debug_aranges
                0x0000000000000788       0xd0 zephyr/kernel/libkernel.a(thread.c.obj)
 .debug_aranges
                0x0000000000000858       0x28 zephyr/kernel/libkernel.a(idle.c.obj)
 .debug_aranges
                0x0000000000000880       0x40 zephyr/kernel/libkernel.a(mutex.c.obj)
 .debug_aranges
                0x00000000000008c0      0x228 zephyr/kernel/libkernel.a(sched.c.obj)
 .debug_aranges
                0x0000000000000ae8       0xa8 zephyr/kernel/libkernel.a(timeout.c.obj)
 .debug_aranges
                0x0000000000000b90       0x20 zephyr/kernel/libkernel.a(banner.c.obj)
 .debug_aranges
                0x0000000000000bb0       0x20 zephyr/CMakeFiles/offsets.dir/./arch/riscv/core/offsets/offsets.c.obj

.debug_pubnames
 *(SORT_BY_ALIGNMENT(.debug_pubnames))

.debug_info     0x0000000000000000    0x23a75
 *(SORT_BY_ALIGNMENT(.debug_info) SORT_BY_ALIGNMENT(.gnu.linkonce.wi.*))
 .debug_info    0x0000000000000000      0x14c zephyr/CMakeFiles/zephyr_final.dir/dev_handles.c.obj
 .debug_info    0x000000000000014c      0x124 zephyr/CMakeFiles/zephyr_final.dir/isr_tables.c.obj
 .debug_info    0x0000000000000270     0x1fab app/libapp.a(ripe_attack_generator.c.obj)
 .debug_info    0x000000000000221b      0x670 zephyr/libzephyr.a(printk.c.obj)
 .debug_info    0x000000000000288b      0x626 zephyr/libzephyr.a(thread_entry.c.obj)
 .debug_info    0x0000000000002eb1      0xe76 zephyr/libzephyr.a(cbprintf_complete.c.obj)
 .debug_info    0x0000000000003d27       0x38 zephyr/libzephyr.a(configs.c.obj)
 .debug_info    0x0000000000003d5f      0x17a zephyr/libzephyr.a(idle.c.obj)
 .debug_info    0x0000000000003ed9       0x22 zephyr/libzephyr.a(soc_irq.S.obj)
 .debug_info    0x0000000000003efb      0x3cd zephyr/libzephyr.a(soc_common_irq.c.obj)
 .debug_info    0x00000000000042c8       0x23 zephyr/libzephyr.a(vector.S.obj)
 .debug_info    0x00000000000042eb       0xc9 zephyr/libzephyr.a(tracing_none.c.obj)
 .debug_info    0x00000000000043b4     0x6aea zephyr/arch/arch/riscv/core/libarch__riscv__core.a(fatal.c.obj)
 .debug_info    0x000000000000ae9e     0x1228 zephyr/arch/arch/riscv/core/libarch__riscv__core.a(irq_manage.c.obj)
 .debug_info    0x000000000000c0c6       0x24 zephyr/arch/arch/riscv/core/libarch__riscv__core.a(isr.S.obj)
 .debug_info    0x000000000000c0ea       0xd4 zephyr/arch/arch/riscv/core/libarch__riscv__core.a(prep_c.c.obj)
 .debug_info    0x000000000000c1be       0x22 zephyr/arch/arch/riscv/core/libarch__riscv__core.a(reset.S.obj)
 .debug_info    0x000000000000c1e0       0x23 zephyr/arch/arch/riscv/core/libarch__riscv__core.a(switch.S.obj)
 .debug_info    0x000000000000c203      0x2ae zephyr/arch/arch/riscv/core/libarch__riscv__core.a(smp.c.obj)
 .debug_info    0x000000000000c4b1      0x72f zephyr/arch/arch/riscv/core/libarch__riscv__core.a(thread.c.obj)
 .debug_info    0x000000000000cbe0     0x1593 zephyr/lib/libc/newlib/liblib__libc__newlib.a(libc-hooks.c.obj)
 .debug_info    0x000000000000e173      0x595 zephyr/drivers/interrupt_controller/libdrivers__interrupt_controller.a(intc_plic.c.obj)
 .debug_info    0x000000000000e708      0x768 zephyr/drivers/console/libdrivers__console.a(uart_console.c.obj)
 .debug_info    0x000000000000ee70     0x1466 zephyr/drivers/serial/libdrivers__serial.a(uart_ns16550.c.obj)
 .debug_info    0x00000000000102d6      0xcf7 zephyr/drivers/timer/libdrivers__timer.a(riscv_machine_timer.c.obj)
 .debug_info    0x0000000000010fcd      0x77a zephyr/kernel/libkernel.a(device.c.obj)
 .debug_info    0x0000000000011747     0x2208 zephyr/kernel/libkernel.a(fatal.c.obj)
 .debug_info    0x000000000001394f     0x10f5 zephyr/kernel/libkernel.a(init.c.obj)
 .debug_info    0x0000000000014a44     0x2573 zephyr/kernel/libkernel.a(thread.c.obj)
 .debug_info    0x0000000000016fb7      0x222 zephyr/kernel/libkernel.a(idle.c.obj)
 .debug_info    0x00000000000171d9     0x57a6 zephyr/kernel/libkernel.a(mutex.c.obj)
 .debug_info    0x000000000001c97f     0x58a5 zephyr/kernel/libkernel.a(sched.c.obj)
 .debug_info    0x0000000000022224     0x1655 zephyr/kernel/libkernel.a(timeout.c.obj)
 .debug_info    0x0000000000023879      0x12c zephyr/kernel/libkernel.a(banner.c.obj)
 .debug_info    0x00000000000239a5       0xd0 zephyr/CMakeFiles/offsets.dir/./arch/riscv/core/offsets/offsets.c.obj

.debug_abbrev   0x0000000000000000     0x4d81
 *(SORT_BY_ALIGNMENT(.debug_abbrev))
 .debug_abbrev  0x0000000000000000       0x82 zephyr/CMakeFiles/zephyr_final.dir/dev_handles.c.obj
 .debug_abbrev  0x0000000000000082       0xd2 zephyr/CMakeFiles/zephyr_final.dir/isr_tables.c.obj
 .debug_abbrev  0x0000000000000154      0x3b5 app/libapp.a(ripe_attack_generator.c.obj)
 .debug_abbrev  0x0000000000000509      0x2e3 zephyr/libzephyr.a(printk.c.obj)
 .debug_abbrev  0x00000000000007ec      0x227 zephyr/libzephyr.a(thread_entry.c.obj)
 .debug_abbrev  0x0000000000000a13      0x2f9 zephyr/libzephyr.a(cbprintf_complete.c.obj)
 .debug_abbrev  0x0000000000000d0c       0x2e zephyr/libzephyr.a(configs.c.obj)
 .debug_abbrev  0x0000000000000d3a       0xd5 zephyr/libzephyr.a(idle.c.obj)
 .debug_abbrev  0x0000000000000e0f       0x12 zephyr/libzephyr.a(soc_irq.S.obj)
 .debug_abbrev  0x0000000000000e21      0x182 zephyr/libzephyr.a(soc_common_irq.c.obj)
 .debug_abbrev  0x0000000000000fa3       0x14 zephyr/libzephyr.a(vector.S.obj)
 .debug_abbrev  0x0000000000000fb7       0x44 zephyr/libzephyr.a(tracing_none.c.obj)
 .debug_abbrev  0x0000000000000ffb      0x22e zephyr/arch/arch/riscv/core/libarch__riscv__core.a(fatal.c.obj)
 .debug_abbrev  0x0000000000001229      0x1cc zephyr/arch/arch/riscv/core/libarch__riscv__core.a(irq_manage.c.obj)
 .debug_abbrev  0x00000000000013f5       0x14 zephyr/arch/arch/riscv/core/libarch__riscv__core.a(isr.S.obj)
 .debug_abbrev  0x0000000000001409       0x8b zephyr/arch/arch/riscv/core/libarch__riscv__core.a(prep_c.c.obj)
 .debug_abbrev  0x0000000000001494       0x12 zephyr/arch/arch/riscv/core/libarch__riscv__core.a(reset.S.obj)
 .debug_abbrev  0x00000000000014a6       0x14 zephyr/arch/arch/riscv/core/libarch__riscv__core.a(switch.S.obj)
 .debug_abbrev  0x00000000000014ba      0x195 zephyr/arch/arch/riscv/core/libarch__riscv__core.a(smp.c.obj)
 .debug_abbrev  0x000000000000164f      0x201 zephyr/arch/arch/riscv/core/libarch__riscv__core.a(thread.c.obj)
 .debug_abbrev  0x0000000000001850      0x516 zephyr/lib/libc/newlib/liblib__libc__newlib.a(libc-hooks.c.obj)
 .debug_abbrev  0x0000000000001d66      0x2c9 zephyr/drivers/interrupt_controller/libdrivers__interrupt_controller.a(intc_plic.c.obj)
 .debug_abbrev  0x000000000000202f      0x35f zephyr/drivers/console/libdrivers__console.a(uart_console.c.obj)
 .debug_abbrev  0x000000000000238e      0x402 zephyr/drivers/serial/libdrivers__serial.a(uart_ns16550.c.obj)
 .debug_abbrev  0x0000000000002790      0x38f zephyr/drivers/timer/libdrivers__timer.a(riscv_machine_timer.c.obj)
 .debug_abbrev  0x0000000000002b1f      0x354 zephyr/kernel/libkernel.a(device.c.obj)
 .debug_abbrev  0x0000000000002e73      0x3a7 zephyr/kernel/libkernel.a(fatal.c.obj)
 .debug_abbrev  0x000000000000321a      0x4df zephyr/kernel/libkernel.a(init.c.obj)
 .debug_abbrev  0x00000000000036f9      0x55e zephyr/kernel/libkernel.a(thread.c.obj)
 .debug_abbrev  0x0000000000003c57      0x13a zephyr/kernel/libkernel.a(idle.c.obj)
 .debug_abbrev  0x0000000000003d91      0x383 zephyr/kernel/libkernel.a(mutex.c.obj)
 .debug_abbrev  0x0000000000004114      0x6ad zephyr/kernel/libkernel.a(sched.c.obj)
 .debug_abbrev  0x00000000000047c1      0x492 zephyr/kernel/libkernel.a(timeout.c.obj)
 .debug_abbrev  0x0000000000004c53       0xcc zephyr/kernel/libkernel.a(banner.c.obj)
 .debug_abbrev  0x0000000000004d1f       0x62 zephyr/CMakeFiles/offsets.dir/./arch/riscv/core/offsets/offsets.c.obj

.debug_line     0x0000000000000000    0x13738
 *(SORT_BY_ALIGNMENT(.debug_line) SORT_BY_ALIGNMENT(.debug_line.*) SORT_BY_ALIGNMENT(.debug_line_end))
 .debug_line    0x0000000000000000      0x142 zephyr/CMakeFiles/zephyr_final.dir/dev_handles.c.obj
 .debug_line    0x0000000000000142      0x16f zephyr/CMakeFiles/zephyr_final.dir/isr_tables.c.obj
 .debug_line    0x00000000000002b1     0x258d app/libapp.a(ripe_attack_generator.c.obj)
 .debug_line    0x000000000000283e      0x642 zephyr/libzephyr.a(printk.c.obj)
 .debug_line    0x0000000000002e80      0x340 zephyr/libzephyr.a(thread_entry.c.obj)
 .debug_line    0x00000000000031c0     0x1c0c zephyr/libzephyr.a(cbprintf_complete.c.obj)
 .debug_line    0x0000000000004dcc      0x4ac zephyr/libzephyr.a(configs.c.obj)
 .debug_line    0x0000000000005278      0x181 zephyr/libzephyr.a(idle.c.obj)
 .debug_line    0x00000000000053f9       0xb2 zephyr/libzephyr.a(soc_irq.S.obj)
 .debug_line    0x00000000000054ab      0x4e1 zephyr/libzephyr.a(soc_common_irq.c.obj)
 .debug_line    0x000000000000598c       0x7d zephyr/libzephyr.a(vector.S.obj)
 .debug_line    0x0000000000005a09       0xef zephyr/libzephyr.a(tracing_none.c.obj)
 .debug_line    0x0000000000005af8      0x384 zephyr/arch/arch/riscv/core/libarch__riscv__core.a(fatal.c.obj)
 .debug_line    0x0000000000005e7c      0x305 zephyr/arch/arch/riscv/core/libarch__riscv__core.a(irq_manage.c.obj)
 .debug_line    0x0000000000006181      0x1eb zephyr/arch/arch/riscv/core/libarch__riscv__core.a(isr.S.obj)
 .debug_line    0x000000000000636c      0x103 zephyr/arch/arch/riscv/core/libarch__riscv__core.a(prep_c.c.obj)
 .debug_line    0x000000000000646f       0xf9 zephyr/arch/arch/riscv/core/libarch__riscv__core.a(reset.S.obj)
 .debug_line    0x0000000000006568       0x78 zephyr/arch/arch/riscv/core/libarch__riscv__core.a(switch.S.obj)
 .debug_line    0x00000000000065e0      0x34c zephyr/arch/arch/riscv/core/libarch__riscv__core.a(smp.c.obj)
 .debug_line    0x000000000000692c      0x3fb zephyr/arch/arch/riscv/core/libarch__riscv__core.a(thread.c.obj)
 .debug_line    0x0000000000006d27      0xf86 zephyr/lib/libc/newlib/liblib__libc__newlib.a(libc-hooks.c.obj)
 .debug_line    0x0000000000007cad      0x637 zephyr/drivers/interrupt_controller/libdrivers__interrupt_controller.a(intc_plic.c.obj)
 .debug_line    0x00000000000082e4      0x438 zephyr/drivers/console/libdrivers__console.a(uart_console.c.obj)
 .debug_line    0x000000000000871c      0xe59 zephyr/drivers/serial/libdrivers__serial.a(uart_ns16550.c.obj)
 .debug_line    0x0000000000009575      0x93c zephyr/drivers/timer/libdrivers__timer.a(riscv_machine_timer.c.obj)
 .debug_line    0x0000000000009eb1      0x902 zephyr/kernel/libkernel.a(device.c.obj)
 .debug_line    0x000000000000a7b3      0x64c zephyr/kernel/libkernel.a(fatal.c.obj)
 .debug_line    0x000000000000adff      0xa32 zephyr/kernel/libkernel.a(init.c.obj)
 .debug_line    0x000000000000b831      0xfb6 zephyr/kernel/libkernel.a(thread.c.obj)
 .debug_line    0x000000000000c7e7      0x2e8 zephyr/kernel/libkernel.a(idle.c.obj)
 .debug_line    0x000000000000cacf      0xaea zephyr/kernel/libkernel.a(mutex.c.obj)
 .debug_line    0x000000000000d5b9     0x4768 zephyr/kernel/libkernel.a(sched.c.obj)
 .debug_line    0x0000000000011d21     0x1617 zephyr/kernel/libkernel.a(timeout.c.obj)
 .debug_line    0x0000000000013338      0x1b8 zephyr/kernel/libkernel.a(banner.c.obj)
 .debug_line    0x00000000000134f0      0x248 zephyr/CMakeFiles/offsets.dir/./arch/riscv/core/offsets/offsets.c.obj

.debug_frame    0x0000000000000000     0x1f38
 *(SORT_BY_ALIGNMENT(.debug_frame))
 .debug_frame   0x0000000000000000      0x284 app/libapp.a(ripe_attack_generator.c.obj)
 .debug_frame   0x0000000000000284      0x108 zephyr/libzephyr.a(printk.c.obj)
 .debug_frame   0x000000000000038c       0x28 zephyr/libzephyr.a(thread_entry.c.obj)
 .debug_frame   0x00000000000003b4      0x198 zephyr/libzephyr.a(cbprintf_complete.c.obj)
 .debug_frame   0x000000000000054c       0x20 zephyr/libzephyr.a(configs.c.obj)
 .debug_frame   0x000000000000056c       0x4c zephyr/libzephyr.a(idle.c.obj)
 .debug_frame   0x00000000000005b8       0x90 zephyr/libzephyr.a(soc_common_irq.c.obj)
 .debug_frame   0x0000000000000648       0x50 zephyr/libzephyr.a(tracing_none.c.obj)
 .debug_frame   0x0000000000000698       0x50 zephyr/arch/arch/riscv/core/libarch__riscv__core.a(fatal.c.obj)
 .debug_frame   0x00000000000006e8       0x28 zephyr/arch/arch/riscv/core/libarch__riscv__core.a(irq_manage.c.obj)
 .debug_frame   0x0000000000000710       0x28 zephyr/arch/arch/riscv/core/libarch__riscv__core.a(prep_c.c.obj)
 .debug_frame   0x0000000000000738       0x38 zephyr/arch/arch/riscv/core/libarch__riscv__core.a(smp.c.obj)
 .debug_frame   0x0000000000000770       0x20 zephyr/arch/arch/riscv/core/libarch__riscv__core.a(thread.c.obj)
 .debug_frame   0x0000000000000790      0x2ec zephyr/lib/libc/newlib/liblib__libc__newlib.a(libc-hooks.c.obj)
 .debug_frame   0x0000000000000a7c       0xa0 zephyr/drivers/interrupt_controller/libdrivers__interrupt_controller.a(intc_plic.c.obj)
 .debug_frame   0x0000000000000b1c       0x84 zephyr/drivers/console/libdrivers__console.a(uart_console.c.obj)
 .debug_frame   0x0000000000000ba0       0xcc zephyr/drivers/serial/libdrivers__serial.a(uart_ns16550.c.obj)
 .debug_frame   0x0000000000000c6c      0x10c zephyr/drivers/timer/libdrivers__timer.a(riscv_machine_timer.c.obj)
 .debug_frame   0x0000000000000d78      0x110 zephyr/kernel/libkernel.a(device.c.obj)
 .debug_frame   0x0000000000000e88       0xcc zephyr/kernel/libkernel.a(fatal.c.obj)
 .debug_frame   0x0000000000000f54      0x14c zephyr/kernel/libkernel.a(init.c.obj)
 .debug_frame   0x00000000000010a0      0x248 zephyr/kernel/libkernel.a(thread.c.obj)
 .debug_frame   0x00000000000012e8       0x44 zephyr/kernel/libkernel.a(idle.c.obj)
 .debug_frame   0x000000000000132c       0xb8 zephyr/kernel/libkernel.a(mutex.c.obj)
 .debug_frame   0x00000000000013e4      0x890 zephyr/kernel/libkernel.a(sched.c.obj)
 .debug_frame   0x0000000000001c74      0x278 zephyr/kernel/libkernel.a(timeout.c.obj)
 .debug_frame   0x0000000000001eec       0x2c zephyr/kernel/libkernel.a(banner.c.obj)
 .debug_frame   0x0000000000001f18       0x20 zephyr/CMakeFiles/offsets.dir/./arch/riscv/core/offsets/offsets.c.obj

.debug_str      0x0000000000000000     0x44b6
 *(SORT_BY_ALIGNMENT(.debug_str))
 .debug_str     0x0000000000000000      0x3a1 zephyr/CMakeFiles/zephyr_final.dir/dev_handles.c.obj
                                        0x3e2 (size before relaxing)
 .debug_str     0x00000000000003a1       0x4e zephyr/CMakeFiles/zephyr_final.dir/isr_tables.c.obj
                                        0x25d (size before relaxing)
 .debug_str     0x00000000000003ef      0x8cd app/libapp.a(ripe_attack_generator.c.obj)
                                        0xdea (size before relaxing)
 .debug_str     0x0000000000000cbc      0x124 zephyr/libzephyr.a(printk.c.obj)
                                        0x51b (size before relaxing)
 .debug_str     0x0000000000000de0      0x1e4 zephyr/libzephyr.a(thread_entry.c.obj)
                                        0x4d6 (size before relaxing)
 .debug_str     0x0000000000000fc4      0x353 zephyr/libzephyr.a(cbprintf_complete.c.obj)
                                        0x638 (size before relaxing)
 .debug_str     0x0000000000001317       0x2f zephyr/libzephyr.a(configs.c.obj)
                                        0x199 (size before relaxing)
 .debug_str     0x0000000000001346       0x85 zephyr/libzephyr.a(idle.c.obj)
                                        0x28a (size before relaxing)
 .debug_str     0x00000000000013cb       0x47 zephyr/libzephyr.a(soc_irq.S.obj)
                                         0x56 (size before relaxing)
 .debug_str     0x0000000000001412      0x12f zephyr/libzephyr.a(soc_common_irq.c.obj)
                                        0x359 (size before relaxing)
 .debug_str     0x0000000000001541       0x3a zephyr/libzephyr.a(vector.S.obj)
                                         0x55 (size before relaxing)
 .debug_str     0x000000000000157b       0x75 zephyr/libzephyr.a(tracing_none.c.obj)
                                        0x289 (size before relaxing)
 .debug_str     0x00000000000015f0      0x48b zephyr/arch/arch/riscv/core/libarch__riscv__core.a(fatal.c.obj)
                                        0x739 (size before relaxing)
 .debug_str     0x0000000000001a7b       0x34 zephyr/arch/arch/riscv/core/libarch__riscv__core.a(irq_manage.c.obj)
                                        0x720 (size before relaxing)
 .debug_str     0x0000000000001aaf       0x26 zephyr/arch/arch/riscv/core/libarch__riscv__core.a(isr.S.obj)
                                         0x41 (size before relaxing)
 .debug_str     0x0000000000001ad5       0x50 zephyr/arch/arch/riscv/core/libarch__riscv__core.a(prep_c.c.obj)
                                        0x268 (size before relaxing)
 .debug_str     0x0000000000001b25       0x28 zephyr/arch/arch/riscv/core/libarch__riscv__core.a(reset.S.obj)
                                         0x43 (size before relaxing)
 .debug_str     0x0000000000001b4d       0x29 zephyr/arch/arch/riscv/core/libarch__riscv__core.a(switch.S.obj)
                                         0x44 (size before relaxing)
 .debug_str     0x0000000000001b76       0xd6 zephyr/arch/arch/riscv/core/libarch__riscv__core.a(smp.c.obj)
                                        0x4a5 (size before relaxing)
 .debug_str     0x0000000000001c4c       0x75 zephyr/arch/arch/riscv/core/libarch__riscv__core.a(thread.c.obj)
                                        0x523 (size before relaxing)